Archive member included to satisfy reference by file (symbol)

c:/st/stm32cubeide_1.9.0/stm32cubeide/plugins/com.st.stm32cube.ide.mcu.externaltools.gnu-tools-for-stm32.10.3-2021.10.win32_1.0.0.202111181127/tools/bin/../lib/gcc/arm-none-eabi/10.3.1/../../../../arm-none-eabi/lib/thumb/v7-m/nofp\libstdc++_nano.a(class_type_info.o)
                              ./Core/Inc/CRSLib/Can/Sample/src/sample.o (vtable for __cxxabiv1::__class_type_info)
c:/st/stm32cubeide_1.9.0/stm32cubeide/plugins/com.st.stm32cube.ide.mcu.externaltools.gnu-tools-for-stm32.10.3-2021.10.win32_1.0.0.202111181127/tools/bin/../lib/gcc/arm-none-eabi/10.3.1/../../../../arm-none-eabi/lib/thumb/v7-m/nofp\libstdc++_nano.a(del_ops.o)
                              ./Core/Src/CanController.o (operator delete(void*, unsigned int))
c:/st/stm32cubeide_1.9.0/stm32cubeide/plugins/com.st.stm32cube.ide.mcu.externaltools.gnu-tools-for-stm32.10.3-2021.10.win32_1.0.0.202111181127/tools/bin/../lib/gcc/arm-none-eabi/10.3.1/../../../../arm-none-eabi/lib/thumb/v7-m/nofp\libstdc++_nano.a(eh_arm.o)
                              ./Core/Src/CanController.o (__cxa_end_cleanup)
c:/st/stm32cubeide_1.9.0/stm32cubeide/plugins/com.st.stm32cube.ide.mcu.externaltools.gnu-tools-for-stm32.10.3-2021.10.win32_1.0.0.202111181127/tools/bin/../lib/gcc/arm-none-eabi/10.3.1/../../../../arm-none-eabi/lib/thumb/v7-m/nofp\libstdc++_nano.a(eh_exception.o)
                              c:/st/stm32cubeide_1.9.0/stm32cubeide/plugins/com.st.stm32cube.ide.mcu.externaltools.gnu-tools-for-stm32.10.3-2021.10.win32_1.0.0.202111181127/tools/bin/../lib/gcc/arm-none-eabi/10.3.1/../../../../arm-none-eabi/lib/thumb/v7-m/nofp\libstdc++_nano.a(eh_arm.o) (typeinfo for __cxxabiv1::__forced_unwind)
c:/st/stm32cubeide_1.9.0/stm32cubeide/plugins/com.st.stm32cube.ide.mcu.externaltools.gnu-tools-for-stm32.10.3-2021.10.win32_1.0.0.202111181127/tools/bin/../lib/gcc/arm-none-eabi/10.3.1/../../../../arm-none-eabi/lib/thumb/v7-m/nofp\libstdc++_nano.a(eh_globals.o)
                              c:/st/stm32cubeide_1.9.0/stm32cubeide/plugins/com.st.stm32cube.ide.mcu.externaltools.gnu-tools-for-stm32.10.3-2021.10.win32_1.0.0.202111181127/tools/bin/../lib/gcc/arm-none-eabi/10.3.1/../../../../arm-none-eabi/lib/thumb/v7-m/nofp\libstdc++_nano.a(eh_arm.o) (__cxa_get_globals)
c:/st/stm32cubeide_1.9.0/stm32cubeide/plugins/com.st.stm32cube.ide.mcu.externaltools.gnu-tools-for-stm32.10.3-2021.10.win32_1.0.0.202111181127/tools/bin/../lib/gcc/arm-none-eabi/10.3.1/../../../../arm-none-eabi/lib/thumb/v7-m/nofp\libstdc++_nano.a(eh_personality.o)
                              ./Core/Inc/CRSLib/Can/RM0008/Sample/src/sample.o (__gxx_personality_v0)
c:/st/stm32cubeide_1.9.0/stm32cubeide/plugins/com.st.stm32cube.ide.mcu.externaltools.gnu-tools-for-stm32.10.3-2021.10.win32_1.0.0.202111181127/tools/bin/../lib/gcc/arm-none-eabi/10.3.1/../../../../arm-none-eabi/lib/thumb/v7-m/nofp\libstdc++_nano.a(eh_terminate.o)
                              c:/st/stm32cubeide_1.9.0/stm32cubeide/plugins/com.st.stm32cube.ide.mcu.externaltools.gnu-tools-for-stm32.10.3-2021.10.win32_1.0.0.202111181127/tools/bin/../lib/gcc/arm-none-eabi/10.3.1/../../../../arm-none-eabi/lib/thumb/v7-m/nofp\libstdc++_nano.a(eh_arm.o) (std::terminate())
c:/st/stm32cubeide_1.9.0/stm32cubeide/plugins/com.st.stm32cube.ide.mcu.externaltools.gnu-tools-for-stm32.10.3-2021.10.win32_1.0.0.202111181127/tools/bin/../lib/gcc/arm-none-eabi/10.3.1/../../../../arm-none-eabi/lib/thumb/v7-m/nofp\libstdc++_nano.a(eh_unex_handler.o)
                              c:/st/stm32cubeide_1.9.0/stm32cubeide/plugins/com.st.stm32cube.ide.mcu.externaltools.gnu-tools-for-stm32.10.3-2021.10.win32_1.0.0.202111181127/tools/bin/../lib/gcc/arm-none-eabi/10.3.1/../../../../arm-none-eabi/lib/thumb/v7-m/nofp\libstdc++_nano.a(eh_terminate.o) (__cxxabiv1::__unexpected_handler)
c:/st/stm32cubeide_1.9.0/stm32cubeide/plugins/com.st.stm32cube.ide.mcu.externaltools.gnu-tools-for-stm32.10.3-2021.10.win32_1.0.0.202111181127/tools/bin/../lib/gcc/arm-none-eabi/10.3.1/../../../../arm-none-eabi/lib/thumb/v7-m/nofp\libstdc++_nano.a(new_op.o)
                              ./Core/Src/CanController.o (operator new(unsigned int))
c:/st/stm32cubeide_1.9.0/stm32cubeide/plugins/com.st.stm32cube.ide.mcu.externaltools.gnu-tools-for-stm32.10.3-2021.10.win32_1.0.0.202111181127/tools/bin/../lib/gcc/arm-none-eabi/10.3.1/../../../../arm-none-eabi/lib/thumb/v7-m/nofp\libstdc++_nano.a(pure.o)
                              c:/st/stm32cubeide_1.9.0/stm32cubeide/plugins/com.st.stm32cube.ide.mcu.externaltools.gnu-tools-for-stm32.10.3-2021.10.win32_1.0.0.202111181127/tools/bin/../lib/gcc/arm-none-eabi/10.3.1/../../../../arm-none-eabi/lib/thumb/v7-m/nofp\libstdc++_nano.a(eh_exception.o) (__cxa_pure_virtual)
[...]
Memory Configuration

Name             Origin             Length             Attributes
RAM              0x0000000020000000 0x0000000000002800 xrw
FLASH            0x0000000008000000 0x0000000000008000 xr
*default*        0x0000000000000000 0xffffffffffffffff

Linker script and memory map

LOAD c:/st/stm32cubeide_1.9.0/stm32cubeide/plugins/com.st.stm32cube.ide.mcu.externaltools.gnu-tools-for-stm32.10.3-2021.10.win32_1.0.0.202111181127/tools/bin/../lib/gcc/arm-none-eabi/10.3.1/thumb/v7-m/nofp/crti.o
LOAD c:/st/stm32cubeide_1.9.0/stm32cubeide/plugins/com.st.stm32cube.ide.mcu.externaltools.gnu-tools-for-stm32.10.3-2021.10.win32_1.0.0.202111181127/tools/bin/../lib/gcc/arm-none-eabi/10.3.1/thumb/v7-m/nofp/crtbegin.o
LOAD c:/st/stm32cubeide_1.9.0/stm32cubeide/plugins/com.st.stm32cube.ide.mcu.externaltools.gnu-tools-for-stm32.10.3-2021.10.win32_1.0.0.202111181127/tools/bin/../lib/gcc/arm-none-eabi/10.3.1/../../../../arm-none-eabi/lib/thumb/v7-m/nofp/crt0.o
LOAD ./Core/Inc/CRSLib/CMSIS/src/cmsis_for_cpp.o
LOAD ./Core/Inc/CRSLib/Can/RM0008/Sample/src/sample.o
LOAD ./Core/Inc/CRSLib/Can/Sample/src/sample.o
LOAD ./Core/Src/CanController.o
LOAD ./Core/Src/MotorController.o
LOAD ./Core/Src/Parameters.o
LOAD ./Core/Src/led_process.o
LOAD ./Core/Src/main.o
LOAD ./Core/Src/stm32f1xx_hal_msp.o
LOAD ./Core/Src/stm32f1xx_it.o
LOAD ./Core/Src/syscalls.o
LOAD ./Core/Src/sysmem.o
LOAD ./Core/Src/system_stm32f1xx.o
LOAD ./Core/Src/wrapper.o
LOAD ./Core/Startup/startup_stm32f103c6tx.o
LOAD ./Drivers/STM32F1xx_HAL_Driver/Src/stm32f1xx_hal.o
LOAD ./Drivers/STM32F1xx_HAL_Driver/Src/stm32f1xx_hal_can.o
LOAD ./Drivers/STM32F1xx_HAL_Driver/Src/stm32f1xx_hal_cortex.o
LOAD ./Drivers/STM32F1xx_HAL_Driver/Src/stm32f1xx_hal_dma.o
LOAD ./Drivers/STM32F1xx_HAL_Driver/Src/stm32f1xx_hal_exti.o
LOAD ./Drivers/STM32F1xx_HAL_Driver/Src/stm32f1xx_hal_flash.o
LOAD ./Drivers/STM32F1xx_HAL_Driver/Src/stm32f1xx_hal_flash_ex.o
LOAD ./Drivers/STM32F1xx_HAL_Driver/Src/stm32f1xx_hal_gpio.o
LOAD ./Drivers/STM32F1xx_HAL_Driver/Src/stm32f1xx_hal_gpio_ex.o
LOAD ./Drivers/STM32F1xx_HAL_Driver/Src/stm32f1xx_hal_pwr.o
LOAD ./Drivers/STM32F1xx_HAL_Driver/Src/stm32f1xx_hal_rcc.o
LOAD ./Drivers/STM32F1xx_HAL_Driver/Src/stm32f1xx_hal_rcc_ex.o
LOAD ./Drivers/STM32F1xx_HAL_Driver/Src/stm32f1xx_hal_tim.o
LOAD ./Drivers/STM32F1xx_HAL_Driver/Src/stm32f1xx_hal_tim_ex.o
START GROUP
LOAD c:/st/stm32cubeide_1.9.0/stm32cubeide/plugins/com.st.stm32cube.ide.mcu.externaltools.gnu-tools-for-stm32.10.3-2021.10.win32_1.0.0.202111181127/tools/bin/../lib/gcc/arm-none-eabi/10.3.1/../../../../arm-none-eabi/lib/thumb/v7-m/nofp\libstdc++_nano.a
LOAD c:/st/stm32cubeide_1.9.0/stm32cubeide/plugins/com.st.stm32cube.ide.mcu.externaltools.gnu-tools-for-stm32.10.3-2021.10.win32_1.0.0.202111181127/tools/bin/../lib/gcc/arm-none-eabi/10.3.1/../../../../arm-none-eabi/lib/thumb/v7-m/nofp\libsupc++_nano.a
END GROUP
LOAD c:/st/stm32cubeide_1.9.0/stm32cubeide/plugins/com.st.stm32cube.ide.mcu.externaltools.gnu-tools-for-stm32.10.3-2021.10.win32_1.0.0.202111181127/tools/bin/../lib/gcc/arm-none-eabi/10.3.1/../../../../arm-none-eabi/lib/thumb/v7-m/nofp\libstdc++_nano.a
LOAD c:/st/stm32cubeide_1.9.0/stm32cubeide/plugins/com.st.stm32cube.ide.mcu.externaltools.gnu-tools-for-stm32.10.3-2021.10.win32_1.0.0.202111181127/tools/bin/../lib/gcc/arm-none-eabi/10.3.1/../../../../arm-none-eabi/lib/thumb/v7-m/nofp\libm.a
LOAD c:/st/stm32cubeide_1.9.0/stm32cubeide/plugins/com.st.stm32cube.ide.mcu.externaltools.gnu-tools-for-stm32.10.3-2021.10.win32_1.0.0.202111181127/tools/bin/../lib/gcc/arm-none-eabi/10.3.1/../../../../arm-none-eabi/lib/thumb/v7-m/nofp\libc_nano.a
START GROUP
LOAD c:/st/stm32cubeide_1.9.0/stm32cubeide/plugins/com.st.stm32cube.ide.mcu.externaltools.gnu-tools-for-stm32.10.3-2021.10.win32_1.0.0.202111181127/tools/bin/../lib/gcc/arm-none-eabi/10.3.1/thumb/v7-m/nofp\libgcc.a
LOAD c:/st/stm32cubeide_1.9.0/stm32cubeide/plugins/com.st.stm32cube.ide.mcu.externaltools.gnu-tools-for-stm32.10.3-2021.10.win32_1.0.0.202111181127/tools/bin/../lib/gcc/arm-none-eabi/10.3.1/../../../../arm-none-eabi/lib/thumb/v7-m/nofp\libc_nano.a
END GROUP
START GROUP
LOAD c:/st/stm32cubeide_1.9.0/stm32cubeide/plugins/com.st.stm32cube.ide.mcu.externaltools.gnu-tools-for-stm32.10.3-2021.10.win32_1.0.0.202111181127/tools/bin/../lib/gcc/arm-none-eabi/10.3.1/thumb/v7-m/nofp\libgcc.a
LOAD c:/st/stm32cubeide_1.9.0/stm32cubeide/plugins/com.st.stm32cube.ide.mcu.externaltools.gnu-tools-for-stm32.10.3-2021.10.win32_1.0.0.202111181127/tools/bin/../lib/gcc/arm-none-eabi/10.3.1/../../../../arm-none-eabi/lib/thumb/v7-m/nofp\libc_nano.a
LOAD c:/st/stm32cubeide_1.9.0/stm32cubeide/plugins/com.st.stm32cube.ide.mcu.externaltools.gnu-tools-for-stm32.10.3-2021.10.win32_1.0.0.202111181127/tools/bin/../lib/gcc/arm-none-eabi/10.3.1/../../../../arm-none-eabi/lib/thumb/v7-m/nofp\libnosys.a
END GROUP
START GROUP
LOAD c:/st/stm32cubeide_1.9.0/stm32cubeide/plugins/com.st.stm32cube.ide.mcu.externaltools.gnu-tools-for-stm32.10.3-2021.10.win32_1.0.0.202111181127/tools/bin/../lib/gcc/arm-none-eabi/10.3.1/thumb/v7-m/nofp\libgcc.a
LOAD c:/st/stm32cubeide_1.9.0/stm32cubeide/plugins/com.st.stm32cube.ide.mcu.externaltools.gnu-tools-for-stm32.10.3-2021.10.win32_1.0.0.202111181127/tools/bin/../lib/gcc/arm-none-eabi/10.3.1/../../../../arm-none-eabi/lib/thumb/v7-m/nofp\libc_nano.a
LOAD c:/st/stm32cubeide_1.9.0/stm32cubeide/plugins/com.st.stm32cube.ide.mcu.externaltools.gnu-tools-for-stm32.10.3-2021.10.win32_1.0.0.202111181127/tools/bin/../lib/gcc/arm-none-eabi/10.3.1/../../../../arm-none-eabi/lib/thumb/v7-m/nofp\libnosys.a
END GROUP
LOAD c:/st/stm32cubeide_1.9.0/stm32cubeide/plugins/com.st.stm32cube.ide.mcu.externaltools.gnu-tools-for-stm32.10.3-2021.10.win32_1.0.0.202111181127/tools/bin/../lib/gcc/arm-none-eabi/10.3.1/thumb/v7-m/nofp/crtend.o
LOAD c:/st/stm32cubeide_1.9.0/stm32cubeide/plugins/com.st.stm32cube.ide.mcu.externaltools.gnu-tools-for-stm32.10.3-2021.10.win32_1.0.0.202111181127/tools/bin/../lib/gcc/arm-none-eabi/10.3.1/thumb/v7-m/nofp/crtn.o
                0x0000000020002800                _estack = (ORIGIN (RAM) + LENGTH (RAM))
                0x0000000000000200                _Min_Heap_Size = 0x200
                0x0000000000000400                _Min_Stack_Size = 0x400

.isr_vector     0x0000000008000000      0x10c
                0x0000000008000000                . = ALIGN (0x4)
 *(.isr_vector)
 .isr_vector    0x0000000008000000      0x10c ./Core/Startup/startup_stm32f103c6tx.o
                0x0000000008000000                g_pfnVectors
                0x000000000800010c                . = ALIGN (0x4)

.text           0x000000000800010c     0x6584
                0x000000000800010c                . = ALIGN (0x4)
 *(.text)
 .text          0x000000000800010c       0x40 c:/st/stm32cubeide_1.9.0/stm32cubeide/plugins/com.st.stm32cube.ide.mcu.externaltools.gnu-tools-for-stm32.10.3-2021.10.win32_1.0.0.202111181127/tools/bin/../lib/gcc/arm-none-eabi/10.3.1/thumb/v7-m/nofp/crtbegin.o
 .text          0x000000000800014c       0x14 c:/st/stm32cubeide_1.9.0/stm32cubeide/plugins/com.st.stm32cube.ide.mcu.externaltools.gnu-tools-for-stm32.10.3-2021.10.win32_1.0.0.202111181127/tools/bin/../lib/gcc/arm-none-eabi/10.3.1/../../../../arm-none-eabi/lib/thumb/v7-m/nofp\libc_nano.a(lib_a-strcmp.o)
                0x000000000800014c                strcmp
 .text          0x0000000008000160      0x21c c:/st/stm32cubeide_1.9.0/stm32cubeide/plugins/com.st.stm32cube.ide.mcu.externaltools.gnu-tools-for-stm32.10.3-2021.10.win32_1.0.0.202111181127/tools/bin/../lib/gcc/arm-none-eabi/10.3.1/thumb/v7-m/nofp\libgcc.a(_arm_addsubsf3.o)
                0x0000000008000160                __aeabi_frsub
                0x0000000008000168                __subsf3
                0x0000000008000168                __aeabi_fsub
                0x000000000800016c                __aeabi_fadd
                0x000000000800016c                __addsf3
                0x00000000080002cc                __aeabi_ui2f
                0x00000000080002cc                __floatunsisf
                0x00000000080002d4                __aeabi_i2f
                0x00000000080002d4                __floatsisf
                0x00000000080002f0                __aeabi_ul2f
                0x00000000080002f0                __floatundisf
                0x0000000008000300                __aeabi_l2f
                0x0000000008000300                __floatdisf
 .text          0x000000000800037c      0x2a0 c:/st/stm32cubeide_1.9.0/stm32cubeide/plugins/com.st.stm32cube.ide.mcu.externaltools.gnu-tools-for-stm32.10.3-2021.10.win32_1.0.0.202111181127/tools/bin/../lib/gcc/arm-none-eabi/10.3.1/thumb/v7-m/nofp\libgcc.a(_arm_muldivsf3.o)
                0x000000000800037c                __mulsf3
                0x000000000800037c                __aeabi_fmul
                0x00000000080004e4                __aeabi_fdiv
                0x00000000080004e4                __divsf3
 .text          0x000000000800061c       0xec c:/st/stm32cubeide_1.9.0/stm32cubeide/plugins/com.st.stm32cube.ide.mcu.externaltools.gnu-tools-for-stm32.10.3-2021.10.win32_1.0.0.202111181127/tools/bin/../lib/gcc/arm-none-eabi/10.3.1/thumb/v7-m/nofp\libgcc.a(_arm_cmpsf2.o)
                0x000000000800061c                __gesf2
                0x000000000800061c                __gtsf2
                0x0000000008000624                __lesf2
                0x0000000008000624                __ltsf2
                0x000000000800062c                __nesf2
                0x000000000800062c                __eqsf2
                0x000000000800062c                __cmpsf2
                0x000000000800068c                __aeabi_cfrcmple
                0x0000000008000694                __aeabi_cfcmpeq
                0x0000000008000694                __aeabi_cfcmple
                0x00000000080006a4                __aeabi_fcmpeq
                0x00000000080006b8                __aeabi_fcmplt
                0x00000000080006cc                __aeabi_fcmple
                0x00000000080006e0                __aeabi_fcmpge
                0x00000000080006f4                __aeabi_fcmpgt
 .text          0x0000000008000708       0x4c c:/st/stm32cubeide_1.9.0/stm32cubeide/plugins/com.st.stm32cube.ide.mcu.externaltools.gnu-tools-for-stm32.10.3-2021.10.win32_1.0.0.202111181127/tools/bin/../lib/gcc/arm-none-eabi/10.3.1/thumb/v7-m/nofp\libgcc.a(_arm_fixsfsi.o)
                0x0000000008000708                __aeabi_f2iz
                0x0000000008000708                __fixsfsi
 .text          0x0000000008000754       0x40 c:/st/stm32cubeide_1.9.0/stm32cubeide/plugins/com.st.stm32cube.ide.mcu.externaltools.gnu-tools-for-stm32.10.3-2021.10.win32_1.0.0.202111181127/tools/bin/../lib/gcc/arm-none-eabi/10.3.1/thumb/v7-m/nofp\libgcc.a(_arm_fixunssfsi.o)
                0x0000000008000754                __fixunssfsi
                0x0000000008000754                __aeabi_f2uiz
 .text          0x0000000008000794      0x9e4 c:/st/stm32cubeide_1.9.0/stm32cubeide/plugins/com.st.stm32cube.ide.mcu.externaltools.gnu-tools-for-stm32.10.3-2021.10.win32_1.0.0.202111181127/tools/bin/../lib/gcc/arm-none-eabi/10.3.1/thumb/v7-m/nofp\libgcc.a(unwind-arm.o)
                0x0000000008000a54                _Unwind_GetCFA
                0x0000000008000a58                __gnu_Unwind_RaiseException
                0x0000000008000ac0                __gnu_Unwind_ForcedUnwind
                0x0000000008000ad4                __gnu_Unwind_Resume
                0x0000000008000b18                __gnu_Unwind_Resume_or_Rethrow
                0x0000000008000b2c                _Unwind_Complete
                0x0000000008000b30                _Unwind_DeleteException
                0x0000000008000b3c                _Unwind_VRS_Get
                0x0000000008000b88                _Unwind_VRS_Set
                0x0000000008000bd0                __gnu_Unwind_Backtrace
                0x0000000008000ef8                __aeabi_unwind_cpp_pr0
                0x0000000008000efc                __aeabi_unwind_cpp_pr1
                0x0000000008000f00                __aeabi_unwind_cpp_pr2
                0x0000000008000f04                _Unwind_VRS_Pop
 .text          0x0000000008001178      0x1ac c:/st/stm32cubeide_1.9.0/stm32cubeide/plugins/com.st.stm32cube.ide.mcu.externaltools.gnu-tools-for-stm32.10.3-2021.10.win32_1.0.0.202111181127/tools/bin/../lib/gcc/arm-none-eabi/10.3.1/thumb/v7-m/nofp\libgcc.a(libunwind.o)
                0x0000000008001178                __restore_core_regs
                0x0000000008001178                restore_core_regs
                0x0000000008001190                __gnu_Unwind_Restore_VFP
                0x0000000008001198                __gnu_Unwind_Save_VFP
                0x00000000080011a0                __gnu_Unwind_Restore_VFP_D
                0x00000000080011a8                __gnu_Unwind_Save_VFP_D
                0x00000000080011b0                __gnu_Unwind_Restore_VFP_D_16_to_31
                0x00000000080011b8                __gnu_Unwind_Save_VFP_D_16_to_31
                0x00000000080011c0                __gnu_Unwind_Restore_WMMXD
                0x0000000008001204                __gnu_Unwind_Save_WMMXD
                0x0000000008001248                __gnu_Unwind_Restore_WMMXC
                0x000000000800125c                __gnu_Unwind_Save_WMMXC
                0x0000000008001270                ___Unwind_RaiseException
                0x0000000008001270                _Unwind_RaiseException
                0x0000000008001294                _Unwind_Resume
                0x0000000008001294                ___Unwind_Resume
                0x00000000080012b8                _Unwind_Resume_or_Rethrow
                0x00000000080012b8                ___Unwind_Resume_or_Rethrow
                0x00000000080012dc                _Unwind_ForcedUnwind
                0x00000000080012dc                ___Unwind_ForcedUnwind
                0x0000000008001300                ___Unwind_Backtrace
                0x0000000008001300                _Unwind_Backtrace
 .text          0x0000000008001324      0x38c c:/st/stm32cubeide_1.9.0/stm32cubeide/plugins/com.st.stm32cube.ide.mcu.externaltools.gnu-tools-for-stm32.10.3-2021.10.win32_1.0.0.202111181127/tools/bin/../lib/gcc/arm-none-eabi/10.3.1/thumb/v7-m/nofp\libgcc.a(pr-support.o)
                0x000000000800137c                __gnu_unwind_execute
                0x0000000008001660                __gnu_unwind_frame
                0x0000000008001690                _Unwind_GetRegionStart
                0x000000000800169c                _Unwind_GetLanguageSpecificData
 *(.text*)
 .text._ZSt13move_backwardIPhS0_ET0_T_S2_S1_.isra.0
                0x00000000080016b0       0x10 ./Core/Inc/CRSLib/Can/RM0008/Sample/src/sample.o
 .text._ZN6CRSLib3Can6RM000813FilterManager9Implement16FilterManagerImp19convert_to_priorityILNS0_11FilterWidthE0ELNS0_10FilterModeE1EEEhhhRKNS2_15ConfigFilterArgIXT_EXT0_EEE.isra.0
                0x00000000080016c0       0x16 ./Core/Inc/CRSLib/Can/RM0008/Sample/src/sample.o
 .text._ZSt16__insertion_sortIPhN9__gnu_cxx5__ops15_Iter_comp_iterIZNSt6ranges8__detail16__make_comp_projINS4_4lessESt8identityEEDaRT_RT0_EUlOS9_OSB_E_EEEvS9_S9_SB_
                0x00000000080016d6       0x46 ./Core/Inc/CRSLib/Can/RM0008/Sample/src/sample.o
                0x00000000080016d6                void std::__insertion_sort<unsigned char*, __gnu_cxx::__ops::_Iter_comp_iter<std::ranges::__detail::__make_comp_proj<std::ranges::less, std::identity>(std::ranges::less&, std::identity&)::{lambda(auto:1&&, auto:2&&)#1}> >(unsigned char*, unsigned char*, __gnu_cxx::__ops::_Iter_comp_iter<std::ranges::__detail::__make_comp_proj<std::ranges::less, std::identity>(std::ranges::less&, std::identity&)::{lambda(auto:1&&, auto:2&&)#1}>)
 .text._ZSt16__insertion_sortIPhN9__gnu_cxx5__ops15_Iter_comp_iterIZNSt6ranges8__detail16__make_comp_projINS4_4lessEZN6CRSLib3Can6RM000813FilterManager9Implement16FilterManagerImp22set_filter_match_indexIJLNS9_11FilterWidthE0ELSF_0ELSF_0ELSF_0ELSF_0ELSF_0ELSF_0ELSF_0ELSF_0ELSF_0ELSF_0ELSF_0ELSF_0ELSF_0EEJLNS9_10FilterModeE1ELSG_1ELSG_1ELSG_1ELSG_1ELSG_1ELSG_1ELSG_1ELSG_1ELSG_1ELSG_1ELSG_1ELSG_1ELSG_1EEEEvhDpRNSB_15ConfigFilterArgIXT_EXT0_EEEEUlT_E0_EEDaRSL_RT0_EUlOSL_OSO_E_EEEvSL_SL_SO_
                0x000000000800171c       0x52 ./Core/Inc/CRSLib/Can/RM0008/Sample/src/sample.o
                0x000000000800171c                void std::__insertion_sort<unsigned char*, __gnu_cxx::__ops::_Iter_comp_iter<std::ranges::__detail::__make_comp_proj<std::ranges::less, CRSLib::Can::RM0008::FilterManager::Implement::FilterManagerImp::set_filter_match_index<(CRSLib::Can::FilterWidth)0, (CRSLib::Can::FilterWidth)0, (CRSLib::Can::FilterWidth)0, (CRSLib::Can::FilterWidth)0, (CRSLib::Can::FilterWidth)0, (CRSLib::Can::FilterWidth)0, (CRSLib::Can::FilterWidth)0, (CRSLib::Can::FilterWidth)0, (CRSLib::Can::FilterWidth)0, (CRSLib::Can::FilterWidth)0, (CRSLib::Can::FilterWidth)0, (CRSLib::Can::FilterWidth)0, (CRSLib::Can::FilterWidth)0, (CRSLib::Can::FilterWidth)0, (CRSLib::Can::FilterMode)1, (CRSLib::Can::FilterMode)1, (CRSLib::Can::FilterMode)1, (CRSLib::Can::FilterMode)1, (CRSLib::Can::FilterMode)1, (CRSLib::Can::FilterMode)1, (CRSLib::Can::FilterMode)1, (CRSLib::Can::FilterMode)1, (CRSLib::Can::FilterMode)1, (CRSLib::Can::FilterMode)1, (CRSLib::Can::FilterMode)1, (CRSLib::Can::FilterMode)1, (CRSLib::Can::FilterMode)1, (CRSLib::Can::FilterMode)1>(unsigned char, CRSLib::Can::RM0008::FilterManager::ConfigFilterArg<(CRSLib::Can::FilterWidth)0, (CRSLib::Can::FilterMode)1>&, CRSLib::Can::RM0008::FilterManager::ConfigFilterArg<(CRSLib::Can::FilterWidth)0, (CRSLib::Can::FilterMode)1>&, CRSLib::Can::RM0008::FilterManager::ConfigFilterArg<(CRSLib::Can::FilterWidth)0, (CRSLib::Can::FilterMode)1>&, CRSLib::Can::RM0008::FilterManager::ConfigFilterArg<(CRSLib::Can::FilterWidth)0, (CRSLib::Can::FilterMode)1>&, CRSLib::Can::RM0008::FilterManager::ConfigFilterArg<(CRSLib::Can::FilterWidth)0, (CRSLib::Can::FilterMode)1>&, CRSLib::Can::RM0008::FilterManager::ConfigFilterArg<(CRSLib::Can::FilterWidth)0, (CRSLib::Can::FilterMode)1>&, CRSLib::Can::RM0008::FilterManager::ConfigFilterArg<(CRSLib::Can::FilterWidth)0, (CRSLib::Can::FilterMode)1>&, CRSLib::Can::RM0008::FilterManager::ConfigFilterArg<(CRSLib::Can::FilterWidth)0, (CRSLib::Can::FilterMode)1>&, CRSLib::Can::RM0008::FilterManager::ConfigFilterArg<(CRSLib::Can::FilterWidth)0, (CRSLib::Can::FilterMode)1>&, CRSLib::Can::RM0008::FilterManager::ConfigFilterArg<(CRSLib::Can::FilterWidth)0, (CRSLib::Can::FilterMode)1>&, CRSLib::Can::RM0008::FilterManager::ConfigFilterArg<(CRSLib::Can::FilterWidth)0, (CRSLib::Can::FilterMode)1>&, CRSLib::Can::RM0008::FilterManager::ConfigFilterArg<(CRSLib::Can::FilterWidth)0, (CRSLib::Can::FilterMode)1>&, CRSLib::Can::RM0008::FilterManager::ConfigFilterArg<(CRSLib::Can::FilterWidth)0, (CRSLib::Can::FilterMode)1>&, CRSLib::Can::RM0008::FilterManager::ConfigFilterArg<(CRSLib::Can::FilterWidth)0, (CRSLib::Can::FilterMode)1>&)::{lambda(auto:1)#2}>(std::ranges::less&, CRSLib::Can::RM0008::FilterManager::Implement::FilterManagerImp::set_filter_match_index<(CRSLib::Can::FilterWidth)0, (CRSLib::Can::FilterWidth)0, (CRSLib::Can::FilterWidth)0, (CRSLib::Can::FilterWidth)0, (CRSLib::Can::FilterWidth)0, (CRSLib::Can::FilterWidth)0, (CRSLib::Can::FilterWidth)0, (CRSLib::Can::FilterWidth)0, (CRSLib::Can::FilterWidth)0, (CRSLib::Can::FilterWidth)0, (CRSLib::Can::FilterWidth)0, (CRSLib::Can::FilterWidth)0, (CRSLib::Can::FilterWidth)0, (CRSLib::Can::FilterWidth)0, (CRSLib::Can::FilterMode)1, (CRSLib::Can::FilterMode)1, (CRSLib::Can::FilterMode)1, (CRSLib::Can::FilterMode)1, (CRSLib::Can::FilterMode)1, (CRSLib::Can::FilterMode)1, (CRSLib::Can::FilterMode)1, (CRSLib::Can::FilterMode)1, (CRSLib::Can::FilterMode)1, (CRSLib::Can::FilterMode)1, (CRSLib::Can::FilterMode)1, (CRSLib::Can::FilterMode)1, (CRSLib::Can::FilterMode)1, (CRSLib::Can::FilterMode)1>(unsigned char, CRSLib::Can::RM0008::FilterManager::ConfigFilterArg<(CRSLib::Can::FilterWidth)0, (CRSLib::Can::FilterMode)1>&, CRSLib::Can::RM0008::FilterManager::ConfigFilterArg<(CRSLib::Can::FilterWidth)0, (CRSLib::Can::FilterMode)1>&, CRSLib::Can::RM0008::FilterManager::ConfigFilterArg<(CRSLib::Can::FilterWidth)0, (CRSLib::Can::FilterMode)1>&, CRSLib::Can::RM0008::FilterManager::ConfigFilterArg<(CRSLib::Can::FilterWidth)0, (CRSLib::Can::FilterMode)1>&, CRSLib::Can::RM0008::FilterManager::ConfigFilterArg<(CRSLib::Can::FilterWidth)0, (CRSLib::Can::FilterMode)1>&, CRSLib::Can::RM0008::FilterManager::ConfigFilterArg<(CRSLib::Can::FilterWidth)0, (CRSLib::Can::FilterMode)1>&, CRSLib::Can::RM0008::FilterManager::ConfigFilterArg<(CRSLib::Can::FilterWidth)0, (CRSLib::Can::FilterMode)1>&, CRSLib::Can::RM0008::FilterManager::ConfigFilterArg<(CRSLib::Can::FilterWidth)0, (CRSLib::Can::FilterMode)1>&, CRSLib::Can::RM0008::FilterManager::ConfigFilterArg<(CRSLib::Can::FilterWidth)0, (CRSLib::Can::FilterMode)1>&, CRSLib::Can::RM0008::FilterManager::ConfigFilterArg<(CRSLib::Can::FilterWidth)0, (CRSLib::Can::FilterMode)1>&, CRSLib::Can::RM0008::FilterManager::ConfigFilterArg<(CRSLib::Can::FilterWidth)0, (CRSLib::Can::FilterMode)1>&, CRSLib::Can::RM0008::FilterManager::ConfigFilterArg<(CRSLib::Can::FilterWidth)0, (CRSLib::Can::FilterMode)1>&, CRSLib::Can::RM0008::FilterManager::ConfigFilterArg<(CRSLib::Can::FilterWidth)0, (CRSLib::Can::FilterMode)1>&, CRSLib::Can::RM0008::FilterManager::ConfigFilterArg<(CRSLib::Can::FilterWidth)0, (CRSLib::Can::FilterMode)1>&)::{lambda(auto:1)#2}&)::{lambda(auto:1&&, auto:2&&)#1}> >(unsigned char*, unsigned char*, __gnu_cxx::__ops::_Iter_comp_iter<std::ranges::__detail::__make_comp_proj<std::ranges::less, CRSLib::Can::RM0008::FilterManager::Implement::FilterManagerImp::set_filter_match_index<(CRSLib::Can::FilterWidth)0, (CRSLib::Can::FilterWidth)0, (CRSLib::Can::FilterWidth)0, (CRSLib::Can::FilterWidth)0, (CRSLib::Can::FilterWidth)0, (CRSLib::Can::FilterWidth)0, (CRSLib::Can::FilterWidth)0, (CRSLib::Can::FilterWidth)0, (CRSLib::Can::FilterWidth)0, (CRSLib::Can::FilterWidth)0, (CRSLib::Can::FilterWidth)0, (CRSLib::Can::FilterWidth)0, (CRSLib::Can::FilterWidth)0, (CRSLib::Can::FilterWidth)0, (CRSLib::Can::FilterMode)1, (CRSLib::Can::FilterMode)1, (CRSLib::Can::FilterMode)1, (CRSLib::Can::FilterMode)1, (CRSLib::Can::FilterMode)1, (CRSLib::Can::FilterMode)1, (CRSLib::Can::FilterMode)1, (CRSLib::Can::FilterMode)1, (CRSLib::Can::FilterMode)1, (CRSLib::Can::FilterMode)1, (CRSLib::Can::FilterMode)1, (CRSLib::Can::FilterMode)1, (CRSLib::Can::FilterMode)1, (CRSLib::Can::FilterMode)1>(unsigned char, CRSLib::Can::RM0008::FilterManager::ConfigFilterArg<(CRSLib::Can::FilterWidth)0, (CRSLib::Can::FilterMode)1>&, CRSLib::Can::RM0008::FilterManager::ConfigFilterArg<(CRSLib::Can::FilterWidth)0, (CRSLib::Can::FilterMode)1>&, CRSLib::Can::RM0008::FilterManager::ConfigFilterArg<(CRSLib::Can::FilterWidth)0, (CRSLib::Can::FilterMode)1>&, CRSLib::Can::RM0008::FilterManager::ConfigFilterArg<(CRSLib::Can::FilterWidth)0, (CRSLib::Can::FilterMode)1>&, CRSLib::Can::RM0008::FilterManager::ConfigFilterArg<(CRSLib::Can::FilterWidth)0, (CRSLib::Can::FilterMode)1>&, CRSLib::Can::RM0008::FilterManager::ConfigFilterArg<(CRSLib::Can::FilterWidth)0, (CRSLib::Can::FilterMode)1>&, CRSLib::Can::RM0008::FilterManager::ConfigFilterArg<(CRSLib::Can::FilterWidth)0, (CRSLib::Can::FilterMode)1>&, CRSLib::Can::RM0008::FilterManager::ConfigFilterArg<(CRSLib::Can::FilterWidth)0, (CRSLib::Can::FilterMode)1>&, CRSLib::Can::RM0008::FilterManager::ConfigFilterArg<(CRSLib::Can::FilterWidth)0, (CRSLib::Can::FilterMode)1>&, CRSLib::Can::RM0008::FilterManager::ConfigFilterArg<(CRSLib::Can::FilterWidth)0, (CRSLib::Can::FilterMode)1>&, CRSLib::Can::RM0008::FilterManager::ConfigFilterArg<(CRSLib::Can::FilterWidth)0, (CRSLib::Can::FilterMode)1>&, CRSLib::Can::RM0008::FilterManager::ConfigFilterArg<(CRSLib::Can::FilterWidth)0, (CRSLib::Can::FilterMode)1>&, CRSLib::Can::RM0008::FilterManager::ConfigFilterArg<(CRSLib::Can::FilterWidth)0, (CRSLib::Can::FilterMode)1>&, CRSLib::Can::RM0008::FilterManager::ConfigFilterArg<(CRSLib::Can::FilterWidth)0, (CRSLib::Can::FilterMode)1>&)::{lambda(auto:1)#2}>(std::ranges::less&, CRSLib::Can::RM0008::FilterManager::Implement::FilterManagerImp::set_filter_match_index<(CRSLib::Can::FilterWidth)0, (CRSLib::Can::FilterWidth)0, (CRSLib::Can::FilterWidth)0, (CRSLib::Can::FilterWidth)0, (CRSLib::Can::FilterWidth)0, (CRSLib::Can::FilterWidth)0, (CRSLib::Can::FilterWidth)0, (CRSLib::Can::FilterWidth)0, (CRSLib::Can::FilterWidth)0, (CRSLib::Can::FilterWidth)0, (CRSLib::Can::FilterWidth)0, (CRSLib::Can::FilterWidth)0, (CRSLib::Can::FilterWidth)0, (CRSLib::Can::FilterWidth)0, (CRSLib::Can::FilterMode)1, (CRSLib::Can::FilterMode)1, (CRSLib::Can::FilterMode)1, (CRSLib::Can::FilterMode)1, (CRSLib::Can::FilterMode)1, (CRSLib::Can::FilterMode)1, (CRSLib::Can::FilterMode)1, (CRSLib::Can::FilterMode)1, (CRSLib::Can::FilterMode)1, (CRSLib::Can::FilterMode)1, (CRSLib::Can::FilterMode)1, (CRSLib::Can::FilterMode)1, (CRSLib::Can::FilterMode)1, (CRSLib::Can::FilterMode)1>(unsigned char, CRSLib::Can::RM0008::FilterManager::ConfigFilterArg<(CRSLib::Can::FilterWidth)0, (CRSLib::Can::FilterMode)1>&, CRSLib::Can::RM0008::FilterManager::ConfigFilterArg<(CRSLib::Can::FilterWidth)0, (CRSLib::Can::FilterMode)1>&, CRSLib::Can::RM0008::FilterManager::ConfigFilterArg<(CRSLib::Can::FilterWidth)0, (CRSLib::Can::FilterMode)1>&, CRSLib::Can::RM0008::FilterManager::ConfigFilterArg<(CRSLib::Can::FilterWidth)0, (CRSLib::Can::FilterMode)1>&, CRSLib::Can::RM0008::FilterManager::ConfigFilterArg<(CRSLib::Can::FilterWidth)0, (CRSLib::Can::FilterMode)1>&, CRSLib::Can::RM0008::FilterManager::ConfigFilterArg<(CRSLib::Can::FilterWidth)0, (CRSLib::Can::FilterMode)1>&, CRSLib::Can::RM0008::FilterManager::ConfigFilterArg<(CRSLib::Can::FilterWidth)0, (CRSLib::Can::FilterMode)1>&, CRSLib::Can::RM0008::FilterManager::ConfigFilterArg<(CRSLib::Can::FilterWidth)0, (CRSLib::Can::FilterMode)1>&, CRSLib::Can::RM0008::FilterManager::ConfigFilterArg<(CRSLib::Can::FilterWidth)0, (CRSLib::Can::FilterMode)1>&, CRSLib::Can::RM0008::FilterManager::ConfigFilterArg<(CRSLib::Can::FilterWidth)0, (CRSLib::Can::FilterMode)1>&, CRSLib::Can::RM0008::FilterManager::ConfigFilterArg<(CRSLib::Can::FilterWidth)0, (CRSLib::Can::FilterMode)1>&, CRSLib::Can::RM0008::FilterManager::ConfigFilterArg<(CRSLib::Can::FilterWidth)0, (CRSLib::Can::FilterMode)1>&, CRSLib::Can::RM0008::FilterManager::ConfigFilterArg<(CRSLib::Can::FilterWidth)0, (CRSLib::Can::FilterMode)1>&, CRSLib::Can::RM0008::FilterManager::ConfigFilterArg<(CRSLib::Can::FilterWidth)0, (CRSLib::Can::FilterMode)1>&)::{lambda(auto:1)#2}&)::{lambda(auto:1&&, auto:2&&)#1}>)
 .text._ZSt13__adjust_heapIPhihN9__gnu_cxx5__ops15_Iter_comp_iterIZNSt6ranges8__detail16__make_comp_projINS4_4lessESt8identityEEDaRT_RT0_EUlOS9_OSB_E_EEEvS9_SB_SB_T1_T2_
                0x000000000800176e       0x78 ./Core/Inc/CRSLib/Can/RM0008/Sample/src/sample.o
                0x000000000800176e                void std::__adjust_heap<unsigned char*, int, unsigned char, __gnu_cxx::__ops::_Iter_comp_iter<std::ranges::__detail::__make_comp_proj<std::ranges::less, std::identity>(std::ranges::less&, std::identity&)::{lambda(auto:1&&, auto:2&&)#1}> >(unsigned char*, int, int, unsigned char, __gnu_cxx::__ops::_Iter_comp_iter<std::ranges::__detail::__make_comp_proj<std::ranges::less, std::identity>(std::ranges::less&, std::identity&)::{lambda(auto:1&&, auto:2&&)#1}>)
 .text._ZSt16__introsort_loopIPhiN9__gnu_cxx5__ops15_Iter_comp_iterIZNSt6ranges8__detail16__make_comp_projINS4_4lessESt8identityEEDaRT_RT0_EUlOS9_OSB_E_EEEvS9_S9_SB_T1_
                0x00000000080017e6       0xee ./Core/Inc/CRSLib/Can/RM0008/Sample/src/sample.o
                0x00000000080017e6                void std::__introsort_loop<unsigned char*, int, __gnu_cxx::__ops::_Iter_comp_iter<std::ranges::__detail::__make_comp_proj<std::ranges::less, std::identity>(std::ranges::less&, std::identity&)::{lambda(auto:1&&, auto:2&&)#1}> >(unsigned char*, unsigned char*, int, __gnu_cxx::__ops::_Iter_comp_iter<std::ranges::__detail::__make_comp_proj<std::ranges::less, std::identity>(std::ranges::less&, std::identity&)::{lambda(auto:1&&, auto:2&&)#1}>)
 .text._ZSt6__sortIPhN9__gnu_cxx5__ops15_Iter_comp_iterIZNSt6ranges8__detail16__make_comp_projINS4_4lessESt8identityEEDaRT_RT0_EUlOS9_OSB_E_EEEvS9_S9_SB_
                0x00000000080018d4       0x6c ./Core/Inc/CRSLib/Can/RM0008/Sample/src/sample.o
                0x00000000080018d4                void std::__sort<unsigned char*, __gnu_cxx::__ops::_Iter_comp_iter<std::ranges::__detail::__make_comp_proj<std::ranges::less, std::identity>(std::ranges::less&, std::identity&)::{lambda(auto:1&&, auto:2&&)#1}> >(unsigned char*, unsigned char*, __gnu_cxx::__ops::_Iter_comp_iter<std::ranges::__detail::__make_comp_proj<std::ranges::less, std::identity>(std::ranges::less&, std::identity&)::{lambda(auto:1&&, auto:2&&)#1}>)
 .text._ZSt13__adjust_heapIPhihN9__gnu_cxx5__ops15_Iter_comp_iterIZNSt6ranges8__detail16__make_comp_projINS4_4lessEZN6CRSLib3Can6RM000813FilterManager9Implement16FilterManagerImp22set_filter_match_indexIJLNS9_11FilterWidthE0ELSF_0ELSF_0ELSF_0ELSF_0ELSF_0ELSF_0ELSF_0ELSF_0ELSF_0ELSF_0ELSF_0ELSF_0ELSF_0EEJLNS9_10FilterModeE1ELSG_1ELSG_1ELSG_1ELSG_1ELSG_1ELSG_1ELSG_1ELSG_1ELSG_1ELSG_1ELSG_1ELSG_1ELSG_1EEEEvhDpRNSB_15ConfigFilterArgIXT_EXT0_EEEEUlT_E0_EEDaRSL_RT0_EUlOSL_OSO_E_EEEvSL_SO_SO_T1_T2_
                0x0000000008001940       0x88 ./Core/Inc/CRSLib/Can/RM0008/Sample/src/sample.o
                0x0000000008001940                void std::__adjust_heap<unsigned char*, int, unsigned char, __gnu_cxx::__ops::_Iter_comp_iter<std::ranges::__detail::__make_comp_proj<std::ranges::less, CRSLib::Can::RM0008::FilterManager::Implement::FilterManagerImp::set_filter_match_index<(CRSLib::Can::FilterWidth)0, (CRSLib::Can::FilterWidth)0, (CRSLib::Can::FilterWidth)0, (CRSLib::Can::FilterWidth)0, (CRSLib::Can::FilterWidth)0, (CRSLib::Can::FilterWidth)0, (CRSLib::Can::FilterWidth)0, (CRSLib::Can::FilterWidth)0, (CRSLib::Can::FilterWidth)0, (CRSLib::Can::FilterWidth)0, (CRSLib::Can::FilterWidth)0, (CRSLib::Can::FilterWidth)0, (CRSLib::Can::FilterWidth)0, (CRSLib::Can::FilterWidth)0, (CRSLib::Can::FilterMode)1, (CRSLib::Can::FilterMode)1, (CRSLib::Can::FilterMode)1, (CRSLib::Can::FilterMode)1, (CRSLib::Can::FilterMode)1, (CRSLib::Can::FilterMode)1, (CRSLib::Can::FilterMode)1, (CRSLib::Can::FilterMode)1, (CRSLib::Can::FilterMode)1, (CRSLib::Can::FilterMode)1, (CRSLib::Can::FilterMode)1, (CRSLib::Can::FilterMode)1, (CRSLib::Can::FilterMode)1, (CRSLib::Can::FilterMode)1>(unsigned char, CRSLib::Can::RM0008::FilterManager::ConfigFilterArg<(CRSLib::Can::FilterWidth)0, (CRSLib::Can::FilterMode)1>&, CRSLib::Can::RM0008::FilterManager::ConfigFilterArg<(CRSLib::Can::FilterWidth)0, (CRSLib::Can::FilterMode)1>&, CRSLib::Can::RM0008::FilterManager::ConfigFilterArg<(CRSLib::Can::FilterWidth)0, (CRSLib::Can::FilterMode)1>&, CRSLib::Can::RM0008::FilterManager::ConfigFilterArg<(CRSLib::Can::FilterWidth)0, (CRSLib::Can::FilterMode)1>&, CRSLib::Can::RM0008::FilterManager::ConfigFilterArg<(CRSLib::Can::FilterWidth)0, (CRSLib::Can::FilterMode)1>&, CRSLib::Can::RM0008::FilterManager::ConfigFilterArg<(CRSLib::Can::FilterWidth)0, (CRSLib::Can::FilterMode)1>&, CRSLib::Can::RM0008::FilterManager::ConfigFilterArg<(CRSLib::Can::FilterWidth)0, (CRSLib::Can::FilterMode)1>&, CRSLib::Can::RM0008::FilterManager::ConfigFilterArg<(CRSLib::Can::FilterWidth)0, (CRSLib::Can::FilterMode)1>&, CRSLib::Can::RM0008::FilterManager::ConfigFilterArg<(CRSLib::Can::FilterWidth)0, (CRSLib::Can::FilterMode)1>&, CRSLib::Can::RM0008::FilterManager::ConfigFilterArg<(CRSLib::Can::FilterWidth)0, (CRSLib::Can::FilterMode)1>&, CRSLib::Can::RM0008::FilterManager::ConfigFilterArg<(CRSLib::Can::FilterWidth)0, (CRSLib::Can::FilterMode)1>&, CRSLib::Can::RM0008::FilterManager::ConfigFilterArg<(CRSLib::Can::FilterWidth)0, (CRSLib::Can::FilterMode)1>&, CRSLib::Can::RM0008::FilterManager::ConfigFilterArg<(CRSLib::Can::FilterWidth)0, (CRSLib::Can::FilterMode)1>&, CRSLib::Can::RM0008::FilterManager::ConfigFilterArg<(CRSLib::Can::FilterWidth)0, (CRSLib::Can::FilterMode)1>&)::{lambda(auto:1)#2}>(std::ranges::less&, CRSLib::Can::RM0008::FilterManager::Implement::FilterManagerImp::set_filter_match_index<(CRSLib::Can::FilterWidth)0, (CRSLib::Can::FilterWidth)0, (CRSLib::Can::FilterWidth)0, (CRSLib::Can::FilterWidth)0, (CRSLib::Can::FilterWidth)0, (CRSLib::Can::FilterWidth)0, (CRSLib::Can::FilterWidth)0, (CRSLib::Can::FilterWidth)0, (CRSLib::Can::FilterWidth)0, (CRSLib::Can::FilterWidth)0, (CRSLib::Can::FilterWidth)0, (CRSLib::Can::FilterWidth)0, (CRSLib::Can::FilterWidth)0, (CRSLib::Can::FilterWidth)0, (CRSLib::Can::FilterMode)1, (CRSLib::Can::FilterMode)1, (CRSLib::Can::FilterMode)1, (CRSLib::Can::FilterMode)1, (CRSLib::Can::FilterMode)1, (CRSLib::Can::FilterMode)1, (CRSLib::Can::FilterMode)1, (CRSLib::Can::FilterMode)1, (CRSLib::Can::FilterMode)1, (CRSLib::Can::FilterMode)1, (CRSLib::Can::FilterMode)1, (CRSLib::Can::FilterMode)1, (CRSLib::Can::FilterMode)1, (CRSLib::Can::FilterMode)1>(unsigned char, CRSLib::Can::RM0008::FilterManager::ConfigFilterArg<(CRSLib::Can::FilterWidth)0, (CRSLib::Can::FilterMode)1>&, CRSLib::Can::RM0008::FilterManager::ConfigFilterArg<(CRSLib::Can::FilterWidth)0, (CRSLib::Can::FilterMode)1>&, CRSLib::Can::RM0008::FilterManager::ConfigFilterArg<(CRSLib::Can::FilterWidth)0, (CRSLib::Can::FilterMode)1>&, CRSLib::Can::RM0008::FilterManager::ConfigFilterArg<(CRSLib::Can::FilterWidth)0, (CRSLib::Can::FilterMode)1>&, CRSLib::Can::RM0008::FilterManager::ConfigFilterArg<(CRSLib::Can::FilterWidth)0, (CRSLib::Can::FilterMode)1>&, CRSLib::Can::RM0008::FilterManager::ConfigFilterArg<(CRSLib::Can::FilterWidth)0, (CRSLib::Can::FilterMode)1>&, CRSLib::Can::RM0008::FilterManager::ConfigFilterArg<(CRSLib::Can::FilterWidth)0, (CRSLib::Can::FilterMode)1>&, CRSLib::Can::RM0008::FilterManager::ConfigFilterArg<(CRSLib::Can::FilterWidth)0, (CRSLib::Can::FilterMode)1>&, CRSLib::Can::RM0008::FilterManager::ConfigFilterArg<(CRSLib::Can::FilterWidth)0, (CRSLib::Can::FilterMode)1>&, CRSLib::Can::RM0008::FilterManager::ConfigFilterArg<(CRSLib::Can::FilterWidth)0, (CRSLib::Can::FilterMode)1>&, CRSLib::Can::RM0008::FilterManager::ConfigFilterArg<(CRSLib::Can::FilterWidth)0, (CRSLib::Can::FilterMode)1>&, CRSLib::Can::RM0008::FilterManager::ConfigFilterArg<(CRSLib::Can::FilterWidth)0, (CRSLib::Can::FilterMode)1>&, CRSLib::Can::RM0008::FilterManager::ConfigFilterArg<(CRSLib::Can::FilterWidth)0, (CRSLib::Can::FilterMode)1>&, CRSLib::Can::RM0008::FilterManager::ConfigFilterArg<(CRSLib::Can::FilterWidth)0, (CRSLib::Can::FilterMode)1>&)::{lambda(auto:1)#2}&)::{lambda(auto:1&&, auto:2&&)#1}> >(unsigned char*, int, int, unsigned char, __gnu_cxx::__ops::_Iter_comp_iter<std::ranges::__detail::__make_comp_proj<std::ranges::less, CRSLib::Can::RM0008::FilterManager::Implement::FilterManagerImp::set_filter_match_index<(CRSLib::Can::FilterWidth)0, (CRSLib::Can::FilterWidth)0, (CRSLib::Can::FilterWidth)0, (CRSLib::Can::FilterWidth)0, (CRSLib::Can::FilterWidth)0, (CRSLib::Can::FilterWidth)0, (CRSLib::Can::FilterWidth)0, (CRSLib::Can::FilterWidth)0, (CRSLib::Can::FilterWidth)0, (CRSLib::Can::FilterWidth)0, (CRSLib::Can::FilterWidth)0, (CRSLib::Can::FilterWidth)0, (CRSLib::Can::FilterWidth)0, (CRSLib::Can::FilterWidth)0, (CRSLib::Can::FilterMode)1, (CRSLib::Can::FilterMode)1, (CRSLib::Can::FilterMode)1, (CRSLib::Can::FilterMode)1, (CRSLib::Can::FilterMode)1, (CRSLib::Can::FilterMode)1, (CRSLib::Can::FilterMode)1, (CRSLib::Can::FilterMode)1, (CRSLib::Can::FilterMode)1, (CRSLib::Can::FilterMode)1, (CRSLib::Can::FilterMode)1, (CRSLib::Can::FilterMode)1, (CRSLib::Can::FilterMode)1, (CRSLib::Can::FilterMode)1>(unsigned char, CRSLib::Can::RM0008::FilterManager::ConfigFilterArg<(CRSLib::Can::FilterWidth)0, (CRSLib::Can::FilterMode)1>&, CRSLib::Can::RM0008::FilterManager::ConfigFilterArg<(CRSLib::Can::FilterWidth)0, (CRSLib::Can::FilterMode)1>&, CRSLib::Can::RM0008::FilterManager::ConfigFilterArg<(CRSLib::Can::FilterWidth)0, (CRSLib::Can::FilterMode)1>&, CRSLib::Can::RM0008::FilterManager::ConfigFilterArg<(CRSLib::Can::FilterWidth)0, (CRSLib::Can::FilterMode)1>&, CRSLib::Can::RM0008::FilterManager::ConfigFilterArg<(CRSLib::Can::FilterWidth)0, (CRSLib::Can::FilterMode)1>&, CRSLib::Can::RM0008::FilterManager::ConfigFilterArg<(CRSLib::Can::FilterWidth)0, (CRSLib::Can::FilterMode)1>&, CRSLib::Can::RM0008::FilterManager::ConfigFilterArg<(CRSLib::Can::FilterWidth)0, (CRSLib::Can::FilterMode)1>&, CRSLib::Can::RM0008::FilterManager::ConfigFilterArg<(CRSLib::Can::FilterWidth)0, (CRSLib::Can::FilterMode)1>&, CRSLib::Can::RM0008::FilterManager::ConfigFilterArg<(CRSLib::Can::FilterWidth)0, (CRSLib::Can::FilterMode)1>&, CRSLib::Can::RM0008::FilterManager::ConfigFilterArg<(CRSLib::Can::FilterWidth)0, (CRSLib::Can::FilterMode)1>&, CRSLib::Can::RM0008::FilterManager::ConfigFilterArg<(CRSLib::Can::FilterWidth)0, (CRSLib::Can::FilterMode)1>&, CRSLib::Can::RM0008::FilterManager::ConfigFilterArg<(CRSLib::Can::FilterWidth)0, (CRSLib::Can::FilterMode)1>&, CRSLib::Can::RM0008::FilterManager::ConfigFilterArg<(CRSLib::Can::FilterWidth)0, (CRSLib::Can::FilterMode)1>&, CRSLib::Can::RM0008::FilterManager::ConfigFilterArg<(CRSLib::Can::FilterWidth)0, (CRSLib::Can::FilterMode)1>&)::{lambda(auto:1)#2}>(std::ranges::less&, CRSLib::Can::RM0008::FilterManager::Implement::FilterManagerImp::set_filter_match_index<(CRSLib::Can::FilterWidth)0, (CRSLib::Can::FilterWidth)0, (CRSLib::Can::FilterWidth)0, (CRSLib::Can::FilterWidth)0, (CRSLib::Can::FilterWidth)0, (CRSLib::Can::FilterWidth)0, (CRSLib::Can::FilterWidth)0, (CRSLib::Can::FilterWidth)0, (CRSLib::Can::FilterWidth)0, (CRSLib::Can::FilterWidth)0, (CRSLib::Can::FilterWidth)0, (CRSLib::Can::FilterWidth)0, (CRSLib::Can::FilterWidth)0, (CRSLib::Can::FilterWidth)0, (CRSLib::Can::FilterMode)1, (CRSLib::Can::FilterMode)1, (CRSLib::Can::FilterMode)1, (CRSLib::Can::FilterMode)1, (CRSLib::Can::FilterMode)1, (CRSLib::Can::FilterMode)1, (CRSLib::Can::FilterMode)1, (CRSLib::Can::FilterMode)1, (CRSLib::Can::FilterMode)1, (CRSLib::Can::FilterMode)1, (CRSLib::Can::FilterMode)1, (CRSLib::Can::FilterMode)1, (CRSLib::Can::FilterMode)1, (CRSLib::Can::FilterMode)1>(unsigned char, CRSLib::Can::RM0008::FilterManager::ConfigFilterArg<(CRSLib::Can::FilterWidth)0, (CRSLib::Can::FilterMode)1>&, CRSLib::Can::RM0008::FilterManager::ConfigFilterArg<(CRSLib::Can::FilterWidth)0, (CRSLib::Can::FilterMode)1>&, CRSLib::Can::RM0008::FilterManager::ConfigFilterArg<(CRSLib::Can::FilterWidth)0, (CRSLib::Can::FilterMode)1>&, CRSLib::Can::RM0008::FilterManager::ConfigFilterArg<(CRSLib::Can::FilterWidth)0, (CRSLib::Can::FilterMode)1>&, CRSLib::Can::RM0008::FilterManager::ConfigFilterArg<(CRSLib::Can::FilterWidth)0, (CRSLib::Can::FilterMode)1>&, CRSLib::Can::RM0008::FilterManager::ConfigFilterArg<(CRSLib::Can::FilterWidth)0, (CRSLib::Can::FilterMode)1>&, CRSLib::Can::RM0008::FilterManager::ConfigFilterArg<(CRSLib::Can::FilterWidth)0, (CRSLib::Can::FilterMode)1>&, CRSLib::Can::RM0008::FilterManager::ConfigFilterArg<(CRSLib::Can::FilterWidth)0, (CRSLib::Can::FilterMode)1>&, CRSLib::Can::RM0008::FilterManager::ConfigFilterArg<(CRSLib::Can::FilterWidth)0, (CRSLib::Can::FilterMode)1>&, CRSLib::Can::RM0008::FilterManager::ConfigFilterArg<(CRSLib::Can::FilterWidth)0, (CRSLib::Can::FilterMode)1>&, CRSLib::Can::RM0008::FilterManager::ConfigFilterArg<(CRSLib::Can::FilterWidth)0, (CRSLib::Can::FilterMode)1>&, CRSLib::Can::RM0008::FilterManager::ConfigFilterArg<(CRSLib::Can::FilterWidth)0, (CRSLib::Can::FilterMode)1>&, CRSLib::Can::RM0008::FilterManager::ConfigFilterArg<(CRSLib::Can::FilterWidth)0, (CRSLib::Can::FilterMode)1>&, CRSLib::Can::RM0008::FilterManager::ConfigFilterArg<(CRSLib::Can::FilterWidth)0, (CRSLib::Can::FilterMode)1>&)::{lambda(auto:1)#2}&)::{lambda(auto:1&&, auto:2&&)#1}>)
 .text._ZSt16__introsort_loopIPhiN9__gnu_cxx5__ops15_Iter_comp_iterIZNSt6ranges8__detail16__make_comp_projINS4_4lessEZN6CRSLib3Can6RM000813FilterManager9Implement16FilterManagerImp22set_filter_match_indexIJLNS9_11FilterWidthE0ELSF_0ELSF_0ELSF_0ELSF_0ELSF_0ELSF_0ELSF_0ELSF_0ELSF_0ELSF_0ELSF_0ELSF_0ELSF_0EEJLNS9_10FilterModeE1ELSG_1ELSG_1ELSG_1ELSG_1ELSG_1ELSG_1ELSG_1ELSG_1ELSG_1ELSG_1ELSG_1ELSG_1ELSG_1EEEEvhDpRNSB_15ConfigFilterArgIXT_EXT0_EEEEUlT_E0_EEDaRSL_RT0_EUlOSL_OSO_E_EEEvSL_SL_SO_T1_
                0x00000000080019c8      0x10a ./Core/Inc/CRSLib/Can/RM0008/Sample/src/sample.o
                0x00000000080019c8                void std::__introsort_loop<unsigned char*, int, __gnu_cxx::__ops::_Iter_comp_iter<std::ranges::__detail::__make_comp_proj<std::ranges::less, CRSLib::Can::RM0008::FilterManager::Implement::FilterManagerImp::set_filter_match_index<(CRSLib::Can::FilterWidth)0, (CRSLib::Can::FilterWidth)0, (CRSLib::Can::FilterWidth)0, (CRSLib::Can::FilterWidth)0, (CRSLib::Can::FilterWidth)0, (CRSLib::Can::FilterWidth)0, (CRSLib::Can::FilterWidth)0, (CRSLib::Can::FilterWidth)0, (CRSLib::Can::FilterWidth)0, (CRSLib::Can::FilterWidth)0, (CRSLib::Can::FilterWidth)0, (CRSLib::Can::FilterWidth)0, (CRSLib::Can::FilterWidth)0, (CRSLib::Can::FilterWidth)0, (CRSLib::Can::FilterMode)1, (CRSLib::Can::FilterMode)1, (CRSLib::Can::FilterMode)1, (CRSLib::Can::FilterMode)1, (CRSLib::Can::FilterMode)1, (CRSLib::Can::FilterMode)1, (CRSLib::Can::FilterMode)1, (CRSLib::Can::FilterMode)1, (CRSLib::Can::FilterMode)1, (CRSLib::Can::FilterMode)1, (CRSLib::Can::FilterMode)1, (CRSLib::Can::FilterMode)1, (CRSLib::Can::FilterMode)1, (CRSLib::Can::FilterMode)1>(unsigned char, CRSLib::Can::RM0008::FilterManager::ConfigFilterArg<(CRSLib::Can::FilterWidth)0, (CRSLib::Can::FilterMode)1>&, CRSLib::Can::RM0008::FilterManager::ConfigFilterArg<(CRSLib::Can::FilterWidth)0, (CRSLib::Can::FilterMode)1>&, CRSLib::Can::RM0008::FilterManager::ConfigFilterArg<(CRSLib::Can::FilterWidth)0, (CRSLib::Can::FilterMode)1>&, CRSLib::Can::RM0008::FilterManager::ConfigFilterArg<(CRSLib::Can::FilterWidth)0, (CRSLib::Can::FilterMode)1>&, CRSLib::Can::RM0008::FilterManager::ConfigFilterArg<(CRSLib::Can::FilterWidth)0, (CRSLib::Can::FilterMode)1>&, CRSLib::Can::RM0008::FilterManager::ConfigFilterArg<(CRSLib::Can::FilterWidth)0, (CRSLib::Can::FilterMode)1>&, CRSLib::Can::RM0008::FilterManager::ConfigFilterArg<(CRSLib::Can::FilterWidth)0, (CRSLib::Can::FilterMode)1>&, CRSLib::Can::RM0008::FilterManager::ConfigFilterArg<(CRSLib::Can::FilterWidth)0, (CRSLib::Can::FilterMode)1>&, CRSLib::Can::RM0008::FilterManager::ConfigFilterArg<(CRSLib::Can::FilterWidth)0, (CRSLib::Can::FilterMode)1>&, CRSLib::Can::RM0008::FilterManager::ConfigFilterArg<(CRSLib::Can::FilterWidth)0, (CRSLib::Can::FilterMode)1>&, CRSLib::Can::RM0008::FilterManager::ConfigFilterArg<(CRSLib::Can::FilterWidth)0, (CRSLib::Can::FilterMode)1>&, CRSLib::Can::RM0008::FilterManager::ConfigFilterArg<(CRSLib::Can::FilterWidth)0, (CRSLib::Can::FilterMode)1>&, CRSLib::Can::RM0008::FilterManager::ConfigFilterArg<(CRSLib::Can::FilterWidth)0, (CRSLib::Can::FilterMode)1>&, CRSLib::Can::RM0008::FilterManager::ConfigFilterArg<(CRSLib::Can::FilterWidth)0, (CRSLib::Can::FilterMode)1>&)::{lambda(auto:1)#2}>(std::ranges::less&, CRSLib::Can::RM0008::FilterManager::Implement::FilterManagerImp::set_filter_match_index<(CRSLib::Can::FilterWidth)0, (CRSLib::Can::FilterWidth)0, (CRSLib::Can::FilterWidth)0, (CRSLib::Can::FilterWidth)0, (CRSLib::Can::FilterWidth)0, (CRSLib::Can::FilterWidth)0, (CRSLib::Can::FilterWidth)0, (CRSLib::Can::FilterWidth)0, (CRSLib::Can::FilterWidth)0, (CRSLib::Can::FilterWidth)0, (CRSLib::Can::FilterWidth)0, (CRSLib::Can::FilterWidth)0, (CRSLib::Can::FilterWidth)0, (CRSLib::Can::FilterWidth)0, (CRSLib::Can::FilterMode)1, (CRSLib::Can::FilterMode)1, (CRSLib::Can::FilterMode)1, (CRSLib::Can::FilterMode)1, (CRSLib::Can::FilterMode)1, (CRSLib::Can::FilterMode)1, (CRSLib::Can::FilterMode)1, (CRSLib::Can::FilterMode)1, (CRSLib::Can::FilterMode)1, (CRSLib::Can::FilterMode)1, (CRSLib::Can::FilterMode)1, (CRSLib::Can::FilterMode)1, (CRSLib::Can::FilterMode)1, (CRSLib::Can::FilterMode)1>(unsigned char, CRSLib::Can::RM0008::FilterManager::ConfigFilterArg<(CRSLib::Can::FilterWidth)0, (CRSLib::Can::FilterMode)1>&, CRSLib::Can::RM0008::FilterManager::ConfigFilterArg<(CRSLib::Can::FilterWidth)0, (CRSLib::Can::FilterMode)1>&, CRSLib::Can::RM0008::FilterManager::ConfigFilterArg<(CRSLib::Can::FilterWidth)0, (CRSLib::Can::FilterMode)1>&, CRSLib::Can::RM0008::FilterManager::ConfigFilterArg<(CRSLib::Can::FilterWidth)0, (CRSLib::Can::FilterMode)1>&, CRSLib::Can::RM0008::FilterManager::ConfigFilterArg<(CRSLib::Can::FilterWidth)0, (CRSLib::Can::FilterMode)1>&, CRSLib::Can::RM0008::FilterManager::ConfigFilterArg<(CRSLib::Can::FilterWidth)0, (CRSLib::Can::FilterMode)1>&, CRSLib::Can::RM0008::FilterManager::ConfigFilterArg<(CRSLib::Can::FilterWidth)0, (CRSLib::Can::FilterMode)1>&, CRSLib::Can::RM0008::FilterManager::ConfigFilterArg<(CRSLib::Can::FilterWidth)0, (CRSLib::Can::FilterMode)1>&, CRSLib::Can::RM0008::FilterManager::ConfigFilterArg<(CRSLib::Can::FilterWidth)0, (CRSLib::Can::FilterMode)1>&, CRSLib::Can::RM0008::FilterManager::ConfigFilterArg<(CRSLib::Can::FilterWidth)0, (CRSLib::Can::FilterMode)1>&, CRSLib::Can::RM0008::FilterManager::ConfigFilterArg<(CRSLib::Can::FilterWidth)0, (CRSLib::Can::FilterMode)1>&, CRSLib::Can::RM0008::FilterManager::ConfigFilterArg<(CRSLib::Can::FilterWidth)0, (CRSLib::Can::FilterMode)1>&, CRSLib::Can::RM0008::FilterManager::ConfigFilterArg<(CRSLib::Can::FilterWidth)0, (CRSLib::Can::FilterMode)1>&, CRSLib::Can::RM0008::FilterManager::ConfigFilterArg<(CRSLib::Can::FilterWidth)0, (CRSLib::Can::FilterMode)1>&)::{lambda(auto:1)#2}&)::{lambda(auto:1&&, auto:2&&)#1}> >(unsigned char*, unsigned char*, int, __gnu_cxx::__ops::_Iter_comp_iter<std::ranges::__detail::__make_comp_proj<std::ranges::less, CRSLib::Can::RM0008::FilterManager::Implement::FilterManagerImp::set_filter_match_index<(CRSLib::Can::FilterWidth)0, (CRSLib::Can::FilterWidth)0, (CRSLib::Can::FilterWidth)0, (CRSLib::Can::FilterWidth)0, (CRSLib::Can::FilterWidth)0, (CRSLib::Can::FilterWidth)0, (CRSLib::Can::FilterWidth)0, (CRSLib::Can::FilterWidth)0, (CRSLib::Can::FilterWidth)0, (CRSLib::Can::FilterWidth)0, (CRSLib::Can::FilterWidth)0, (CRSLib::Can::FilterWidth)0, (CRSLib::Can::FilterWidth)0, (CRSLib::Can::FilterWidth)0, (CRSLib::Can::FilterMode)1, (CRSLib::Can::FilterMode)1, (CRSLib::Can::FilterMode)1, (CRSLib::Can::FilterMode)1, (CRSLib::Can::FilterMode)1, (CRSLib::Can::FilterMode)1, (CRSLib::Can::FilterMode)1, (CRSLib::Can::FilterMode)1, (CRSLib::Can::FilterMode)1, (CRSLib::Can::FilterMode)1, (CRSLib::Can::FilterMode)1, (CRSLib::Can::FilterMode)1, (CRSLib::Can::FilterMode)1, (CRSLib::Can::FilterMode)1>(unsigned char, CRSLib::Can::RM0008::FilterManager::ConfigFilterArg<(CRSLib::Can::FilterWidth)0, (CRSLib::Can::FilterMode)1>&, CRSLib::Can::RM0008::FilterManager::ConfigFilterArg<(CRSLib::Can::FilterWidth)0, (CRSLib::Can::FilterMode)1>&, CRSLib::Can::RM0008::FilterManager::ConfigFilterArg<(CRSLib::Can::FilterWidth)0, (CRSLib::Can::FilterMode)1>&, CRSLib::Can::RM0008::FilterManager::ConfigFilterArg<(CRSLib::Can::FilterWidth)0, (CRSLib::Can::FilterMode)1>&, CRSLib::Can::RM0008::FilterManager::ConfigFilterArg<(CRSLib::Can::FilterWidth)0, (CRSLib::Can::FilterMode)1>&, CRSLib::Can::RM0008::FilterManager::ConfigFilterArg<(CRSLib::Can::FilterWidth)0, (CRSLib::Can::FilterMode)1>&, CRSLib::Can::RM0008::FilterManager::ConfigFilterArg<(CRSLib::Can::FilterWidth)0, (CRSLib::Can::FilterMode)1>&, CRSLib::Can::RM0008::FilterManager::ConfigFilterArg<(CRSLib::Can::FilterWidth)0, (CRSLib::Can::FilterMode)1>&, CRSLib::Can::RM0008::FilterManager::ConfigFilterArg<(CRSLib::Can::FilterWidth)0, (CRSLib::Can::FilterMode)1>&, CRSLib::Can::RM0008::FilterManager::ConfigFilterArg<(CRSLib::Can::FilterWidth)0, (CRSLib::Can::FilterMode)1>&, CRSLib::Can::RM0008::FilterManager::ConfigFilterArg<(CRSLib::Can::FilterWidth)0, (CRSLib::Can::FilterMode)1>&, CRSLib::Can::RM0008::FilterManager::ConfigFilterArg<(CRSLib::Can::FilterWidth)0, (CRSLib::Can::FilterMode)1>&, CRSLib::Can::RM0008::FilterManager::ConfigFilterArg<(CRSLib::Can::FilterWidth)0, (CRSLib::Can::FilterMode)1>&, CRSLib::Can::RM0008::FilterManager::ConfigFilterArg<(CRSLib::Can::FilterWidth)0, (CRSLib::Can::FilterMode)1>&)::{lambda(auto:1)#2}>(std::ranges::less&, CRSLib::Can::RM0008::FilterManager::Implement::FilterManagerImp::set_filter_match_index<(CRSLib::Can::FilterWidth)0, (CRSLib::Can::FilterWidth)0, (CRSLib::Can::FilterWidth)0, (CRSLib::Can::FilterWidth)0, (CRSLib::Can::FilterWidth)0, (CRSLib::Can::FilterWidth)0, (CRSLib::Can::FilterWidth)0, (CRSLib::Can::FilterWidth)0, (CRSLib::Can::FilterWidth)0, (CRSLib::Can::FilterWidth)0, (CRSLib::Can::FilterWidth)0, (CRSLib::Can::FilterWidth)0, (CRSLib::Can::FilterWidth)0, (CRSLib::Can::FilterWidth)0, (CRSLib::Can::FilterMode)1, (CRSLib::Can::FilterMode)1, (CRSLib::Can::FilterMode)1, (CRSLib::Can::FilterMode)1, (CRSLib::Can::FilterMode)1, (CRSLib::Can::FilterMode)1, (CRSLib::Can::FilterMode)1, (CRSLib::Can::FilterMode)1, (CRSLib::Can::FilterMode)1, (CRSLib::Can::FilterMode)1, (CRSLib::Can::FilterMode)1, (CRSLib::Can::FilterMode)1, (CRSLib::Can::FilterMode)1, (CRSLib::Can::FilterMode)1>(unsigned char, CRSLib::Can::RM0008::FilterManager::ConfigFilterArg<(CRSLib::Can::FilterWidth)0, (CRSLib::Can::FilterMode)1>&, CRSLib::Can::RM0008::FilterManager::ConfigFilterArg<(CRSLib::Can::FilterWidth)0, (CRSLib::Can::FilterMode)1>&, CRSLib::Can::RM0008::FilterManager::ConfigFilterArg<(CRSLib::Can::FilterWidth)0, (CRSLib::Can::FilterMode)1>&, CRSLib::Can::RM0008::FilterManager::ConfigFilterArg<(CRSLib::Can::FilterWidth)0, (CRSLib::Can::FilterMode)1>&, CRSLib::Can::RM0008::FilterManager::ConfigFilterArg<(CRSLib::Can::FilterWidth)0, (CRSLib::Can::FilterMode)1>&, CRSLib::Can::RM0008::FilterManager::ConfigFilterArg<(CRSLib::Can::FilterWidth)0, (CRSLib::Can::FilterMode)1>&, CRSLib::Can::RM0008::FilterManager::ConfigFilterArg<(CRSLib::Can::FilterWidth)0, (CRSLib::Can::FilterMode)1>&, CRSLib::Can::RM0008::FilterManager::ConfigFilterArg<(CRSLib::Can::FilterWidth)0, (CRSLib::Can::FilterMode)1>&, CRSLib::Can::RM0008::FilterManager::ConfigFilterArg<(CRSLib::Can::FilterWidth)0, (CRSLib::Can::FilterMode)1>&, CRSLib::Can::RM0008::FilterManager::ConfigFilterArg<(CRSLib::Can::FilterWidth)0, (CRSLib::Can::FilterMode)1>&, CRSLib::Can::RM0008::FilterManager::ConfigFilterArg<(CRSLib::Can::FilterWidth)0, (CRSLib::Can::FilterMode)1>&, CRSLib::Can::RM0008::FilterManager::ConfigFilterArg<(CRSLib::Can::FilterWidth)0, (CRSLib::Can::FilterMode)1>&, CRSLib::Can::RM0008::FilterManager::ConfigFilterArg<(CRSLib::Can::FilterWidth)0, (CRSLib::Can::FilterMode)1>&, CRSLib::Can::RM0008::FilterManager::ConfigFilterArg<(CRSLib::Can::FilterWidth)0, (CRSLib::Can::FilterMode)1>&)::{lambda(auto:1)#2}&)::{lambda(auto:1&&, auto:2&&)#1}>)
 .text._ZN6CRSLib3Can6RM000813FilterManager9Implement16FilterManagerImp22set_filter_match_indexIJLNS0_11FilterWidthE0ELS6_0ELS6_0ELS6_0ELS6_0ELS6_0ELS6_0ELS6_0ELS6_0ELS6_0ELS6_0ELS6_0ELS6_0ELS6_0EEJLNS0_10FilterModeE1ELS7_1ELS7_1ELS7_1ELS7_1ELS7_1ELS7_1ELS7_1ELS7_1ELS7_1ELS7_1ELS7_1ELS7_1ELS7_1EEEEvhDpRNS2_15ConfigFilterArgIXT_EXT0_EEE
                0x0000000008001ad2      0x220 ./Core/Inc/CRSLib/Can/RM0008/Sample/src/sample.o
                0x0000000008001ad2                void CRSLib::Can::RM0008::FilterManager::Implement::FilterManagerImp::set_filter_match_index<(CRSLib::Can::FilterWidth)0, (CRSLib::Can::FilterWidth)0, (CRSLib::Can::FilterWidth)0, (CRSLib::Can::FilterWidth)0, (CRSLib::Can::FilterWidth)0, (CRSLib::Can::FilterWidth)0, (CRSLib::Can::FilterWidth)0, (CRSLib::Can::FilterWidth)0, (CRSLib::Can::FilterWidth)0, (CRSLib::Can::FilterWidth)0, (CRSLib::Can::FilterWidth)0, (CRSLib::Can::FilterWidth)0, (CRSLib::Can::FilterWidth)0, (CRSLib::Can::FilterWidth)0, (CRSLib::Can::FilterMode)1, (CRSLib::Can::FilterMode)1, (CRSLib::Can::FilterMode)1, (CRSLib::Can::FilterMode)1, (CRSLib::Can::FilterMode)1, (CRSLib::Can::FilterMode)1, (CRSLib::Can::FilterMode)1, (CRSLib::Can::FilterMode)1, (CRSLib::Can::FilterMode)1, (CRSLib::Can::FilterMode)1, (CRSLib::Can::FilterMode)1, (CRSLib::Can::FilterMode)1, (CRSLib::Can::FilterMode)1, (CRSLib::Can::FilterMode)1>(unsigned char, CRSLib::Can::RM0008::FilterManager::ConfigFilterArg<(CRSLib::Can::FilterWidth)0, (CRSLib::Can::FilterMode)1>&, CRSLib::Can::RM0008::FilterManager::ConfigFilterArg<(CRSLib::Can::FilterWidth)0, (CRSLib::Can::FilterMode)1>&, CRSLib::Can::RM0008::FilterManager::ConfigFilterArg<(CRSLib::Can::FilterWidth)0, (CRSLib::Can::FilterMode)1>&, CRSLib::Can::RM0008::FilterManager::ConfigFilterArg<(CRSLib::Can::FilterWidth)0, (CRSLib::Can::FilterMode)1>&, CRSLib::Can::RM0008::FilterManager::ConfigFilterArg<(CRSLib::Can::FilterWidth)0, (CRSLib::Can::FilterMode)1>&, CRSLib::Can::RM0008::FilterManager::ConfigFilterArg<(CRSLib::Can::FilterWidth)0, (CRSLib::Can::FilterMode)1>&, CRSLib::Can::RM0008::FilterManager::ConfigFilterArg<(CRSLib::Can::FilterWidth)0, (CRSLib::Can::FilterMode)1>&, CRSLib::Can::RM0008::FilterManager::ConfigFilterArg<(CRSLib::Can::FilterWidth)0, (CRSLib::Can::FilterMode)1>&, CRSLib::Can::RM0008::FilterManager::ConfigFilterArg<(CRSLib::Can::FilterWidth)0, (CRSLib::Can::FilterMode)1>&, CRSLib::Can::RM0008::FilterManager::ConfigFilterArg<(CRSLib::Can::FilterWidth)0, (CRSLib::Can::FilterMode)1>&, CRSLib::Can::RM0008::FilterManager::ConfigFilterArg<(CRSLib::Can::FilterWidth)0, (CRSLib::Can::FilterMode)1>&, CRSLib::Can::RM0008::FilterManager::ConfigFilterArg<(CRSLib::Can::FilterWidth)0, (CRSLib::Can::FilterMode)1>&, CRSLib::Can::RM0008::FilterManager::ConfigFilterArg<(CRSLib::Can::FilterWidth)0, (CRSLib::Can::FilterMode)1>&, CRSLib::Can::RM0008::FilterManager::ConfigFilterArg<(CRSLib::Can::FilterWidth)0, (CRSLib::Can::FilterMode)1>&)
 *fill*         0x0000000008001cf2        0x2 
 .text._ZN6CRSLib3Can6RM000813FilterManager18config_filter_bankIJLNS0_11FilterWidthE0ELS4_0ELS4_0ELS4_0ELS4_0ELS4_0ELS4_0ELS4_0ELS4_0ELS4_0ELS4_0ELS4_0ELS4_0ELS4_0EEJLNS0_10FilterModeE1ELS5_1ELS5_1ELS5_1ELS5_1ELS5_1ELS5_1ELS5_1ELS5_1ELS5_1ELS5_1ELS5_1ELS5_1ELS5_1EEEEvhDpRNS2_15ConfigFilterArgIXT_EXT0_EEE
                0x0000000008001cf4      0x6d0 ./Core/Inc/CRSLib/Can/RM0008/Sample/src/sample.o
                0x0000000008001cf4                void CRSLib::Can::RM0008::FilterManager::config_filter_bank<(CRSLib::Can::FilterWidth)0, (CRSLib::Can::FilterWidth)0, (CRSLib::Can::FilterWidth)0, (CRSLib::Can::FilterWidth)0, (CRSLib::Can::FilterWidth)0, (CRSLib::Can::FilterWidth)0, (CRSLib::Can::FilterWidth)0, (CRSLib::Can::FilterWidth)0, (CRSLib::Can::FilterWidth)0, (CRSLib::Can::FilterWidth)0, (CRSLib::Can::FilterWidth)0, (CRSLib::Can::FilterWidth)0, (CRSLib::Can::FilterWidth)0, (CRSLib::Can::FilterWidth)0, (CRSLib::Can::FilterMode)1, (CRSLib::Can::FilterMode)1, (CRSLib::Can::FilterMode)1, (CRSLib::Can::FilterMode)1, (CRSLib::Can::FilterMode)1, (CRSLib::Can::FilterMode)1, (CRSLib::Can::FilterMode)1, (CRSLib::Can::FilterMode)1, (CRSLib::Can::FilterMode)1, (CRSLib::Can::FilterMode)1, (CRSLib::Can::FilterMode)1, (CRSLib::Can::FilterMode)1, (CRSLib::Can::FilterMode)1, (CRSLib::Can::FilterMode)1>(unsigned char, CRSLib::Can::RM0008::FilterManager::ConfigFilterArg<(CRSLib::Can::FilterWidth)0, (CRSLib::Can::FilterMode)1>&, CRSLib::Can::RM0008::FilterManager::ConfigFilterArg<(CRSLib::Can::FilterWidth)0, (CRSLib::Can::FilterMode)1>&, CRSLib::Can::RM0008::FilterManager::ConfigFilterArg<(CRSLib::Can::FilterWidth)0, (CRSLib::Can::FilterMode)1>&, CRSLib::Can::RM0008::FilterManager::ConfigFilterArg<(CRSLib::Can::FilterWidth)0, (CRSLib::Can::FilterMode)1>&, CRSLib::Can::RM0008::FilterManager::ConfigFilterArg<(CRSLib::Can::FilterWidth)0, (CRSLib::Can::FilterMode)1>&, CRSLib::Can::RM0008::FilterManager::ConfigFilterArg<(CRSLib::Can::FilterWidth)0, (CRSLib::Can::FilterMode)1>&, CRSLib::Can::RM0008::FilterManager::ConfigFilterArg<(CRSLib::Can::FilterWidth)0, (CRSLib::Can::FilterMode)1>&, CRSLib::Can::RM0008::FilterManager::ConfigFilterArg<(CRSLib::Can::FilterWidth)0, (CRSLib::Can::FilterMode)1>&, CRSLib::Can::RM0008::FilterManager::ConfigFilterArg<(CRSLib::Can::FilterWidth)0, (CRSLib::Can::FilterMode)1>&, CRSLib::Can::RM0008::FilterManager::ConfigFilterArg<(CRSLib::Can::FilterWidth)0, (CRSLib::Can::FilterMode)1>&, CRSLib::Can::RM0008::FilterManager::ConfigFilterArg<(CRSLib::Can::FilterWidth)0, (CRSLib::Can::FilterMode)1>&, CRSLib::Can::RM0008::FilterManager::ConfigFilterArg<(CRSLib::Can::FilterWidth)0, (CRSLib::Can::FilterMode)1>&, CRSLib::Can::RM0008::FilterManager::ConfigFilterArg<(CRSLib::Can::FilterWidth)0, (CRSLib::Can::FilterMode)1>&, CRSLib::Can::RM0008::FilterManager::ConfigFilterArg<(CRSLib::Can::FilterWidth)0, (CRSLib::Can::FilterMode)1>&)
 .text._ZN6CRSLib17SafeCircularQueueINS_3Can6RM00087TxFrameELj10EE4pushERKS3_
                0x00000000080023c4       0x42 ./Core/Inc/CRSLib/Can/Sample/src/sample.o
                0x00000000080023c4                CRSLib::SafeCircularQueue<CRSLib::Can::RM0008::TxFrame, 10u>::push(CRSLib::Can::RM0008::TxFrame const&)
 .text._ZN6CRSLib17SafeCircularQueueINS_3Can6RM00087RxFrameELj20EE4pushERKS3_
                0x0000000008002406       0x50 ./Core/Inc/CRSLib/Can/Sample/src/sample.o
                0x0000000008002406                CRSLib::SafeCircularQueue<CRSLib::Can::RM0008::RxFrame, 20u>::push(CRSLib::Can::RM0008::RxFrame const&)
 .text._ZNK6CRSLib17SafeCircularQueueINS_3Can6RM00087RxFrameELj20EE4sizeEv
                0x0000000008002456       0x26 ./Core/Inc/CRSLib/Can/Sample/src/sample.o
                0x0000000008002456                CRSLib::SafeCircularQueue<CRSLib::Can::RM0008::RxFrame, 20u>::size() const
 .text._ZN6CRSLib17SafeCircularQueueINS_3Can6RM00087RxFrameELj20EE5clearEv
                0x000000000800247c        0xa ./Core/Inc/CRSLib/Can/Sample/src/sample.o
                0x000000000800247c                CRSLib::SafeCircularQueue<CRSLib::Can::RM0008::RxFrame, 20u>::clear()
 .text._ZNK6CRSLib17SafeCircularQueueINS_3Can6RM00087TxFrameELj10EE4sizeEv
                0x0000000008002486       0x22 ./Core/Inc/CRSLib/Can/Sample/src/sample.o
                0x0000000008002486                CRSLib::SafeCircularQueue<CRSLib::Can::RM0008::TxFrame, 10u>::size() const
 .text._ZN6CRSLib17SafeCircularQueueINS_3Can6RM00087TxFrameELj10EE5clearEv
                0x00000000080024a8        0xa ./Core/Inc/CRSLib/Can/Sample/src/sample.o
                0x00000000080024a8                CRSLib::SafeCircularQueue<CRSLib::Can::RM0008::TxFrame, 10u>::clear()
 .text._ZN6CRSLib17SafeCircularQueueINS_3Can6RM00087RxFrameELj20EE3popEv
                0x00000000080024b2       0x68 ./Core/Inc/CRSLib/Can/Sample/src/sample.o
                0x00000000080024b2                CRSLib::SafeCircularQueue<CRSLib::Can::RM0008::RxFrame, 20u>::pop()
 .text._ZN6CRSLib17SafeCircularQueueINS_3Can6RM00087TxFrameELj10EE3popEv
                0x000000000800251a       0x5a ./Core/Inc/CRSLib/Can/Sample/src/sample.o
                0x000000000800251a                CRSLib::SafeCircularQueue<CRSLib::Can::RM0008::TxFrame, 10u>::pop()
 .text._ZN6CRSLib3Can9Implement6TxUnitIN13Chibarobo20228SampleTxEE8transmitERNS0_6RM00089PillarboxE
                0x0000000008002574       0x6e ./Core/Inc/CRSLib/Can/Sample/src/sample.o
                0x0000000008002574                CRSLib::Can::Implement::TxUnit<Chibarobo2022::SampleTx>::transmit(CRSLib::Can::RM0008::Pillarbox&)
 .text._ZSt16__insertion_sortIPPN6CRSLib3Can9Implement10TxUnitBaseEN9__gnu_cxx5__ops15_Iter_comp_iterIZNSt6ranges8__detail16__make_comp_projINS9_4lessEZNS1_11TransmitterIJN13Chibarobo20228SampleTxEEE12sort_tx_unitEvEUlPKS3_E_EEDaRT_RT0_EUlOSK_OSM_E_EEEvSK_SK_SM_
                0x00000000080025e2       0x50 ./Core/Inc/CRSLib/Can/Sample/src/sample.o
                0x00000000080025e2                void std::__insertion_sort<CRSLib::Can::Implement::TxUnitBase**, __gnu_cxx::__ops::_Iter_comp_iter<std::ranges::__detail::__make_comp_proj<std::ranges::less, CRSLib::Can::Transmitter<Chibarobo2022::SampleTx>::sort_tx_unit()::{lambda(CRSLib::Can::Implement::TxUnitBase const*)#1}>(std::ranges::less&, CRSLib::Can::Transmitter<Chibarobo2022::SampleTx>::sort_tx_unit()::{lambda(CRSLib::Can::Implement::TxUnitBase const*)#1}&)::{lambda(auto:1&&, auto:2&&)#1}> >(CRSLib::Can::Implement::TxUnitBase**, CRSLib::Can::Implement::TxUnitBase**, __gnu_cxx::__ops::_Iter_comp_iter<std::ranges::__detail::__make_comp_proj<std::ranges::less, CRSLib::Can::Transmitter<Chibarobo2022::SampleTx>::sort_tx_unit()::{lambda(CRSLib::Can::Implement::TxUnitBase const*)#1}>(std::ranges::less&, CRSLib::Can::Transmitter<Chibarobo2022::SampleTx>::sort_tx_unit()::{lambda(CRSLib::Can::Implement::TxUnitBase const*)#1}&)::{lambda(auto:1&&, auto:2&&)#1}>)
 .text._ZSt13__adjust_heapIPPN6CRSLib3Can9Implement10TxUnitBaseEiS4_N9__gnu_cxx5__ops15_Iter_comp_iterIZNSt6ranges8__detail16__make_comp_projINS9_4lessEZNS1_11TransmitterIJN13Chibarobo20228SampleTxEEE12sort_tx_unitEvEUlPKS3_E_EEDaRT_RT0_EUlOSK_OSM_E_EEEvSK_SM_SM_T1_T2_
                0x0000000008002632       0x94 ./Core/Inc/CRSLib/Can/Sample/src/sample.o
                0x0000000008002632                void std::__adjust_heap<CRSLib::Can::Implement::TxUnitBase**, int, CRSLib::Can::Implement::TxUnitBase*, __gnu_cxx::__ops::_Iter_comp_iter<std::ranges::__detail::__make_comp_proj<std::ranges::less, CRSLib::Can::Transmitter<Chibarobo2022::SampleTx>::sort_tx_unit()::{lambda(CRSLib::Can::Implement::TxUnitBase const*)#1}>(std::ranges::less&, CRSLib::Can::Transmitter<Chibarobo2022::SampleTx>::sort_tx_unit()::{lambda(CRSLib::Can::Implement::TxUnitBase const*)#1}&)::{lambda(auto:1&&, auto:2&&)#1}> >(CRSLib::Can::Implement::TxUnitBase**, int, int, CRSLib::Can::Implement::TxUnitBase*, __gnu_cxx::__ops::_Iter_comp_iter<std::ranges::__detail::__make_comp_proj<std::ranges::less, CRSLib::Can::Transmitter<Chibarobo2022::SampleTx>::sort_tx_unit()::{lambda(CRSLib::Can::Implement::TxUnitBase const*)#1}>(std::ranges::less&, CRSLib::Can::Transmitter<Chibarobo2022::SampleTx>::sort_tx_unit()::{lambda(CRSLib::Can::Implement::TxUnitBase const*)#1}&)::{lambda(auto:1&&, auto:2&&)#1}>)
 .text._ZSt16__introsort_loopIPPN6CRSLib3Can9Implement10TxUnitBaseEiN9__gnu_cxx5__ops15_Iter_comp_iterIZNSt6ranges8__detail16__make_comp_projINS9_4lessEZNS1_11TransmitterIJN13Chibarobo20228SampleTxEEE12sort_tx_unitEvEUlPKS3_E_EEDaRT_RT0_EUlOSK_OSM_E_EEEvSK_SK_SM_T1_
                0x00000000080026c6      0x10e ./Core/Inc/CRSLib/Can/Sample/src/sample.o
                0x00000000080026c6                void std::__introsort_loop<CRSLib::Can::Implement::TxUnitBase**, int, __gnu_cxx::__ops::_Iter_comp_iter<std::ranges::__detail::__make_comp_proj<std::ranges::less, CRSLib::Can::Transmitter<Chibarobo2022::SampleTx>::sort_tx_unit()::{lambda(CRSLib::Can::Implement::TxUnitBase const*)#1}>(std::ranges::less&, CRSLib::Can::Transmitter<Chibarobo2022::SampleTx>::sort_tx_unit()::{lambda(CRSLib::Can::Implement::TxUnitBase const*)#1}&)::{lambda(auto:1&&, auto:2&&)#1}> >(CRSLib::Can::Implement::TxUnitBase**, CRSLib::Can::Implement::TxUnitBase**, int, __gnu_cxx::__ops::_Iter_comp_iter<std::ranges::__detail::__make_comp_proj<std::ranges::less, CRSLib::Can::Transmitter<Chibarobo2022::SampleTx>::sort_tx_unit()::{lambda(CRSLib::Can::Implement::TxUnitBase const*)#1}>(std::ranges::less&, CRSLib::Can::Transmitter<Chibarobo2022::SampleTx>::sort_tx_unit()::{lambda(CRSLib::Can::Implement::TxUnitBase const*)#1}&)::{lambda(auto:1&&, auto:2&&)#1}>)
 .text._ZN6CRSLib3Can11TransmitterIJN13Chibarobo20228SampleTxEEEC2IJmEEEDpKT_
                0x00000000080027d4       0xd0 ./Core/Inc/CRSLib/Can/Sample/src/sample.o
                0x00000000080027d4                CRSLib::Can::Transmitter<Chibarobo2022::SampleTx>::Transmitter<unsigned long>(unsigned long const)
                0x00000000080027d4                CRSLib::Can::Transmitter<Chibarobo2022::SampleTx>::Transmitter<unsigned long>(unsigned long const)
 .text.startup._GLOBAL__sub_I__ZN13Chibarobo20228executorE
                0x00000000080028a4       0x6c ./Core/Inc/CRSLib/Can/Sample/src/sample.o
 .text._ZNSt14_Function_baseD2Ev
                0x0000000008002910       0x12 ./Core/Src/CanController.o
                0x0000000008002910                std::_Function_base::~_Function_base()
                0x0000000008002910                std::_Function_base::~_Function_base()
 .text._ZN6CRSLib3Can6RM00089Letterbox7receiveERNS1_7RxFrameE
                0x0000000008002922       0x46 ./Core/Src/CanController.o
                0x0000000008002922                CRSLib::Can::RM0008::Letterbox::receive(CRSLib::Can::RM0008::RxFrame&)
 .text._ZNSt12_Vector_baseIN6CRSLib3Can6RM00087RxFrameESaIS3_EED2Ev
                0x0000000008002968       0x14 ./Core/Src/CanController.o
                0x0000000008002968                std::_Vector_base<CRSLib::Can::RM0008::RxFrame, std::allocator<CRSLib::Can::RM0008::RxFrame> >::~_Vector_base()
                0x0000000008002968                std::_Vector_base<CRSLib::Can::RM0008::RxFrame, std::allocator<CRSLib::Can::RM0008::RxFrame> >::~_Vector_base()
 .text._ZNSt8functionIFifmEEC2ERKS1_
                0x000000000800297c       0x28 ./Core/Src/CanController.o
                0x000000000800297c                std::function<int (float, unsigned long)>::function(std::function<int (float, unsigned long)> const&)
                0x000000000800297c                std::function<int (float, unsigned long)>::function(std::function<int (float, unsigned long)> const&)
 .text._ZN11stepping_md13CanControllerIfEC2ERN6CRSLib3Can6RM000810CanManagerERNS_10ParametersEm
                0x00000000080029a4       0x5c ./Core/Src/CanController.o
                0x00000000080029a4                stepping_md::CanController<float>::CanController(CRSLib::Can::RM0008::CanManager&, stepping_md::Parameters&, unsigned long)
                0x00000000080029a4                stepping_md::CanController<float>::CanController(CRSLib::Can::RM0008::CanManager&, stepping_md::Parameters&, unsigned long)
 .text._ZNSt8functionIFihmEEC2ERKS1_
                0x0000000008002a00       0x28 ./Core/Src/CanController.o
                0x0000000008002a00                std::function<int (unsigned char, unsigned long)>::function(std::function<int (unsigned char, unsigned long)> const&)
                0x0000000008002a00                std::function<int (unsigned char, unsigned long)>::function(std::function<int (unsigned char, unsigned long)> const&)
 .text._ZN11stepping_md13CanControllerIhEC2ERN6CRSLib3Can6RM000810CanManagerERNS_10ParametersEm
                0x0000000008002a28       0x5c ./Core/Src/CanController.o
                0x0000000008002a28                stepping_md::CanController<unsigned char>::CanController(CRSLib::Can::RM0008::CanManager&, stepping_md::Parameters&, unsigned long)
                0x0000000008002a28                stepping_md::CanController<unsigned char>::CanController(CRSLib::Can::RM0008::CanManager&, stepping_md::Parameters&, unsigned long)
 .text._ZNSt6vectorIN6CRSLib3Can6RM00087RxFrameESaIS3_EE17_M_realloc_insertIJRKS3_EEEvN9__gnu_cxx17__normal_iteratorIPS3_S5_EEDpOT_
                0x0000000008002a84      0x120 ./Core/Src/CanController.o
                0x0000000008002a84                void std::vector<CRSLib::Can::RM0008::RxFrame, std::allocator<CRSLib::Can::RM0008::RxFrame> >::_M_realloc_insert<CRSLib::Can::RM0008::RxFrame const&>(__gnu_cxx::__normal_iterator<CRSLib::Can::RM0008::RxFrame*, std::vector<CRSLib::Can::RM0008::RxFrame, std::allocator<CRSLib::Can::RM0008::RxFrame> > >, CRSLib::Can::RM0008::RxFrame const&)
 .text._ZNSt6vectorIN6CRSLib3Can6RM00087RxFrameESaIS3_EE9push_backERKS3_
                0x0000000008002ba4       0x2c ./Core/Src/CanController.o
                0x0000000008002ba4                std::vector<CRSLib::Can::RM0008::RxFrame, std::allocator<CRSLib::Can::RM0008::RxFrame> >::push_back(CRSLib::Can::RM0008::RxFrame const&)
 .text._ZNSt6vectorIN6CRSLib3Can6RM00087RxFrameESaIS3_EE8_M_eraseEN9__gnu_cxx17__normal_iteratorIPS3_S5_EE
                0x0000000008002bd0       0x22 ./Core/Src/CanController.o
                0x0000000008002bd0                std::vector<CRSLib::Can::RM0008::RxFrame, std::allocator<CRSLib::Can::RM0008::RxFrame> >::_M_erase(__gnu_cxx::__normal_iterator<CRSLib::Can::RM0008::RxFrame*, std::vector<CRSLib::Can::RM0008::RxFrame, std::allocator<CRSLib::Can::RM0008::RxFrame> > >)
 *fill*         0x0000000008002bf2        0x2 
 .text._ZN11stepping_md13CanControllerIfE6updateEv
                0x0000000008002bf4       0x80 ./Core/Src/CanController.o
                0x0000000008002bf4                stepping_md::CanController<float>::update()
 .text._ZN11stepping_md13CanControllerIfE14trigger_updateEv
                0x0000000008002c74       0x44 ./Core/Src/CanController.o
                0x0000000008002c74                stepping_md::CanController<float>::trigger_update()
 .text._ZN11stepping_md13CanControllerIhE6updateEv
                0x0000000008002cb8       0x84 ./Core/Src/CanController.o
                0x0000000008002cb8                stepping_md::CanController<unsigned char>::update()
 .text._ZN11stepping_md13CanControllerIhE14trigger_updateEv
                0x0000000008002d3c       0x44 ./Core/Src/CanController.o
                0x0000000008002d3c                stepping_md::CanController<unsigned char>::trigger_update()
 .text._ZSt4swapISt9_Any_dataENSt9enable_ifIXsrSt6__and_IJSt6__not_ISt15__is_tuple_likeIT_EESt21is_move_constructibleIS5_ESt18is_move_assignableIS5_EEE5valueEvE4typeERS5_SF_
                0x0000000008002d80       0x22 ./Core/Src/CanController.o
                0x0000000008002d80                std::enable_if<std::__and_<std::__not_<std::__is_tuple_like<std::_Any_data> >, std::is_move_constructible<std::_Any_data>, std::is_move_assignable<std::_Any_data> >::value, void>::type std::swap<std::_Any_data>(std::_Any_data&, std::_Any_data&)
 .text._ZN11stepping_md13CanControllerIfE12set_callbackESt8functionIFifmEE
                0x0000000008002da2       0x2c ./Core/Src/CanController.o
                0x0000000008002da2                stepping_md::CanController<float>::set_callback(std::function<int (float, unsigned long)>)
 .text._ZN11stepping_md13CanControllerIhE12set_callbackESt8functionIFihmEE
                0x0000000008002dce       0x2c ./Core/Src/CanController.o
                0x0000000008002dce                stepping_md::CanController<unsigned char>::set_callback(std::function<int (unsigned char, unsigned long)>)
 *fill*         0x0000000008002dfa        0x2 
 .text.startup._GLOBAL__sub_I_CanController.cpp
                0x0000000008002dfc       0x7c ./Core/Src/CanController.o
 .text.exit._GLOBAL__sub_D_CanController.cpp
                0x0000000008002e78       0x94 ./Core/Src/CanController.o
 .text._ZN11stepping_md15MotorController15update_positionEv
                0x0000000008002f0c       0x38 ./Core/Src/MotorController.o
                0x0000000008002f0c                stepping_md::MotorController::update_position()
 .text._ZN11stepping_md15MotorController13set_directionEi
                0x0000000008002f44       0x28 ./Core/Src/MotorController.o
                0x0000000008002f44                stepping_md::MotorController::set_direction(int)
 .text._ZN11stepping_md15MotorController5startEv
                0x0000000008002f6c       0x16 ./Core/Src/MotorController.o
                0x0000000008002f6c                stepping_md::MotorController::start()
 .text._ZN11stepping_md15MotorController4stopEv
                0x0000000008002f82       0x16 ./Core/Src/MotorController.o
                0x0000000008002f82                stepping_md::MotorController::stop()
 .text._ZN11stepping_md15MotorController6enableEv
                0x0000000008002f98       0x1c ./Core/Src/MotorController.o
                0x0000000008002f98                stepping_md::MotorController::enable()
 .text._ZN11stepping_md15MotorController7disableEv
                0x0000000008002fb4       0x1c ./Core/Src/MotorController.o
                0x0000000008002fb4                stepping_md::MotorController::disable()
 .text._ZN11stepping_md15MotorController14move_to_targetEf
                0x0000000008002fd0       0x22 ./Core/Src/MotorController.o
                0x0000000008002fd0                stepping_md::MotorController::move_to_target(float)
 .text._ZN11stepping_md15MotorControllerC2EtP12GPIO_TypeDeftS2_fP17TIM_HandleTypeDefRNS_10ParametersE
                0x0000000008002ff2       0x38 ./Core/Src/MotorController.o
                0x0000000008002ff2                stepping_md::MotorController::MotorController(unsigned short, GPIO_TypeDef*, unsigned short, GPIO_TypeDef*, float, TIM_HandleTypeDef*, stepping_md::Parameters&)
                0x0000000008002ff2                stepping_md::MotorController::MotorController(unsigned short, GPIO_TypeDef*, unsigned short, GPIO_TypeDef*, float, TIM_HandleTypeDef*, stepping_md::Parameters&)
 .text._ZN11stepping_md15MotorController9set_speedEf
                0x000000000800302a       0x3e ./Core/Src/MotorController.o
                0x000000000800302a                stepping_md::MotorController::set_speed(float)
 .text._ZN11stepping_md15MotorController6updateEv
                0x0000000008003068       0x4c ./Core/Src/MotorController.o
                0x0000000008003068                stepping_md::MotorController::update()
 .text._ZN11stepping_md15MotorController26trigger_emergency_callbackEv
                0x00000000080030b4       0x3c ./Core/Src/MotorController.o
                0x00000000080030b4                stepping_md::MotorController::trigger_emergency_callback()
 .text._ZN11stepping_md15MotorController14trigger_updateEv
                0x00000000080030f0       0x34 ./Core/Src/MotorController.o
                0x00000000080030f0                stepping_md::MotorController::trigger_update()
 .text.startup._GLOBAL__sub_I__ZN11stepping_md15MotorController9instancesB5cxx11E
                0x0000000008003124       0x10 ./Core/Src/MotorController.o
 .text.exit._GLOBAL__sub_D__ZN11stepping_md15MotorController9instancesB5cxx11E
                0x0000000008003134       0x1c ./Core/Src/MotorController.o
 .text._ZN11stepping_md10Parameters15get_motor_paramEv
                0x0000000008003150        0xe ./Core/Src/Parameters.o
                0x0000000008003150                stepping_md::Parameters::get_motor_param()
 .text._ZN11stepping_md10Parameters15set_motor_paramERKNS_10MotorParamE
                0x000000000800315e        0xa ./Core/Src/Parameters.o
                0x000000000800315e                stepping_md::Parameters::set_motor_param(stepping_md::MotorParam const&)
 .text._ZN11stepping_md10Parameters7get_BIDEv
                0x0000000008003168        0x4 ./Core/Src/Parameters.o
                0x0000000008003168                stepping_md::Parameters::get_BID()
 .text._ZN11stepping_md10Parameters7set_BIDEt
                0x000000000800316c        0x4 ./Core/Src/Parameters.o
                0x000000000800316c                stepping_md::Parameters::set_BID(unsigned short)
 .text._ZN11stepping_md10Parameters26trigger_emergency_callbackEv
                0x0000000008003170        0x2 ./Core/Src/Parameters.o
                0x0000000008003170                stepping_md::Parameters::trigger_emergency_callback()
 *fill*         0x0000000008003172        0x2 
 .text.startup._GLOBAL__sub_I__ZN11stepping_md10Parameters9instancesB5cxx11E
                0x0000000008003174       0x10 ./Core/Src/Parameters.o
 .text.exit._GLOBAL__sub_D__ZN11stepping_md10Parameters9instancesB5cxx11E
                0x0000000008003184       0x1c ./Core/Src/Parameters.o
 .text._ZN11stepping_md11led_processEv
                0x00000000080031a0       0x98 ./Core/Src/led_process.o
                0x00000000080031a0                stepping_md::led_process()
 .text._ZN11stepping_md13blink_can_ledEv
                0x0000000008003238       0x2c ./Core/Src/led_process.o
                0x0000000008003238                stepping_md::blink_can_led()
 .text._ZN11stepping_md13on_yellow_ledEv
                0x0000000008003264       0x10 ./Core/Src/led_process.o
                0x0000000008003264                stepping_md::on_yellow_led()
 .text._ZN11stepping_md14off_yellow_ledEv
                0x0000000008003274       0x10 ./Core/Src/led_process.o
                0x0000000008003274                stepping_md::off_yellow_led()
 .text.SystemClock_Config
                0x0000000008003284       0x5e ./Core/Src/main.o
                0x0000000008003284                SystemClock_Config
 *fill*         0x00000000080032e2        0x2 
 .text.startup.main
                0x00000000080032e4      0x344 ./Core/Src/main.o
                0x00000000080032e4                main
 .text.HAL_MspInit
                0x0000000008003628       0x44 ./Core/Src/stm32f1xx_hal_msp.o
                0x0000000008003628                HAL_MspInit
 .text.HAL_CAN_MspInit
                0x000000000800366c       0x88 ./Core/Src/stm32f1xx_hal_msp.o
                0x000000000800366c                HAL_CAN_MspInit
 .text.HAL_TIM_Base_MspInit
                0x00000000080036f4       0x68 ./Core/Src/stm32f1xx_hal_msp.o
                0x00000000080036f4                HAL_TIM_Base_MspInit
 .text.HAL_TIM_MspPostInit
                0x000000000800375c       0xcc ./Core/Src/stm32f1xx_hal_msp.o
                0x000000000800375c                HAL_TIM_MspPostInit
 .text.NMI_Handler
                0x0000000008003828        0x2 ./Core/Src/stm32f1xx_it.o
                0x0000000008003828                NMI_Handler
 .text.HardFault_Handler
                0x000000000800382a        0x2 ./Core/Src/stm32f1xx_it.o
                0x000000000800382a                HardFault_Handler
 .text.MemManage_Handler
                0x000000000800382c        0x2 ./Core/Src/stm32f1xx_it.o
                0x000000000800382c                MemManage_Handler
 .text.BusFault_Handler
                0x000000000800382e        0x2 ./Core/Src/stm32f1xx_it.o
                0x000000000800382e                BusFault_Handler
 .text.UsageFault_Handler
                0x0000000008003830        0x2 ./Core/Src/stm32f1xx_it.o
                0x0000000008003830                UsageFault_Handler
 .text.SVC_Handler
                0x0000000008003832        0x2 ./Core/Src/stm32f1xx_it.o
                0x0000000008003832                SVC_Handler
 .text.DebugMon_Handler
                0x0000000008003834        0x2 ./Core/Src/stm32f1xx_it.o
                0x0000000008003834                DebugMon_Handler
 .text.PendSV_Handler
                0x0000000008003836        0x2 ./Core/Src/stm32f1xx_it.o
                0x0000000008003836                PendSV_Handler
 .text.SysTick_Handler
                0x0000000008003838        0x4 ./Core/Src/stm32f1xx_it.o
                0x0000000008003838                SysTick_Handler
 .text.EXTI4_IRQHandler
                0x000000000800383c        0x6 ./Core/Src/stm32f1xx_it.o
                0x000000000800383c                EXTI4_IRQHandler
 .text._getpid  0x0000000008003842        0x4 ./Core/Src/syscalls.o
                0x0000000008003842                _getpid
 .text._kill    0x0000000008003846       0x10 ./Core/Src/syscalls.o
                0x0000000008003846                _kill
 .text._exit    0x0000000008003856        0xc ./Core/Src/syscalls.o
                0x0000000008003856                _exit
 *fill*         0x0000000008003862        0x2 
 .text._sbrk    0x0000000008003864       0x40 ./Core/Src/sysmem.o
                0x0000000008003864                _sbrk
 .text.SystemInit
                0x00000000080038a4        0x2 ./Core/Src/system_stm32f1xx.o
                0x00000000080038a4                SystemInit
 .text._ZSt13move_backwardIPhS0_ET0_T_S2_S1_.isra.0
                0x00000000080038a6       0x10 ./Core/Src/wrapper.o
 *fill*         0x00000000080038b6        0x2 
 .text._ZNSt17_Function_handlerIFifmEZ11wrapper_cppEUlfmE4_E10_M_managerERSt9_Any_dataRKS3_St18_Manager_operation
                0x00000000080038b8       0x20 ./Core/Src/wrapper.o
 .text._ZNSt17_Function_handlerIFifmEZ11wrapper_cppEUlfmE4_E9_M_invokeERKSt9_Any_dataOfOm
                0x00000000080038d8       0x40 ./Core/Src/wrapper.o
 .text._ZNSt17_Function_handlerIFifmEZ11wrapper_cppEUlfmE3_E10_M_managerERSt9_Any_dataRKS3_St18_Manager_operation
                0x0000000008003918       0x20 ./Core/Src/wrapper.o
 .text._ZNSt17_Function_handlerIFifmEZ11wrapper_cppEUlfmE3_E9_M_invokeERKSt9_Any_dataOfOm
                0x0000000008003938       0x40 ./Core/Src/wrapper.o
 .text._ZNSt17_Function_handlerIFifmEZ11wrapper_cppEUlfmE2_E10_M_managerERSt9_Any_dataRKS3_St18_Manager_operation
                0x0000000008003978       0x20 ./Core/Src/wrapper.o
 .text._ZNSt17_Function_handlerIFifmEZ11wrapper_cppEUlfmE2_E9_M_invokeERKSt9_Any_dataOfOm
                0x0000000008003998       0x3c ./Core/Src/wrapper.o
 .text._ZNSt17_Function_handlerIFihmEZ11wrapper_cppEUlhmE1_E10_M_managerERSt9_Any_dataRKS3_St18_Manager_operation
                0x00000000080039d4       0x20 ./Core/Src/wrapper.o
 .text._ZNSt17_Function_handlerIFihmEZ11wrapper_cppEUlhmE1_E9_M_invokeERKSt9_Any_dataOhOm
                0x00000000080039f4       0x3c ./Core/Src/wrapper.o
 .text._ZNSt17_Function_handlerIFihmEZ11wrapper_cppEUlhmE0_E10_M_managerERSt9_Any_dataRKS3_St18_Manager_operation
                0x0000000008003a30       0x20 ./Core/Src/wrapper.o
 .text._ZNSt17_Function_handlerIFihmEZ11wrapper_cppEUlhmE0_E9_M_invokeERKSt9_Any_dataOhOm
                0x0000000008003a50       0x3c ./Core/Src/wrapper.o
 .text._ZNSt17_Function_handlerIFihmEZ11wrapper_cppEUlhmE_E10_M_managerERSt9_Any_dataRKS3_St18_Manager_operation
                0x0000000008003a8c       0x20 ./Core/Src/wrapper.o
 .text._ZNSt17_Function_handlerIFihmEZ11wrapper_cppEUlhmE_E9_M_invokeERKSt9_Any_dataOhOm
                0x0000000008003aac       0x38 ./Core/Src/wrapper.o
 .text.HAL_GPIO_EXTI_Callback
                0x0000000008003ae4       0x10 ./Core/Src/wrapper.o
                0x0000000008003ae4                HAL_GPIO_EXTI_Callback
 .text._ZSt16__insertion_sortIPhN9__gnu_cxx5__ops15_Iter_comp_iterIZNSt6ranges8__detail16__make_comp_projINS4_4lessEZN6CRSLib3Can6RM000813FilterManager9Implement16FilterManagerImp22set_filter_match_indexIJLNS9_11FilterWidthE0ELSF_0ELSF_0EEJLNS9_10FilterModeE0ELSG_0ELSG_0EEEEvhDpRNSB_15ConfigFilterArgIXT_EXT0_EEEEUlT_E0_EEDaRSL_RT0_EUlOSL_OSO_E_EEEvSL_SL_SO_
                0x0000000008003af4       0x52 ./Core/Src/wrapper.o
                0x0000000008003af4                void std::__insertion_sort<unsigned char*, __gnu_cxx::__ops::_Iter_comp_iter<std::ranges::__detail::__make_comp_proj<std::ranges::less, CRSLib::Can::RM0008::FilterManager::Implement::FilterManagerImp::set_filter_match_index<(CRSLib::Can::FilterWidth)0, (CRSLib::Can::FilterWidth)0, (CRSLib::Can::FilterWidth)0, (CRSLib::Can::FilterMode)0, (CRSLib::Can::FilterMode)0, (CRSLib::Can::FilterMode)0>(unsigned char, CRSLib::Can::RM0008::FilterManager::ConfigFilterArg<(CRSLib::Can::FilterWidth)0, (CRSLib::Can::FilterMode)0>&, CRSLib::Can::RM0008::FilterManager::ConfigFilterArg<(CRSLib::Can::FilterWidth)0, (CRSLib::Can::FilterMode)0>&, CRSLib::Can::RM0008::FilterManager::ConfigFilterArg<(CRSLib::Can::FilterWidth)0, (CRSLib::Can::FilterMode)0>&)::{lambda(auto:1)#2}>(std::ranges::less&, CRSLib::Can::RM0008::FilterManager::Implement::FilterManagerImp::set_filter_match_index<(CRSLib::Can::FilterWidth)0, (CRSLib::Can::FilterWidth)0, (CRSLib::Can::FilterWidth)0, (CRSLib::Can::FilterMode)0, (CRSLib::Can::FilterMode)0, (CRSLib::Can::FilterMode)0>(unsigned char, CRSLib::Can::RM0008::FilterManager::ConfigFilterArg<(CRSLib::Can::FilterWidth)0, (CRSLib::Can::FilterMode)0>&, CRSLib::Can::RM0008::FilterManager::ConfigFilterArg<(CRSLib::Can::FilterWidth)0, (CRSLib::Can::FilterMode)0>&, CRSLib::Can::RM0008::FilterManager::ConfigFilterArg<(CRSLib::Can::FilterWidth)0, (CRSLib::Can::FilterMode)0>&)::{lambda(auto:1)#2}&)::{lambda(auto:1&&, auto:2&&)#1}> >(unsigned char*, unsigned char*, __gnu_cxx::__ops::_Iter_comp_iter<std::ranges::__detail::__make_comp_proj<std::ranges::less, CRSLib::Can::RM0008::FilterManager::Implement::FilterManagerImp::set_filter_match_index<(CRSLib::Can::FilterWidth)0, (CRSLib::Can::FilterWidth)0, (CRSLib::Can::FilterWidth)0, (CRSLib::Can::FilterMode)0, (CRSLib::Can::FilterMode)0, (CRSLib::Can::FilterMode)0>(unsigned char, CRSLib::Can::RM0008::FilterManager::ConfigFilterArg<(CRSLib::Can::FilterWidth)0, (CRSLib::Can::FilterMode)0>&, CRSLib::Can::RM0008::FilterManager::ConfigFilterArg<(CRSLib::Can::FilterWidth)0, (CRSLib::Can::FilterMode)0>&, CRSLib::Can::RM0008::FilterManager::ConfigFilterArg<(CRSLib::Can::FilterWidth)0, (CRSLib::Can::FilterMode)0>&)::{lambda(auto:1)#2}>(std::ranges::less&, CRSLib::Can::RM0008::FilterManager::Implement::FilterManagerImp::set_filter_match_index<(CRSLib::Can::FilterWidth)0, (CRSLib::Can::FilterWidth)0, (CRSLib::Can::FilterWidth)0, (CRSLib::Can::FilterMode)0, (CRSLib::Can::FilterMode)0, (CRSLib::Can::FilterMode)0>(unsigned char, CRSLib::Can::RM0008::FilterManager::ConfigFilterArg<(CRSLib::Can::FilterWidth)0, (CRSLib::Can::FilterMode)0>&, CRSLib::Can::RM0008::FilterManager::ConfigFilterArg<(CRSLib::Can::FilterWidth)0, (CRSLib::Can::FilterMode)0>&, CRSLib::Can::RM0008::FilterManager::ConfigFilterArg<(CRSLib::Can::FilterWidth)0, (CRSLib::Can::FilterMode)0>&)::{lambda(auto:1)#2}&)::{lambda(auto:1&&, auto:2&&)#1}>)
 .text._ZSt13__adjust_heapIPhihN9__gnu_cxx5__ops15_Iter_comp_iterIZNSt6ranges8__detail16__make_comp_projINS4_4lessEZN6CRSLib3Can6RM000813FilterManager9Implement16FilterManagerImp22set_filter_match_indexIJLNS9_11FilterWidthE0ELSF_0ELSF_0EEJLNS9_10FilterModeE0ELSG_0ELSG_0EEEEvhDpRNSB_15ConfigFilterArgIXT_EXT0_EEEEUlT_E0_EEDaRSL_RT0_EUlOSL_OSO_E_EEEvSL_SO_SO_T1_T2_
                0x0000000008003b46       0x88 ./Core/Src/wrapper.o
                0x0000000008003b46                void std::__adjust_heap<unsigned char*, int, unsigned char, __gnu_cxx::__ops::_Iter_comp_iter<std::ranges::__detail::__make_comp_proj<std::ranges::less, CRSLib::Can::RM0008::FilterManager::Implement::FilterManagerImp::set_filter_match_index<(CRSLib::Can::FilterWidth)0, (CRSLib::Can::FilterWidth)0, (CRSLib::Can::FilterWidth)0, (CRSLib::Can::FilterMode)0, (CRSLib::Can::FilterMode)0, (CRSLib::Can::FilterMode)0>(unsigned char, CRSLib::Can::RM0008::FilterManager::ConfigFilterArg<(CRSLib::Can::FilterWidth)0, (CRSLib::Can::FilterMode)0>&, CRSLib::Can::RM0008::FilterManager::ConfigFilterArg<(CRSLib::Can::FilterWidth)0, (CRSLib::Can::FilterMode)0>&, CRSLib::Can::RM0008::FilterManager::ConfigFilterArg<(CRSLib::Can::FilterWidth)0, (CRSLib::Can::FilterMode)0>&)::{lambda(auto:1)#2}>(std::ranges::less&, CRSLib::Can::RM0008::FilterManager::Implement::FilterManagerImp::set_filter_match_index<(CRSLib::Can::FilterWidth)0, (CRSLib::Can::FilterWidth)0, (CRSLib::Can::FilterWidth)0, (CRSLib::Can::FilterMode)0, (CRSLib::Can::FilterMode)0, (CRSLib::Can::FilterMode)0>(unsigned char, CRSLib::Can::RM0008::FilterManager::ConfigFilterArg<(CRSLib::Can::FilterWidth)0, (CRSLib::Can::FilterMode)0>&, CRSLib::Can::RM0008::FilterManager::ConfigFilterArg<(CRSLib::Can::FilterWidth)0, (CRSLib::Can::FilterMode)0>&, CRSLib::Can::RM0008::FilterManager::ConfigFilterArg<(CRSLib::Can::FilterWidth)0, (CRSLib::Can::FilterMode)0>&)::{lambda(auto:1)#2}&)::{lambda(auto:1&&, auto:2&&)#1}> >(unsigned char*, int, int, unsigned char, __gnu_cxx::__ops::_Iter_comp_iter<std::ranges::__detail::__make_comp_proj<std::ranges::less, CRSLib::Can::RM0008::FilterManager::Implement::FilterManagerImp::set_filter_match_index<(CRSLib::Can::FilterWidth)0, (CRSLib::Can::FilterWidth)0, (CRSLib::Can::FilterWidth)0, (CRSLib::Can::FilterMode)0, (CRSLib::Can::FilterMode)0, (CRSLib::Can::FilterMode)0>(unsigned char, CRSLib::Can::RM0008::FilterManager::ConfigFilterArg<(CRSLib::Can::FilterWidth)0, (CRSLib::Can::FilterMode)0>&, CRSLib::Can::RM0008::FilterManager::ConfigFilterArg<(CRSLib::Can::FilterWidth)0, (CRSLib::Can::FilterMode)0>&, CRSLib::Can::RM0008::FilterManager::ConfigFilterArg<(CRSLib::Can::FilterWidth)0, (CRSLib::Can::FilterMode)0>&)::{lambda(auto:1)#2}>(std::ranges::less&, CRSLib::Can::RM0008::FilterManager::Implement::FilterManagerImp::set_filter_match_index<(CRSLib::Can::FilterWidth)0, (CRSLib::Can::FilterWidth)0, (CRSLib::Can::FilterWidth)0, (CRSLib::Can::FilterMode)0, (CRSLib::Can::FilterMode)0, (CRSLib::Can::FilterMode)0>(unsigned char, CRSLib::Can::RM0008::FilterManager::ConfigFilterArg<(CRSLib::Can::FilterWidth)0, (CRSLib::Can::FilterMode)0>&, CRSLib::Can::RM0008::FilterManager::ConfigFilterArg<(CRSLib::Can::FilterWidth)0, (CRSLib::Can::FilterMode)0>&, CRSLib::Can::RM0008::FilterManager::ConfigFilterArg<(CRSLib::Can::FilterWidth)0, (CRSLib::Can::FilterMode)0>&)::{lambda(auto:1)#2}&)::{lambda(auto:1&&, auto:2&&)#1}>)
 .text._ZSt16__introsort_loopIPhiN9__gnu_cxx5__ops15_Iter_comp_iterIZNSt6ranges8__detail16__make_comp_projINS4_4lessEZN6CRSLib3Can6RM000813FilterManager9Implement16FilterManagerImp22set_filter_match_indexIJLNS9_11FilterWidthE0ELSF_0ELSF_0EEJLNS9_10FilterModeE0ELSG_0ELSG_0EEEEvhDpRNSB_15ConfigFilterArgIXT_EXT0_EEEEUlT_E0_EEDaRSL_RT0_EUlOSL_OSO_E_EEEvSL_SL_SO_T1_
                0x0000000008003bce      0x10a ./Core/Src/wrapper.o
                0x0000000008003bce                void std::__introsort_loop<unsigned char*, int, __gnu_cxx::__ops::_Iter_comp_iter<std::ranges::__detail::__make_comp_proj<std::ranges::less, CRSLib::Can::RM0008::FilterManager::Implement::FilterManagerImp::set_filter_match_index<(CRSLib::Can::FilterWidth)0, (CRSLib::Can::FilterWidth)0, (CRSLib::Can::FilterWidth)0, (CRSLib::Can::FilterMode)0, (CRSLib::Can::FilterMode)0, (CRSLib::Can::FilterMode)0>(unsigned char, CRSLib::Can::RM0008::FilterManager::ConfigFilterArg<(CRSLib::Can::FilterWidth)0, (CRSLib::Can::FilterMode)0>&, CRSLib::Can::RM0008::FilterManager::ConfigFilterArg<(CRSLib::Can::FilterWidth)0, (CRSLib::Can::FilterMode)0>&, CRSLib::Can::RM0008::FilterManager::ConfigFilterArg<(CRSLib::Can::FilterWidth)0, (CRSLib::Can::FilterMode)0>&)::{lambda(auto:1)#2}>(std::ranges::less&, CRSLib::Can::RM0008::FilterManager::Implement::FilterManagerImp::set_filter_match_index<(CRSLib::Can::FilterWidth)0, (CRSLib::Can::FilterWidth)0, (CRSLib::Can::FilterWidth)0, (CRSLib::Can::FilterMode)0, (CRSLib::Can::FilterMode)0, (CRSLib::Can::FilterMode)0>(unsigned char, CRSLib::Can::RM0008::FilterManager::ConfigFilterArg<(CRSLib::Can::FilterWidth)0, (CRSLib::Can::FilterMode)0>&, CRSLib::Can::RM0008::FilterManager::ConfigFilterArg<(CRSLib::Can::FilterWidth)0, (CRSLib::Can::FilterMode)0>&, CRSLib::Can::RM0008::FilterManager::ConfigFilterArg<(CRSLib::Can::FilterWidth)0, (CRSLib::Can::FilterMode)0>&)::{lambda(auto:1)#2}&)::{lambda(auto:1&&, auto:2&&)#1}> >(unsigned char*, unsigned char*, int, __gnu_cxx::__ops::_Iter_comp_iter<std::ranges::__detail::__make_comp_proj<std::ranges::less, CRSLib::Can::RM0008::FilterManager::Implement::FilterManagerImp::set_filter_match_index<(CRSLib::Can::FilterWidth)0, (CRSLib::Can::FilterWidth)0, (CRSLib::Can::FilterWidth)0, (CRSLib::Can::FilterMode)0, (CRSLib::Can::FilterMode)0, (CRSLib::Can::FilterMode)0>(unsigned char, CRSLib::Can::RM0008::FilterManager::ConfigFilterArg<(CRSLib::Can::FilterWidth)0, (CRSLib::Can::FilterMode)0>&, CRSLib::Can::RM0008::FilterManager::ConfigFilterArg<(CRSLib::Can::FilterWidth)0, (CRSLib::Can::FilterMode)0>&, CRSLib::Can::RM0008::FilterManager::ConfigFilterArg<(CRSLib::Can::FilterWidth)0, (CRSLib::Can::FilterMode)0>&)::{lambda(auto:1)#2}>(std::ranges::less&, CRSLib::Can::RM0008::FilterManager::Implement::FilterManagerImp::set_filter_match_index<(CRSLib::Can::FilterWidth)0, (CRSLib::Can::FilterWidth)0, (CRSLib::Can::FilterWidth)0, (CRSLib::Can::FilterMode)0, (CRSLib::Can::FilterMode)0, (CRSLib::Can::FilterMode)0>(unsigned char, CRSLib::Can::RM0008::FilterManager::ConfigFilterArg<(CRSLib::Can::FilterWidth)0, (CRSLib::Can::FilterMode)0>&, CRSLib::Can::RM0008::FilterManager::ConfigFilterArg<(CRSLib::Can::FilterWidth)0, (CRSLib::Can::FilterMode)0>&, CRSLib::Can::RM0008::FilterManager::ConfigFilterArg<(CRSLib::Can::FilterWidth)0, (CRSLib::Can::FilterMode)0>&)::{lambda(auto:1)#2}&)::{lambda(auto:1&&, auto:2&&)#1}>)
 .text._ZN6CRSLib3Can6RM000813FilterManager9Implement16FilterManagerImp22set_filter_match_indexIJLNS0_11FilterWidthE0ELS6_0ELS6_0EEJLNS0_10FilterModeE0ELS7_0ELS7_0EEEEvhDpRNS2_15ConfigFilterArgIXT_EXT0_EEE
                0x0000000008003cd8       0xfe ./Core/Src/wrapper.o
                0x0000000008003cd8                void CRSLib::Can::RM0008::FilterManager::Implement::FilterManagerImp::set_filter_match_index<(CRSLib::Can::FilterWidth)0, (CRSLib::Can::FilterWidth)0, (CRSLib::Can::FilterWidth)0, (CRSLib::Can::FilterMode)0, (CRSLib::Can::FilterMode)0, (CRSLib::Can::FilterMode)0>(unsigned char, CRSLib::Can::RM0008::FilterManager::ConfigFilterArg<(CRSLib::Can::FilterWidth)0, (CRSLib::Can::FilterMode)0>&, CRSLib::Can::RM0008::FilterManager::ConfigFilterArg<(CRSLib::Can::FilterWidth)0, (CRSLib::Can::FilterMode)0>&, CRSLib::Can::RM0008::FilterManager::ConfigFilterArg<(CRSLib::Can::FilterWidth)0, (CRSLib::Can::FilterMode)0>&)
 *fill*         0x0000000008003dd6        0x2 
 .text._ZN6CRSLib3Can6RM000813FilterManager18config_filter_bankIJLNS0_11FilterWidthE0ELS4_0ELS4_0EEJLNS0_10FilterModeE0ELS5_0ELS5_0EEEEvhDpRNS2_15ConfigFilterArgIXT_EXT0_EEE
                0x0000000008003dd8      0x180 ./Core/Src/wrapper.o
                0x0000000008003dd8                void CRSLib::Can::RM0008::FilterManager::config_filter_bank<(CRSLib::Can::FilterWidth)0, (CRSLib::Can::FilterWidth)0, (CRSLib::Can::FilterWidth)0, (CRSLib::Can::FilterMode)0, (CRSLib::Can::FilterMode)0, (CRSLib::Can::FilterMode)0>(unsigned char, CRSLib::Can::RM0008::FilterManager::ConfigFilterArg<(CRSLib::Can::FilterWidth)0, (CRSLib::Can::FilterMode)0>&, CRSLib::Can::RM0008::FilterManager::ConfigFilterArg<(CRSLib::Can::FilterWidth)0, (CRSLib::Can::FilterMode)0>&, CRSLib::Can::RM0008::FilterManager::ConfigFilterArg<(CRSLib::Can::FilterWidth)0, (CRSLib::Can::FilterMode)0>&)
 .text.wrapper_cpp
                0x0000000008003f58      0x348 ./Core/Src/wrapper.o
                0x0000000008003f58                wrapper_cpp
 .text.Reset_Handler
                0x00000000080042a0       0x48 ./Core/Startup/startup_stm32f103c6tx.o
                0x00000000080042a0                Reset_Handler
 .text.Default_Handler
                0x00000000080042e8        0x2 ./Core/Startup/startup_stm32f103c6tx.o