Archive member included to satisfy reference by file (symbol)

c:/st/stm32cubeide_1.9.0/stm32cubeide/plugins/com.st.stm32cube.ide.mcu.externaltools.gnu-tools-for-stm32.10.3-2021.10.win32_1.0.0.202111181127/tools/bin/../lib/gcc/arm-none-eabi/10.3.1/../../../../arm-none-eabi/lib/thumb/v7-m/nofp\libstdc++_nano.a(class_type_info.o)
                              ./Core/Inc/CRSLib/Can/Sample/src/sample.o (vtable for __cxxabiv1::__class_type_info)
c:/st/stm32cubeide_1.9.0/stm32cubeide/plugins/com.st.stm32cube.ide.mcu.externaltools.gnu-tools-for-stm32.10.3-2021.10.win32_1.0.0.202111181127/tools/bin/../lib/gcc/arm-none-eabi/10.3.1/../../../../arm-none-eabi/lib/thumb/v7-m/nofp\libstdc++_nano.a(del_ops.o)
                              c:/st/stm32cubeide_1.9.0/stm32cubeide/plugins/com.st.stm32cube.ide.mcu.externaltools.gnu-tools-for-stm32.10.3-2021.10.win32_1.0.0.202111181127/tools/bin/../lib/gcc/arm-none-eabi/10.3.1/../../../../arm-none-eabi/lib/thumb/v7-m/nofp\libstdc++_nano.a(class_type_info.o) (operator delete(void*, unsigned int))
c:/st/stm32cubeide_1.9.0/stm32cubeide/plugins/com.st.stm32cube.ide.mcu.externaltools.gnu-tools-for-stm32.10.3-2021.10.win32_1.0.0.202111181127/tools/bin/../lib/gcc/arm-none-eabi/10.3.1/../../../../arm-none-eabi/lib/thumb/v7-m/nofp\libstdc++_nano.a(si_class_type_info.o)
                              ./Core/Inc/CRSLib/Can/Sample/src/sample.o (vtable for __cxxabiv1::__si_class_type_info)
c:/st/stm32cubeide_1.9.0/stm32cubeide/plugins/com.st.stm32cube.ide.mcu.externaltools.gnu-tools-for-stm32.10.3-2021.10.win32_1.0.0.202111181127/tools/bin/../lib/gcc/arm-none-eabi/10.3.1/../../../../arm-none-eabi/lib/thumb/v7-m/nofp\libstdc++_nano.a(tinfo.o)
                              c:/st/stm32cubeide_1.9.0/stm32cubeide/plugins/com.st.stm32cube.ide.mcu.externaltools.gnu-tools-for-stm32.10.3-2021.10.win32_1.0.0.202111181127/tools/bin/../lib/gcc/arm-none-eabi/10.3.1/../../../../arm-none-eabi/lib/thumb/v7-m/nofp\libstdc++_nano.a(class_type_info.o) (std::type_info::~type_info())
c:/st/stm32cubeide_1.9.0/stm32cubeide/plugins/com.st.stm32cube.ide.mcu.externaltools.gnu-tools-for-stm32.10.3-2021.10.win32_1.0.0.202111181127/tools/bin/../lib/gcc/arm-none-eabi/10.3.1/../../../../arm-none-eabi/lib/thumb/v7-m/nofp\libstdc++_nano.a(vmi_class_type_info.o)
                              ./Core/Inc/CRSLib/Can/Sample/src/sample.o (vtable for __cxxabiv1::__vmi_class_type_info)
c:/st/stm32cubeide_1.9.0/stm32cubeide/plugins/com.st.stm32cube.ide.mcu.externaltools.gnu-tools-for-stm32.10.3-2021.10.win32_1.0.0.202111181127/tools/bin/../lib/gcc/arm-none-eabi/10.3.1/../../../../arm-none-eabi/lib/thumb/v7-m/nofp\libstdc++_nano.a(del_op.o)
                              c:/st/stm32cubeide_1.9.0/stm32cubeide/plugins/com.st.stm32cube.ide.mcu.externaltools.gnu-tools-for-stm32.10.3-2021.10.win32_1.0.0.202111181127/tools/bin/../lib/gcc/arm-none-eabi/10.3.1/../../../../arm-none-eabi/lib/thumb/v7-m/nofp\libstdc++_nano.a(del_ops.o) (operator delete(void*))
c:/st/stm32cubeide_1.9.0/stm32cubeide/plugins/com.st.stm32cube.ide.mcu.externaltools.gnu-tools-for-stm32.10.3-2021.10.win32_1.0.0.202111181127/tools/bin/../lib/gcc/arm-none-eabi/10.3.1/../../../../arm-none-eabi/lib/thumb/v7-m/nofp\libc_nano.a(lib_a-errno.o)
                              ./Core/Src/syscalls.o (__errno)
c:/st/stm32cubeide_1.9.0/stm32cubeide/plugins/com.st.stm32cube.ide.mcu.externaltools.gnu-tools-for-stm32.10.3-2021.10.win32_1.0.0.202111181127/tools/bin/../lib/gcc/arm-none-eabi/10.3.1/../../../../arm-none-eabi/lib/thumb/v7-m/nofp\libc_nano.a(lib_a-exit.o)
                              c:/st/stm32cubeide_1.9.0/stm32cubeide/plugins/com.st.stm32cube.ide.mcu.externaltools.gnu-tools-for-stm32.10.3-2021.10.win32_1.0.0.202111181127/tools/bin/../lib/gcc/arm-none-eabi/10.3.1/../../../../arm-none-eabi/lib/thumb/v7-m/nofp/crt0.o (exit)
c:/st/stm32cubeide_1.9.0/stm32cubeide/plugins/com.st.stm32cube.ide.mcu.externaltools.gnu-tools-for-stm32.10.3-2021.10.win32_1.0.0.202111181127/tools/bin/../lib/gcc/arm-none-eabi/10.3.1/../../../../arm-none-eabi/lib/thumb/v7-m/nofp\libc_nano.a(lib_a-impure.o)
                              c:/st/stm32cubeide_1.9.0/stm32cubeide/plugins/com.st.stm32cube.ide.mcu.externaltools.gnu-tools-for-stm32.10.3-2021.10.win32_1.0.0.202111181127/tools/bin/../lib/gcc/arm-none-eabi/10.3.1/../../../../arm-none-eabi/lib/thumb/v7-m/nofp\libc_nano.a(lib_a-exit.o) (_global_impure_ptr)
c:/st/stm32cubeide_1.9.0/stm32cubeide/plugins/com.st.stm32cube.ide.mcu.externaltools.gnu-tools-for-stm32.10.3-2021.10.win32_1.0.0.202111181127/tools/bin/../lib/gcc/arm-none-eabi/10.3.1/../../../../arm-none-eabi/lib/thumb/v7-m/nofp\libc_nano.a(lib_a-init.o)
                              c:/st/stm32cubeide_1.9.0/stm32cubeide/plugins/com.st.stm32cube.ide.mcu.externaltools.gnu-tools-for-stm32.10.3-2021.10.win32_1.0.0.202111181127/tools/bin/../lib/gcc/arm-none-eabi/10.3.1/../../../../arm-none-eabi/lib/thumb/v7-m/nofp/crt0.o (__libc_init_array)
[...]
Memory Configuration

Name             Origin             Length             Attributes
RAM              0x0000000020000000 0x0000000000002800 xrw
FLASH            0x0000000008000000 0x0000000000008000 xr
*default*        0x0000000000000000 0xffffffffffffffff

Linker script and memory map

LOAD c:/st/stm32cubeide_1.9.0/stm32cubeide/plugins/com.st.stm32cube.ide.mcu.externaltools.gnu-tools-for-stm32.10.3-2021.10.win32_1.0.0.202111181127/tools/bin/../lib/gcc/arm-none-eabi/10.3.1/thumb/v7-m/nofp/crti.o
LOAD c:/st/stm32cubeide_1.9.0/stm32cubeide/plugins/com.st.stm32cube.ide.mcu.externaltools.gnu-tools-for-stm32.10.3-2021.10.win32_1.0.0.202111181127/tools/bin/../lib/gcc/arm-none-eabi/10.3.1/thumb/v7-m/nofp/crtbegin.o
LOAD c:/st/stm32cubeide_1.9.0/stm32cubeide/plugins/com.st.stm32cube.ide.mcu.externaltools.gnu-tools-for-stm32.10.3-2021.10.win32_1.0.0.202111181127/tools/bin/../lib/gcc/arm-none-eabi/10.3.1/../../../../arm-none-eabi/lib/thumb/v7-m/nofp/crt0.o
LOAD ./Core/Inc/CRSLib/CMSIS/src/cmsis_for_cpp.o
LOAD ./Core/Inc/CRSLib/Can/RM0008/Sample/src/sample.o
LOAD ./Core/Inc/CRSLib/Can/Sample/src/sample.o
LOAD ./Core/Src/CanController.o
LOAD ./Core/Src/MotorController.o
LOAD ./Core/Src/Parameters.o
LOAD ./Core/Src/main.o
LOAD ./Core/Src/stm32f1xx_hal_msp.o
LOAD ./Core/Src/stm32f1xx_it.o
LOAD ./Core/Src/syscalls.o
LOAD ./Core/Src/sysmem.o
LOAD ./Core/Src/system_stm32f1xx.o
LOAD ./Core/Src/wrapper.o
LOAD ./Core/Startup/startup_stm32f103c6tx.o
LOAD ./Drivers/STM32F1xx_HAL_Driver/Src/stm32f1xx_hal.o
LOAD ./Drivers/STM32F1xx_HAL_Driver/Src/stm32f1xx_hal_can.o
LOAD ./Drivers/STM32F1xx_HAL_Driver/Src/stm32f1xx_hal_cortex.o
LOAD ./Drivers/STM32F1xx_HAL_Driver/Src/stm32f1xx_hal_dma.o
LOAD ./Drivers/STM32F1xx_HAL_Driver/Src/stm32f1xx_hal_exti.o
LOAD ./Drivers/STM32F1xx_HAL_Driver/Src/stm32f1xx_hal_flash.o
LOAD ./Drivers/STM32F1xx_HAL_Driver/Src/stm32f1xx_hal_flash_ex.o
LOAD ./Drivers/STM32F1xx_HAL_Driver/Src/stm32f1xx_hal_gpio.o
LOAD ./Drivers/STM32F1xx_HAL_Driver/Src/stm32f1xx_hal_gpio_ex.o
LOAD ./Drivers/STM32F1xx_HAL_Driver/Src/stm32f1xx_hal_pwr.o
LOAD ./Drivers/STM32F1xx_HAL_Driver/Src/stm32f1xx_hal_rcc.o
LOAD ./Drivers/STM32F1xx_HAL_Driver/Src/stm32f1xx_hal_rcc_ex.o
LOAD ./Drivers/STM32F1xx_HAL_Driver/Src/stm32f1xx_hal_tim.o
LOAD ./Drivers/STM32F1xx_HAL_Driver/Src/stm32f1xx_hal_tim_ex.o
START GROUP
LOAD c:/st/stm32cubeide_1.9.0/stm32cubeide/plugins/com.st.stm32cube.ide.mcu.externaltools.gnu-tools-for-stm32.10.3-2021.10.win32_1.0.0.202111181127/tools/bin/../lib/gcc/arm-none-eabi/10.3.1/../../../../arm-none-eabi/lib/thumb/v7-m/nofp\libstdc++_nano.a
LOAD c:/st/stm32cubeide_1.9.0/stm32cubeide/plugins/com.st.stm32cube.ide.mcu.externaltools.gnu-tools-for-stm32.10.3-2021.10.win32_1.0.0.202111181127/tools/bin/../lib/gcc/arm-none-eabi/10.3.1/../../../../arm-none-eabi/lib/thumb/v7-m/nofp\libsupc++_nano.a
END GROUP
LOAD c:/st/stm32cubeide_1.9.0/stm32cubeide/plugins/com.st.stm32cube.ide.mcu.externaltools.gnu-tools-for-stm32.10.3-2021.10.win32_1.0.0.202111181127/tools/bin/../lib/gcc/arm-none-eabi/10.3.1/../../../../arm-none-eabi/lib/thumb/v7-m/nofp\libstdc++_nano.a
LOAD c:/st/stm32cubeide_1.9.0/stm32cubeide/plugins/com.st.stm32cube.ide.mcu.externaltools.gnu-tools-for-stm32.10.3-2021.10.win32_1.0.0.202111181127/tools/bin/../lib/gcc/arm-none-eabi/10.3.1/../../../../arm-none-eabi/lib/thumb/v7-m/nofp\libm.a
LOAD c:/st/stm32cubeide_1.9.0/stm32cubeide/plugins/com.st.stm32cube.ide.mcu.externaltools.gnu-tools-for-stm32.10.3-2021.10.win32_1.0.0.202111181127/tools/bin/../lib/gcc/arm-none-eabi/10.3.1/../../../../arm-none-eabi/lib/thumb/v7-m/nofp\libc_nano.a
START GROUP
LOAD c:/st/stm32cubeide_1.9.0/stm32cubeide/plugins/com.st.stm32cube.ide.mcu.externaltools.gnu-tools-for-stm32.10.3-2021.10.win32_1.0.0.202111181127/tools/bin/../lib/gcc/arm-none-eabi/10.3.1/thumb/v7-m/nofp\libgcc.a
LOAD c:/st/stm32cubeide_1.9.0/stm32cubeide/plugins/com.st.stm32cube.ide.mcu.externaltools.gnu-tools-for-stm32.10.3-2021.10.win32_1.0.0.202111181127/tools/bin/../lib/gcc/arm-none-eabi/10.3.1/../../../../arm-none-eabi/lib/thumb/v7-m/nofp\libc_nano.a
END GROUP
START GROUP
LOAD c:/st/stm32cubeide_1.9.0/stm32cubeide/plugins/com.st.stm32cube.ide.mcu.externaltools.gnu-tools-for-stm32.10.3-2021.10.win32_1.0.0.202111181127/tools/bin/../lib/gcc/arm-none-eabi/10.3.1/thumb/v7-m/nofp\libgcc.a
LOAD c:/st/stm32cubeide_1.9.0/stm32cubeide/plugins/com.st.stm32cube.ide.mcu.externaltools.gnu-tools-for-stm32.10.3-2021.10.win32_1.0.0.202111181127/tools/bin/../lib/gcc/arm-none-eabi/10.3.1/../../../../arm-none-eabi/lib/thumb/v7-m/nofp\libc_nano.a
LOAD c:/st/stm32cubeide_1.9.0/stm32cubeide/plugins/com.st.stm32cube.ide.mcu.externaltools.gnu-tools-for-stm32.10.3-2021.10.win32_1.0.0.202111181127/tools/bin/../lib/gcc/arm-none-eabi/10.3.1/../../../../arm-none-eabi/lib/thumb/v7-m/nofp\libnosys.a
END GROUP
START GROUP
LOAD c:/st/stm32cubeide_1.9.0/stm32cubeide/plugins/com.st.stm32cube.ide.mcu.externaltools.gnu-tools-for-stm32.10.3-2021.10.win32_1.0.0.202111181127/tools/bin/../lib/gcc/arm-none-eabi/10.3.1/thumb/v7-m/nofp\libgcc.a
LOAD c:/st/stm32cubeide_1.9.0/stm32cubeide/plugins/com.st.stm32cube.ide.mcu.externaltools.gnu-tools-for-stm32.10.3-2021.10.win32_1.0.0.202111181127/tools/bin/../lib/gcc/arm-none-eabi/10.3.1/../../../../arm-none-eabi/lib/thumb/v7-m/nofp\libc_nano.a
LOAD c:/st/stm32cubeide_1.9.0/stm32cubeide/plugins/com.st.stm32cube.ide.mcu.externaltools.gnu-tools-for-stm32.10.3-2021.10.win32_1.0.0.202111181127/tools/bin/../lib/gcc/arm-none-eabi/10.3.1/../../../../arm-none-eabi/lib/thumb/v7-m/nofp\libnosys.a
END GROUP
LOAD c:/st/stm32cubeide_1.9.0/stm32cubeide/plugins/com.st.stm32cube.ide.mcu.externaltools.gnu-tools-for-stm32.10.3-2021.10.win32_1.0.0.202111181127/tools/bin/../lib/gcc/arm-none-eabi/10.3.1/thumb/v7-m/nofp/crtend.o
LOAD c:/st/stm32cubeide_1.9.0/stm32cubeide/plugins/com.st.stm32cube.ide.mcu.externaltools.gnu-tools-for-stm32.10.3-2021.10.win32_1.0.0.202111181127/tools/bin/../lib/gcc/arm-none-eabi/10.3.1/thumb/v7-m/nofp/crtn.o
                0x0000000020002800                _estack = (ORIGIN (RAM) + LENGTH (RAM))
                0x0000000000000200                _Min_Heap_Size = 0x200
                0x0000000000000400                _Min_Stack_Size = 0x400

.isr_vector     0x0000000008000000      0x10c
                0x0000000008000000                . = ALIGN (0x4)
 *(.isr_vector)
 .isr_vector    0x0000000008000000      0x10c ./Core/Startup/startup_stm32f103c6tx.o
                0x0000000008000000                g_pfnVectors
                0x000000000800010c                . = ALIGN (0x4)

.text           0x000000000800010c     0x21c8
                0x000000000800010c                . = ALIGN (0x4)
 *(.text)
 .text          0x000000000800010c       0x40 c:/st/stm32cubeide_1.9.0/stm32cubeide/plugins/com.st.stm32cube.ide.mcu.externaltools.gnu-tools-for-stm32.10.3-2021.10.win32_1.0.0.202111181127/tools/bin/../lib/gcc/arm-none-eabi/10.3.1/thumb/v7-m/nofp/crtbegin.o
 .text          0x000000000800014c       0x14 c:/st/stm32cubeide_1.9.0/stm32cubeide/plugins/com.st.stm32cube.ide.mcu.externaltools.gnu-tools-for-stm32.10.3-2021.10.win32_1.0.0.202111181127/tools/bin/../lib/gcc/arm-none-eabi/10.3.1/../../../../arm-none-eabi/lib/thumb/v7-m/nofp\libc_nano.a(lib_a-strcmp.o)
                0x000000000800014c                strcmp
 *(.text*)
 .text._ZN6CRSLib17SafeCircularQueueINS_3Can6RM00087TxFrameELj10EE4pushERKS3_
                0x0000000008000160       0x42 ./Core/Inc/CRSLib/Can/Sample/src/sample.o
                0x0000000008000160                CRSLib::SafeCircularQueue<CRSLib::Can::RM0008::TxFrame, 10u>::push(CRSLib::Can::RM0008::TxFrame const&)
 .text._ZN6CRSLib17SafeCircularQueueINS_3Can6RM00087RxFrameELj20EE4pushERKS3_
                0x00000000080001a2       0x50 ./Core/Inc/CRSLib/Can/Sample/src/sample.o
                0x00000000080001a2                CRSLib::SafeCircularQueue<CRSLib::Can::RM0008::RxFrame, 20u>::push(CRSLib::Can::RM0008::RxFrame const&)
 .text._ZNK6CRSLib17SafeCircularQueueINS_3Can6RM00087RxFrameELj20EE4sizeEv
                0x00000000080001f2       0x26 ./Core/Inc/CRSLib/Can/Sample/src/sample.o
                0x00000000080001f2                CRSLib::SafeCircularQueue<CRSLib::Can::RM0008::RxFrame, 20u>::size() const
 .text._ZN6CRSLib17SafeCircularQueueINS_3Can6RM00087RxFrameELj20EE5clearEv
                0x0000000008000218        0xa ./Core/Inc/CRSLib/Can/Sample/src/sample.o
                0x0000000008000218                CRSLib::SafeCircularQueue<CRSLib::Can::RM0008::RxFrame, 20u>::clear()
 .text._ZNK6CRSLib17SafeCircularQueueINS_3Can6RM00087TxFrameELj10EE4sizeEv
                0x0000000008000222       0x22 ./Core/Inc/CRSLib/Can/Sample/src/sample.o
                0x0000000008000222                CRSLib::SafeCircularQueue<CRSLib::Can::RM0008::TxFrame, 10u>::size() const
 .text._ZN6CRSLib17SafeCircularQueueINS_3Can6RM00087TxFrameELj10EE5clearEv
                0x0000000008000244        0xa ./Core/Inc/CRSLib/Can/Sample/src/sample.o
                0x0000000008000244                CRSLib::SafeCircularQueue<CRSLib::Can::RM0008::TxFrame, 10u>::clear()
 .text._ZN6CRSLib17SafeCircularQueueINS_3Can6RM00087RxFrameELj20EE3popEv
                0x000000000800024e       0x68 ./Core/Inc/CRSLib/Can/Sample/src/sample.o
                0x000000000800024e                CRSLib::SafeCircularQueue<CRSLib::Can::RM0008::RxFrame, 20u>::pop()
 .text._ZN6CRSLib17SafeCircularQueueINS_3Can6RM00087TxFrameELj10EE3popEv
                0x00000000080002b6       0x5a ./Core/Inc/CRSLib/Can/Sample/src/sample.o
                0x00000000080002b6                CRSLib::SafeCircularQueue<CRSLib::Can::RM0008::TxFrame, 10u>::pop()
 .text._ZN6CRSLib3Can9Implement6TxUnitIN13Chibarobo20228SampleTxEE8transmitERNS0_6RM00089PillarboxE
                0x0000000008000310       0x6e ./Core/Inc/CRSLib/Can/Sample/src/sample.o
                0x0000000008000310                CRSLib::Can::Implement::TxUnit<Chibarobo2022::SampleTx>::transmit(CRSLib::Can::RM0008::Pillarbox&)
 .text._ZSt16__insertion_sortIPPN6CRSLib3Can9Implement10TxUnitBaseEN9__gnu_cxx5__ops15_Iter_comp_iterIZNSt6ranges8__detail16__make_comp_projINS9_4lessEZNS1_11TransmitterIJN13Chibarobo20228SampleTxEEE12sort_tx_unitEvEUlPKS3_E_EEDaRT_RT0_EUlOSK_OSM_E_EEEvSK_SK_SM_
                0x000000000800037e       0x50 ./Core/Inc/CRSLib/Can/Sample/src/sample.o
                0x000000000800037e                void std::__insertion_sort<CRSLib::Can::Implement::TxUnitBase**, __gnu_cxx::__ops::_Iter_comp_iter<std::ranges::__detail::__make_comp_proj<std::ranges::less, CRSLib::Can::Transmitter<Chibarobo2022::SampleTx>::sort_tx_unit()::{lambda(CRSLib::Can::Implement::TxUnitBase const*)#1}>(std::ranges::less&, CRSLib::Can::Transmitter<Chibarobo2022::SampleTx>::sort_tx_unit()::{lambda(CRSLib::Can::Implement::TxUnitBase const*)#1}&)::{lambda(auto:1&&, auto:2&&)#1}> >(CRSLib::Can::Implement::TxUnitBase**, CRSLib::Can::Implement::TxUnitBase**, __gnu_cxx::__ops::_Iter_comp_iter<std::ranges::__detail::__make_comp_proj<std::ranges::less, CRSLib::Can::Transmitter<Chibarobo2022::SampleTx>::sort_tx_unit()::{lambda(CRSLib::Can::Implement::TxUnitBase const*)#1}>(std::ranges::less&, CRSLib::Can::Transmitter<Chibarobo2022::SampleTx>::sort_tx_unit()::{lambda(CRSLib::Can::Implement::TxUnitBase const*)#1}&)::{lambda(auto:1&&, auto:2&&)#1}>)
 .text._ZSt13__adjust_heapIPPN6CRSLib3Can9Implement10TxUnitBaseEiS4_N9__gnu_cxx5__ops15_Iter_comp_iterIZNSt6ranges8__detail16__make_comp_projINS9_4lessEZNS1_11TransmitterIJN13Chibarobo20228SampleTxEEE12sort_tx_unitEvEUlPKS3_E_EEDaRT_RT0_EUlOSK_OSM_E_EEEvSK_SM_SM_T1_T2_
                0x00000000080003ce       0x94 ./Core/Inc/CRSLib/Can/Sample/src/sample.o
                0x00000000080003ce                void std::__adjust_heap<CRSLib::Can::Implement::TxUnitBase**, int, CRSLib::Can::Implement::TxUnitBase*, __gnu_cxx::__ops::_Iter_comp_iter<std::ranges::__detail::__make_comp_proj<std::ranges::less, CRSLib::Can::Transmitter<Chibarobo2022::SampleTx>::sort_tx_unit()::{lambda(CRSLib::Can::Implement::TxUnitBase const*)#1}>(std::ranges::less&, CRSLib::Can::Transmitter<Chibarobo2022::SampleTx>::sort_tx_unit()::{lambda(CRSLib::Can::Implement::TxUnitBase const*)#1}&)::{lambda(auto:1&&, auto:2&&)#1}> >(CRSLib::Can::Implement::TxUnitBase**, int, int, CRSLib::Can::Implement::TxUnitBase*, __gnu_cxx::__ops::_Iter_comp_iter<std::ranges::__detail::__make_comp_proj<std::ranges::less, CRSLib::Can::Transmitter<Chibarobo2022::SampleTx>::sort_tx_unit()::{lambda(CRSLib::Can::Implement::TxUnitBase const*)#1}>(std::ranges::less&, CRSLib::Can::Transmitter<Chibarobo2022::SampleTx>::sort_tx_unit()::{lambda(CRSLib::Can::Implement::TxUnitBase const*)#1}&)::{lambda(auto:1&&, auto:2&&)#1}>)
 .text._ZSt16__introsort_loopIPPN6CRSLib3Can9Implement10TxUnitBaseEiN9__gnu_cxx5__ops15_Iter_comp_iterIZNSt6ranges8__detail16__make_comp_projINS9_4lessEZNS1_11TransmitterIJN13Chibarobo20228SampleTxEEE12sort_tx_unitEvEUlPKS3_E_EEDaRT_RT0_EUlOSK_OSM_E_EEEvSK_SK_SM_T1_
                0x0000000008000462      0x10e ./Core/Inc/CRSLib/Can/Sample/src/sample.o
                0x0000000008000462                void std::__introsort_loop<CRSLib::Can::Implement::TxUnitBase**, int, __gnu_cxx::__ops::_Iter_comp_iter<std::ranges::__detail::__make_comp_proj<std::ranges::less, CRSLib::Can::Transmitter<Chibarobo2022::SampleTx>::sort_tx_unit()::{lambda(CRSLib::Can::Implement::TxUnitBase const*)#1}>(std::ranges::less&, CRSLib::Can::Transmitter<Chibarobo2022::SampleTx>::sort_tx_unit()::{lambda(CRSLib::Can::Implement::TxUnitBase const*)#1}&)::{lambda(auto:1&&, auto:2&&)#1}> >(CRSLib::Can::Implement::TxUnitBase**, CRSLib::Can::Implement::TxUnitBase**, int, __gnu_cxx::__ops::_Iter_comp_iter<std::ranges::__detail::__make_comp_proj<std::ranges::less, CRSLib::Can::Transmitter<Chibarobo2022::SampleTx>::sort_tx_unit()::{lambda(CRSLib::Can::Implement::TxUnitBase const*)#1}>(std::ranges::less&, CRSLib::Can::Transmitter<Chibarobo2022::SampleTx>::sort_tx_unit()::{lambda(CRSLib::Can::Implement::TxUnitBase const*)#1}&)::{lambda(auto:1&&, auto:2&&)#1}>)
 .text._ZN6CRSLib3Can11TransmitterIJN13Chibarobo20228SampleTxEEEC2IJmEEEDpKT_
                0x0000000008000570       0xd0 ./Core/Inc/CRSLib/Can/Sample/src/sample.o
                0x0000000008000570                CRSLib::Can::Transmitter<Chibarobo2022::SampleTx>::Transmitter<unsigned long>(unsigned long const)
                0x0000000008000570                CRSLib::Can::Transmitter<Chibarobo2022::SampleTx>::Transmitter<unsigned long>(unsigned long const)
 .text.startup._GLOBAL__sub_I__ZN13Chibarobo20228executorE
                0x0000000008000640       0x6c ./Core/Inc/CRSLib/Can/Sample/src/sample.o
 .text.SystemClock_Config
                0x00000000080006ac       0x62 ./Core/Src/main.o
                0x00000000080006ac                SystemClock_Config
 *fill*         0x000000000800070e        0x2 
 .text.startup.main
                0x0000000008000710      0x2ec ./Core/Src/main.o
                0x0000000008000710                main
 .text.HAL_MspInit
                0x00000000080009fc       0x44 ./Core/Src/stm32f1xx_hal_msp.o
                0x00000000080009fc                HAL_MspInit
 .text.HAL_CAN_MspInit
                0x0000000008000a40       0x88 ./Core/Src/stm32f1xx_hal_msp.o
                0x0000000008000a40                HAL_CAN_MspInit
 .text.HAL_TIM_Base_MspInit
                0x0000000008000ac8       0x68 ./Core/Src/stm32f1xx_hal_msp.o
                0x0000000008000ac8                HAL_TIM_Base_MspInit
 .text.HAL_TIM_MspPostInit
                0x0000000008000b30       0xcc ./Core/Src/stm32f1xx_hal_msp.o
                0x0000000008000b30                HAL_TIM_MspPostInit
 .text.NMI_Handler
                0x0000000008000bfc        0x2 ./Core/Src/stm32f1xx_it.o
                0x0000000008000bfc                NMI_Handler
 .text.HardFault_Handler
                0x0000000008000bfe        0x2 ./Core/Src/stm32f1xx_it.o
                0x0000000008000bfe                HardFault_Handler
 .text.MemManage_Handler
                0x0000000008000c00        0x2 ./Core/Src/stm32f1xx_it.o
                0x0000000008000c00                MemManage_Handler
 .text.BusFault_Handler
                0x0000000008000c02        0x2 ./Core/Src/stm32f1xx_it.o
                0x0000000008000c02                BusFault_Handler
 .text.UsageFault_Handler
                0x0000000008000c04        0x2 ./Core/Src/stm32f1xx_it.o
                0x0000000008000c04                UsageFault_Handler
 .text.SVC_Handler
                0x0000000008000c06        0x2 ./Core/Src/stm32f1xx_it.o
                0x0000000008000c06                SVC_Handler
 .text.DebugMon_Handler
                0x0000000008000c08        0x2 ./Core/Src/stm32f1xx_it.o
                0x0000000008000c08                DebugMon_Handler
 .text.PendSV_Handler
                0x0000000008000c0a        0x2 ./Core/Src/stm32f1xx_it.o
                0x0000000008000c0a                PendSV_Handler
 .text.SysTick_Handler
                0x0000000008000c0c        0x4 ./Core/Src/stm32f1xx_it.o
                0x0000000008000c0c                SysTick_Handler
 .text.SystemInit
                0x0000000008000c10        0x2 ./Core/Src/system_stm32f1xx.o
                0x0000000008000c10                SystemInit
 .text.wrapper_cpp
                0x0000000008000c12        0x2 ./Core/Src/wrapper.o
                0x0000000008000c12                wrapper_cpp
 .text.Reset_Handler
                0x0000000008000c14       0x48 ./Core/Startup/startup_stm32f103c6tx.o
                0x0000000008000c14                Reset_Handler
 .text.Default_Handler
                0x0000000008000c5c        0x2 ./Core/Startup/startup_stm32f103c6tx.o
                0x0000000008000c5c                RTC_Alarm_IRQHandler
                0x0000000008000c5c                EXTI2_IRQHandler
                0x0000000008000c5c                TIM1_CC_IRQHandler
                0x0000000008000c5c                PVD_IRQHandler
                0x0000000008000c5c                EXTI3_IRQHandler
                0x0000000008000c5c                EXTI0_IRQHandler
                0x0000000008000c5c                ADC1_2_IRQHandler
                0x0000000008000c5c                SPI1_IRQHandler
                0x0000000008000c5c                TAMPER_IRQHandler
                0x0000000008000c5c                DMA1_Channel4_IRQHandler
                0x0000000008000c5c                RTC_IRQHandler
                0x0000000008000c5c                DMA1_Channel7_IRQHandler
                0x0000000008000c5c                CAN1_RX1_IRQHandler
                0x0000000008000c5c                I2C1_EV_IRQHandler
                0x0000000008000c5c                DMA1_Channel6_IRQHandler
                0x0000000008000c5c                TIM3_IRQHandler
                0x0000000008000c5c                RCC_IRQHandler
                0x0000000008000c5c                TIM1_TRG_COM_IRQHandler
                0x0000000008000c5c                DMA1_Channel1_IRQHandler
                0x0000000008000c5c                Default_Handler
                0x0000000008000c5c                EXTI15_10_IRQHandler
                0x0000000008000c5c                EXTI9_5_IRQHandler
                0x0000000008000c5c                DMA1_Channel5_IRQHandler
                0x0000000008000c5c                EXTI4_IRQHandler
                0x0000000008000c5c                USB_LP_CAN1_RX0_IRQHandler
                0x0000000008000c5c                USB_HP_CAN1_TX_IRQHandler
                0x0000000008000c5c                DMA1_Channel3_IRQHandler
                0x0000000008000c5c                TIM1_UP_IRQHandler
                0x0000000008000c5c                WWDG_IRQHandler
                0x0000000008000c5c                TIM2_IRQHandler
                0x0000000008000c5c                TIM1_BRK_IRQHandler
                0x0000000008000c5c                EXTI1_IRQHandler
                0x0000000008000c5c                USART2_IRQHandler
                0x0000000008000c5c                DMA1_Channel2_IRQHandler
                0x0000000008000c5c                CAN1_SCE_IRQHandler
                0x0000000008000c5c                FLASH_IRQHandler
                0x0000000008000c5c                USART1_IRQHandler
                0x0000000008000c5c                I2C1_ER_IRQHandler
                0x0000000008000c5c                USBWakeUp_IRQHandler
 *fill*         0x0000000008000c5e        0x2 
 .text.HAL_InitTick
                0x0000000008000c60       0x48 ./Drivers/STM32F1xx_HAL_Driver/Src/stm32f1xx_hal.o
                0x0000000008000c60                HAL_InitTick
 .text.HAL_Init
                0x0000000008000ca8       0x24 ./Drivers/STM32F1xx_HAL_Driver/Src/stm32f1xx_hal.o
                0x0000000008000ca8                HAL_Init
 .text.HAL_IncTick
                0x0000000008000ccc       0x18 ./Drivers/STM32F1xx_HAL_Driver/Src/stm32f1xx_hal.o
                0x0000000008000ccc                HAL_IncTick
 .text.HAL_GetTick
                0x0000000008000ce4        0xc ./Drivers/STM32F1xx_HAL_Driver/Src/stm32f1xx_hal.o
                0x0000000008000ce4                HAL_GetTick
 .text.HAL_CAN_Init
                0x0000000008000cf0       0xf6 ./Drivers/STM32F1xx_HAL_Driver/Src/stm32f1xx_hal_can.o
                0x0000000008000cf0                HAL_CAN_Init
 .text.HAL_CAN_AddTxMessage
                0x0000000008000de6       0x9c ./Drivers/STM32F1xx_HAL_Driver/Src/stm32f1xx_hal_can.o
                0x0000000008000de6                HAL_CAN_AddTxMessage
 .text.HAL_CAN_GetTxMailboxesFreeLevel
                0x0000000008000e82       0x28 ./Drivers/STM32F1xx_HAL_Driver/Src/stm32f1xx_hal_can.o
                0x0000000008000e82                HAL_CAN_GetTxMailboxesFreeLevel
 *fill*         0x0000000008000eaa        0x2 
 .text.HAL_NVIC_SetPriorityGrouping
                0x0000000008000eac       0x24 ./Drivers/STM32F1xx_HAL_Driver/Src/stm32f1xx_hal_cortex.o
                0x0000000008000eac                HAL_NVIC_SetPriorityGrouping
 .text.HAL_NVIC_SetPriority
                0x0000000008000ed0       0x64 ./Drivers/STM32F1xx_HAL_Driver/Src/stm32f1xx_hal_cortex.o
                0x0000000008000ed0                HAL_NVIC_SetPriority
 .text.HAL_SYSTICK_Config
                0x0000000008000f34       0x28 ./Drivers/STM32F1xx_HAL_Driver/Src/stm32f1xx_hal_cortex.o
                0x0000000008000f34                HAL_SYSTICK_Config
 .text.HAL_GPIO_Init
                0x0000000008000f5c      0x1ac ./Drivers/STM32F1xx_HAL_Driver/Src/stm32f1xx_hal_gpio.o
                0x0000000008000f5c                HAL_GPIO_Init
 .text.HAL_GPIO_WritePin
                0x0000000008001108        0xa ./Drivers/STM32F1xx_HAL_Driver/Src/stm32f1xx_hal_gpio.o
                0x0000000008001108                HAL_GPIO_WritePin
 *fill*         0x0000000008001112        0x2 
 .text.HAL_RCC_OscConfig
                0x0000000008001114      0x338 ./Drivers/STM32F1xx_HAL_Driver/Src/stm32f1xx_hal_rcc.o
                0x0000000008001114                HAL_RCC_OscConfig
 .text.HAL_RCC_GetSysClockFreq
                0x000000000800144c       0x74 ./Drivers/STM32F1xx_HAL_Driver/Src/stm32f1xx_hal_rcc.o
                0x000000000800144c                HAL_RCC_GetSysClockFreq
 .text.HAL_RCC_ClockConfig
                0x00000000080014c0      0x138 ./Drivers/STM32F1xx_HAL_Driver/Src/stm32f1xx_hal_rcc.o
                0x00000000080014c0                HAL_RCC_ClockConfig
 .text.TIM_OC1_SetConfig
                0x00000000080015f8       0x50 ./Drivers/STM32F1xx_HAL_Driver/Src/stm32f1xx_hal_tim.o
 .text.TIM_OC3_SetConfig
                0x0000000008001648       0x54 ./Drivers/STM32F1xx_HAL_Driver/Src/stm32f1xx_hal_tim.o
 .text.TIM_OC4_SetConfig
                0x000000000800169c       0x44 ./Drivers/STM32F1xx_HAL_Driver/Src/stm32f1xx_hal_tim.o
 .text.HAL_TIM_PWM_MspInit
                0x00000000080016e0        0x2 ./Drivers/STM32F1xx_HAL_Driver/Src/stm32f1xx_hal_tim.o
                0x00000000080016e0                HAL_TIM_PWM_MspInit
 *fill*         0x00000000080016e2        0x2 
 .text.TIM_Base_SetConfig
                0x00000000080016e4       0x64 ./Drivers/STM32F1xx_HAL_Driver/Src/stm32f1xx_hal_tim.o
                0x00000000080016e4                TIM_Base_SetConfig
 .text.HAL_TIM_Base_Init
                0x0000000008001748       0x58 ./Drivers/STM32F1xx_HAL_Driver/Src/stm32f1xx_hal_tim.o
                0x0000000008001748                HAL_TIM_Base_Init
 .text.HAL_TIM_PWM_Init
                0x00000000080017a0       0x58 ./Drivers/STM32F1xx_HAL_Driver/Src/stm32f1xx_hal_tim.o
                0x00000000080017a0                HAL_TIM_PWM_Init
 .text.TIM_OC2_SetConfig
                0x00000000080017f8       0x58 ./Drivers/STM32F1xx_HAL_Driver/Src/stm32f1xx_hal_tim.o
                0x00000000080017f8                TIM_OC2_SetConfig
 .text.HAL_TIM_PWM_ConfigChannel
                0x0000000008001850       0xb6 ./Drivers/STM32F1xx_HAL_Driver/Src/stm32f1xx_hal_tim.o
                0x0000000008001850                HAL_TIM_PWM_ConfigChannel
 .text.TIM_ETR_SetConfig
                0x0000000008001906       0x14 ./Drivers/STM32F1xx_HAL_Driver/Src/stm32f1xx_hal_tim.o
                0x0000000008001906                TIM_ETR_SetConfig
 .text.HAL_TIM_ConfigClockSource
                0x000000000800191a      0x128 ./Drivers/STM32F1xx_HAL_Driver/Src/stm32f1xx_hal_tim.o
                0x000000000800191a                HAL_TIM_ConfigClockSource
 *fill*         0x0000000008001a42        0x2 
 .text.HAL_TIMEx_MasterConfigSynchronization
                0x0000000008001a44       0x54 ./Drivers/STM32F1xx_HAL_Driver/Src/stm32f1xx_hal_tim_ex.o
                0x0000000008001a44                HAL_TIMEx_MasterConfigSynchronization
 .text.HAL_TIMEx_ConfigBreakDeadTime
                0x0000000008001a98       0x4c ./Drivers/STM32F1xx_HAL_Driver/Src/stm32f1xx_hal_tim_ex.o
                0x0000000008001a98                HAL_TIMEx_ConfigBreakDeadTime
 .text._ZNK10__cxxabiv117__class_type_info11__do_upcastEPKS0_PPv
                0x0000000008001ae4       0x32 c:/st/stm32cubeide_1.9.0/stm32cubeide/plugins/com.st.stm32cube.ide.mcu.externaltools.gnu-tools-for-stm32.10.3-2021.10.win32_1.0.0.202111181127/tools/bin/../lib/gcc/arm-none-eabi/10.3.1/../../../../arm-none-eabi/lib/thumb/v7-m/nofp\libstdc++_nano.a(class_type_info.o)
                0x0000000008001ae4                __cxxabiv1::__class_type_info::__do_upcast(__cxxabiv1::__class_type_info const*, void**) const
 .text._ZNK10__cxxabiv117__class_type_info20__do_find_public_srcEiPKvPKS0_S2_
                0x0000000008001b16        0xc c:/st/stm32cubeide_1.9.0/stm32cubeide/plugins/com.st.stm32cube.ide.mcu.externaltools.gnu-tools-for-stm32.10.3-2021.10.win32_1.0.0.202111181127/tools/bin/../lib/gcc/arm-none-eabi/10.3.1/../../../../arm-none-eabi/lib/thumb/v7-m/nofp\libstdc++_nano.a(class_type_info.o)
                0x0000000008001b16                __cxxabiv1::__class_type_info::__do_find_public_src(int, void const*, __cxxabiv1::__class_type_info const*, void const*) const
 *fill*         0x0000000008001b22        0x2 
 .text._ZN10__cxxabiv117__class_type_infoD2Ev
                0x0000000008001b24       0x14 c:/st/stm32cubeide_1.9.0/stm32cubeide/plugins/com.st.stm32cube.ide.mcu.externaltools.gnu-tools-for-stm32.10.3-2021.10.win32_1.0.0.202111181127/tools/bin/../lib/gcc/arm-none-eabi/10.3.1/../../../../arm-none-eabi/lib/thumb/v7-m/nofp\libstdc++_nano.a(class_type_info.o)
                0x0000000008001b24                __cxxabiv1::__class_type_info::~__class_type_info()
                0x0000000008001b24                __cxxabiv1::__class_type_info::~__class_type_info()
 .text._ZN10__cxxabiv117__class_type_infoD0Ev
                0x0000000008001b38       0x14 c:/st/stm32cubeide_1.9.0/stm32cubeide/plugins/com.st.stm32cube.ide.mcu.externaltools.gnu-tools-for-stm32.10.3-2021.10.win32_1.0.0.202111181127/tools/bin/../lib/gcc/arm-none-eabi/10.3.1/../../../../arm-none-eabi/lib/thumb/v7-m/nofp\libstdc++_nano.a(class_type_info.o)
                0x0000000008001b38                __cxxabiv1::__class_type_info::~__class_type_info()
 .text._ZNK10__cxxabiv117__class_type_info12__do_dyncastEiNS0_10__sub_kindEPKS0_PKvS3_S5_RNS0_16__dyncast_resultE
                0x0000000008001b4c       0x3e c:/st/stm32cubeide_1.9.0/stm32cubeide/plugins/com.st.stm32cube.ide.mcu.externaltools.gnu-tools-for-stm32.10.3-2021.10.win32_1.0.0.202111181127/tools/bin/../lib/gcc/arm-none-eabi/10.3.1/../../../../arm-none-eabi/lib/thumb/v7-m/nofp\libstdc++_nano.a(class_type_info.o)
                0x0000000008001b4c                __cxxabiv1::__class_type_info::__do_dyncast(int, __cxxabiv1::__class_type_info::__sub_kind, __cxxabiv1::__class_type_info const*, void const*, __cxxabiv1::__class_type_info const*, void const*, __cxxabiv1::__class_type_info::__dyncast_result&) const
 .text._ZNK10__cxxabiv117__class_type_info11__do_upcastEPKS0_PKvRNS0_15__upcast_resultE
                0x0000000008001b8a       0x18 c:/st/stm32cubeide_1.9.0/stm32cubeide/plugins/com.st.stm32cube.ide.mcu.externaltools.gnu-tools-for-stm32.10.3-2021.10.win32_1.0.0.202111181127/tools/bin/../lib/gcc/arm-none-eabi/10.3.1/../../../../arm-none-eabi/lib/thumb/v7-m/nofp\libstdc++_nano.a(class_type_info.o)
                0x0000000008001b8a                __cxxabiv1::__class_type_info::__do_upcast(__cxxabiv1::__class_type_info const*, void const*, __cxxabiv1::__class_type_info::__upcast_result&) const
 .text._ZNK10__cxxabiv117__class_type_info10__do_catchEPKSt9type_infoPPvj
                0x0000000008001ba2       0x2a c:/st/stm32cubeide_1.9.0/stm32cubeide/plugins/com.st.stm32cube.ide.mcu.externaltools.gnu-tools-for-stm32.10.3-2021.10.win32_1.0.0.202111181127/tools/bin/../lib/gcc/arm-none-eabi/10.3.1/../../../../arm-none-eabi/lib/thumb/v7-m/nofp\libstdc++_nano.a(class_type_info.o)
                0x0000000008001ba2                __cxxabiv1::__class_type_info::__do_catch(std::type_info const*, void**, unsigned int) const
 .text._ZdlPvj  0x0000000008001bcc        0x4 c:/st/stm32cubeide_1.9.0/stm32cubeide/plugins/com.st.stm32cube.ide.mcu.externaltools.gnu-tools-for-stm32.10.3-2021.10.win32_1.0.0.202111181127/tools/bin/../lib/gcc/arm-none-eabi/10.3.1/../../../../arm-none-eabi/lib/thumb/v7-m/nofp\libstdc++_nano.a(del_ops.o)
                0x0000000008001bcc                operator delete(void*, unsigned int)
 .text._ZN10__cxxabiv120__si_class_type_infoD2Ev
                0x0000000008001bd0       0x14 c:/st/stm32cubeide_1.9.0/stm32cubeide/plugins/com.st.stm32cube.ide.mcu.externaltools.gnu-tools-for-stm32.10.3-2021.10.win32_1.0.0.202111181127/tools/bin/../lib/gcc/arm-none-eabi/10.3.1/../../../../arm-none-eabi/lib/thumb/v7-m/nofp\libstdc++_nano.a(si_class_type_info.o)
                0x0000000008001bd0                __cxxabiv1::__si_class_type_info::~__si_class_type_info()
                0x0000000008001bd0                __cxxabiv1::__si_class_type_info::~__si_class_type_info()
 .text._ZN10__cxxabiv120__si_class_type_infoD0Ev
                0x0000000008001be4       0x14 c:/st/stm32cubeide_1.9.0/stm32cubeide/plugins/com.st.stm32cube.ide.mcu.externaltools.gnu-tools-for-stm32.10.3-2021.10.win32_1.0.0.202111181127/tools/bin/../lib/gcc/arm-none-eabi/10.3.1/../../../../arm-none-eabi/lib/thumb/v7-m/nofp\libstdc++_nano.a(si_class_type_info.o)
                0x0000000008001be4                __cxxabiv1::__si_class_type_info::~__si_class_type_info()
 .text._ZNK10__cxxabiv120__si_class_type_info20__do_find_public_srcEiPKvPKNS_17__class_type_infoES2_
                0x0000000008001bf8       0x3c c:/st/stm32cubeide_1.9.0/stm32cubeide/plugins/com.st.stm32cube.ide.mcu.externaltools.gnu-tools-for-stm32.10.3-2021.10.win32_1.0.0.202111181127/tools/bin/../lib/gcc/arm-none-eabi/10.3.1/../../../../arm-none-eabi/lib/thumb/v7-m/nofp\libstdc++_nano.a(si_class_type_info.o)
                0x0000000008001bf8                __cxxabiv1::__si_class_type_info::__do_find_public_src(int, void const*, __cxxabiv1::__class_type_info const*, void const*) const
 .text._ZNK10__cxxabiv120__si_class_type_info12__do_dyncastEiNS_17__class_type_info10__sub_kindEPKS1_PKvS4_S6_RNS1_16__dyncast_resultE
                0x0000000008001c34       0x74 c:/st/stm32cubeide_1.9.0/stm32cubeide/plugins/com.st.stm32cube.ide.mcu.externaltools.gnu-tools-for-stm32.10.3-2021.10.win32_1.0.0.202111181127/tools/bin/../lib/gcc/arm-none-eabi/10.3.1/../../../../arm-none-eabi/lib/thumb/v7-m/nofp\libstdc++_nano.a(si_class_type_info.o)
                0x0000000008001c34                __cxxabiv1::__si_class_type_info::__do_dyncast(int, __cxxabiv1::__class_type_info::__sub_kind, __cxxabiv1::__class_type_info const*, void const*, __cxxabiv1::__class_type_info const*, void const*, __cxxabiv1::__class_type_info::__dyncast_result&) const
 .text._ZNK10__cxxabiv120__si_class_type_info11__do_upcastEPKNS_17__class_type_infoEPKvRNS1_15__upcast_resultE
                0x0000000008001ca8       0x2a c:/st/stm32cubeide_1.9.0/stm32cubeide/plugins/com.st.stm32cube.ide.mcu.externaltools.gnu-tools-for-stm32.10.3-2021.10.win32_1.0.0.202111181127/tools/bin/../lib/gcc/arm-none-eabi/10.3.1/../../../../arm-none-eabi/lib/thumb/v7-m/nofp\libstdc++_nano.a(si_class_type_info.o)
                0x0000000008001ca8                __cxxabiv1::__si_class_type_info::__do_upcast(__cxxabiv1::__class_type_info const*, void const*, __cxxabiv1::__class_type_info::__upcast_result&) const
 .text._ZNSt9type_infoD2Ev
                0x0000000008001cd2        0x2 c:/st/stm32cubeide_1.9.0/stm32cubeide/plugins/com.st.stm32cube.ide.mcu.externaltools.gnu-tools-for-stm32.10.3-2021.10.win32_1.0.0.202111181127/tools/bin/../lib/gcc/arm-none-eabi/10.3.1/../../../../arm-none-eabi/lib/thumb/v7-m/nofp\libstdc++_nano.a(tinfo.o)
                0x0000000008001cd2                std::type_info::~type_info()
                0x0000000008001cd2                std::type_info::~type_info()
 .text._ZNKSt9type_info14__is_pointer_pEv
                0x0000000008001cd4        0x4 c:/st/stm32cubeide_1.9.0/stm32cubeide/plugins/com.st.stm32cube.ide.mcu.externaltools.gnu-tools-for-stm32.10.3-2021.10.win32_1.0.0.202111181127/tools/bin/../lib/gcc/arm-none-eabi/10.3.1/../../../../arm-none-eabi/lib/thumb/v7-m/nofp\libstdc++_nano.a(tinfo.o)
                0x0000000008001cd4                std::type_info::__is_pointer_p() const
                0x0000000008001cd4                std::type_info::__is_function_p() const
 .text._ZNKSt9type_infoeqERKS_
                0x0000000008001cd8       0x2c c:/st/stm32cubeide_1.9.0/stm32cubeide/plugins/com.st.stm32cube.ide.mcu.externaltools.gnu-tools-for-stm32.10.3-2021.10.win32_1.0.0.202111181127/tools/bin/../lib/gcc/arm-none-eabi/10.3.1/../../../../arm-none-eabi/lib/thumb/v7-m/nofp\libstdc++_nano.a(tinfo.o)
                0x0000000008001cd8                std::type_info::operator==(std::type_info const&) const
 .text._ZN10__cxxabiv121__vmi_class_type_infoD2Ev
                0x0000000008001d04       0x14 c:/st/stm32cubeide_1.9.0/stm32cubeide/plugins/com.st.stm32cube.ide.mcu.externaltools.gnu-tools-for-stm32.10.3-2021.10.win32_1.0.0.202111181127/tools/bin/../lib/gcc/arm-none-eabi/10.3.1/../../../../arm-none-eabi/lib/thumb/v7-m/nofp\libstdc++_nano.a(vmi_class_type_info.o)
                0x0000000008001d04                __cxxabiv1::__vmi_class_type_info::~__vmi_class_type_info()
                0x0000000008001d04                __cxxabiv1::__vmi_class_type_info::~__vmi_class_type_info()
 .text._ZN10__cxxabiv121__vmi_class_type_infoD0Ev
                0x0000000008001d18       0x14 c:/st/stm32cubeide_1.9.0/stm32cubeide/plugins/com.st.stm32cube.ide.mcu.externaltools.gnu-tools-for-stm32.10.3-2021.10.win32_1.0.0.202111181127/tools/bin/../lib/gcc/arm-none-eabi/10.3.1/../../../../arm-none-eabi/lib/thumb/v7-m/nofp\libstdc++_nano.a(vmi_class_type_info.o)
                0x0000000008001d18                __cxxabiv1::__vmi_class_type_info::~__vmi_class_type_info()
 .text._ZNK10__cxxabiv121__vmi_class_type_info20__do_find_public_srcEiPKvPKNS_17__class_type_infoES2_
                0x0000000008001d2c       0x78 c:/st/stm32cubeide_1.9.0/stm32cubeide/plugins/com.st.stm32cube.ide.mcu.externaltools.gnu-tools-for-stm32.10.3-2021.10.win32_1.0.0.202111181127/tools/bin/../lib/gcc/arm-none-eabi/10.3.1/../../../../arm-none-eabi/lib/thumb/v7-m/nofp\libstdc++_nano.a(vmi_class_type_info.o)
                0x0000000008001d2c                __cxxabiv1::__vmi_class_type_info::__do_find_public_src(int, void const*, __cxxabiv1::__class_type_info const*, void const*) const
 .text._ZNK10__cxxabiv117__class_type_info17__find_public_srcEiPKvPKS0_S2_
                0x0000000008001da4       0x2a c:/st/stm32cubeide_1.9.0/stm32cubeide/plugins/com.st.stm32cube.ide.mcu.externaltools.gnu-tools-for-stm32.10.3-2021.10.win32_1.0.0.202111181127/tools/bin/../lib/gcc/arm-none-eabi/10.3.1/../../../../arm-none-eabi/lib/thumb/v7-m/nofp\libstdc++_nano.a(vmi_class_type_info.o)
                0x0000000008001da4                __cxxabiv1::__class_type_info::__find_public_src(int, void const*, __cxxabiv1::__class_type_info const*, void const*) const
 .text._ZNK10__cxxabiv121__vmi_class_type_info12__do_dyncastEiNS_17__class_type_info10__sub_kindEPKS1_PKvS4_S6_RNS1_16__dyncast_resultE
                0x0000000008001dce      0x274 c:/st/stm32cubeide_1.9.0/stm32cubeide/plugins/com.st.stm32cube.ide.mcu.externaltools.gnu-tools-for-stm32.10.3-2021.10.win32_1.0.0.202111181127/tools/bin/../lib/gcc/arm-none-eabi/10.3.1/../../../../arm-none-eabi/lib/thumb/v7-m/nofp\libstdc++_nano.a(vmi_class_type_info.o)
                0x0000000008001dce                __cxxabiv1::__vmi_class_type_info::__do_dyncast(int, __cxxabiv1::__class_type_info::__sub_kind, __cxxabiv1::__class_type_info const*, void const*, __cxxabiv1::__class_type_info const*, void const*, __cxxabiv1::__class_type_info::__dyncast_result&) const
 .text._ZNK10__cxxabiv121__vmi_class_type_info11__do_upcastEPKNS_17__class_type_infoEPKvRNS1_15__upcast_resultE
                0x0000000008002042      0x12e c:/st/stm32cubeide_1.9.0/stm32cubeide/plugins/com.st.stm32cube.ide.mcu.externaltools.gnu-tools-for-stm32.10.3-2021.10.win32_1.0.0.202111181127/tools/bin/../lib/gcc/arm-none-eabi/10.3.1/../../../../arm-none-eabi/lib/thumb/v7-m/nofp\libstdc++_nano.a(vmi_class_type_info.o)
                0x0000000008002042                __cxxabiv1::__vmi_class_type_info::__do_upcast(__cxxabiv1::__class_type_info const*, void const*, __cxxabiv1::__class_type_info::__upcast_result&) const
 .text._ZdlPv   0x0000000008002170        0x4 c:/st/stm32cubeide_1.9.0/stm32cubeide/plugins/com.st.stm32cube.ide.mcu.externaltools.gnu-tools-for-stm32.10.3-2021.10.win32_1.0.0.202111181127/tools/bin/../lib/gcc/arm-none-eabi/10.3.1/../../../../arm-none-eabi/lib/thumb/v7-m/nofp\libstdc++_nano.a(del_op.o)
                0x0000000008002170                operator delete(void*)
 .text.__libc_init_array
                0x0000000008002174       0x48 c:/st/stm32cubeide_1.9.0/stm32cubeide/plugins/com.st.stm32cube.ide.mcu.externaltools.gnu-tools-for-stm32.10.3-2021.10.win32_1.0.0.202111181127/tools/bin/../lib/gcc/arm-none-eabi/10.3.1/../../../../arm-none-eabi/lib/thumb/v7-m/nofp\libc_nano.a(lib_a-init.o)
                0x0000000008002174                __libc_init_array
 .text.free     0x00000000080021bc       0x10 c:/st/stm32cubeide_1.9.0/stm32cubeide/plugins/com.st.stm32cube.ide.mcu.externaltools.gnu-tools-for-stm32.10.3-2021.10.win32_1.0.0.202111181127/tools/bin/../lib/gcc/arm-none-eabi/10.3.1/../../../../arm-none-eabi/lib/thumb/v7-m/nofp\libc_nano.a(lib_a-malloc.o)
                0x00000000080021bc                free
 .text.memmove  0x00000000080021cc       0x34 c:/st/stm32cubeide_1.9.0/stm32cubeide/plugins/com.st.stm32cube.ide.mcu.externaltools.gnu-tools-for-stm32.10.3-2021.10.win32_1.0.0.202111181127/tools/bin/../lib/gcc/arm-none-eabi/10.3.1/../../../../arm-none-eabi/lib/thumb/v7-m/nofp\libc_nano.a(lib_a-memmove.o)
                0x00000000080021cc                memmove
 .text.memset   0x0000000008002200       0x10 c:/st/stm32cubeide_1.9.0/stm32cubeide/plugins/com.st.stm32cube.ide.mcu.externaltools.gnu-tools-for-stm32.10.3-2021.10.win32_1.0.0.202111181127/tools/bin/../lib/gcc/arm-none-eabi/10.3.1/../../../../arm-none-eabi/lib/thumb/v7-m/nofp\libc_nano.a(lib_a-memset.o)
                0x0000000008002200                memset
 .text._free_r  0x0000000008002210       0x90 c:/st/stm32cubeide_1.9.0/stm32cubeide/plugins/com.st.stm32cube.ide.mcu.externaltools.gnu-tools-for-stm32.10.3-2021.10.win32_1.0.0.202111181127/tools/bin/../lib/gcc/arm-none-eabi/10.3.1/../../../../arm-none-eabi/lib/thumb/v7-m/nofp\libc_nano.a(lib_a-nano-freer.o)
                0x0000000008002210                _free_r
 .text.__malloc_lock
                0x00000000080022a0        0xc c:/st/stm32cubeide_1.9.0/stm32cubeide/plugins/com.st.stm32cube.ide.mcu.externaltools.gnu-tools-for-stm32.10.3-2021.10.win32_1.0.0.202111181127/tools/bin/../lib/gcc/arm-none-eabi/10.3.1/../../../../arm-none-eabi/lib/thumb/v7-m/nofp\libc_nano.a(lib_a-mlock.o)
                0x00000000080022a0                __malloc_lock
 .text.__malloc_unlock
                0x00000000080022ac        0xc c:/st/stm32cubeide_1.9.0/stm32cubeide/plugins/com.st.stm32cube.ide.mcu.externaltools.gnu-tools-for-stm32.10.3-2021.10.win32_1.0.0.202111181127/tools/bin/../lib/gcc/arm-none-eabi/10.3.1/../../../../arm-none-eabi/lib/thumb/v7-m/nofp\libc_nano.a(lib_a-mlock.o)
                0x00000000080022ac                __malloc_unlock
 .text.__retarget_lock_acquire_recursive
                0x00000000080022b8        0x2 c:/st/stm32cubeide_1.9.0/stm32cubeide/plugins/com.st.stm32cube.ide.mcu.externaltools.gnu-tools-for-stm32.10.3-2021.10.win32_1.0.0.202111181127/tools/bin/../lib/gcc/arm-none-eabi/10.3.1/../../../../arm-none-eabi/lib/thumb/v7-m/nofp\libc_nano.a(lib_a-lock.o)
                0x00000000080022b8                __retarget_lock_acquire_recursive
 .text.__retarget_lock_release_recursive
                0x00000000080022ba        0x2 c:/st/stm32cubeide_1.9.0/stm32cubeide/plugins/com.st.stm32cube.ide.mcu.externaltools.gnu-tools-for-stm32.10.3-2021.10.win32_1.0.0.202111181127/tools/bin/../lib/gcc/arm-none-eabi/10.3.1/../../../../arm-none-eabi/lib/thumb/v7-m/nofp\libc_nano.a(lib_a-lock.o)
                0x00000000080022ba                __retarget_lock_release_recursive
 *(.glue_7)
 .glue_7        0x00000000080022bc        0x0 linker stubs
 *(.glue_7t)
 .glue_7t       0x00000000080022bc        0x0 linker stubs
 *(.eh_frame)
 .eh_frame      0x00000000080022bc        0x0 c:/st/stm32cubeide_1.9.0/stm32cubeide/plugins/com.st.stm32cube.ide.mcu.externaltools.gnu-tools-for-stm32.10.3-2021.10.win32_1.0.0.202111181127/tools/bin/../lib/gcc/arm-none-eabi/10.3.1/thumb/v7-m/nofp/crtbegin.o
 *(.init)
 .init          0x00000000080022bc        0x4 c:/st/stm32cubeide_1.9.0/stm32cubeide/plugins/com.st.stm32cube.ide.mcu.externaltools.gnu-tools-for-stm32.10.3-2021.10.win32_1.0.0.202111181127/tools/bin/../lib/gcc/arm-none-eabi/10.3.1/thumb/v7-m/nofp/crti.o
                0x00000000080022bc                _init
 .init          0x00000000080022c0        0x8 c:/st/stm32cubeide_1.9.0/stm32cubeide/plugins/com.st.stm32cube.ide.mcu.externaltools.gnu-tools-for-stm32.10.3-2021.10.win32_1.0.0.202111181127/tools/bin/../lib/gcc/arm-none-eabi/10.3.1/thumb/v7-m/nofp/crtn.o
 *(.fini)
 .fini          0x00000000080022c8        0x4 c:/st/stm32cubeide_1.9.0/stm32cubeide/plugins/com.st.stm32cube.ide.mcu.externaltools.gnu-tools-for-stm32.10.3-2021.10.win32_1.0.0.202111181127/tools/bin/../lib/gcc/arm-none-eabi/10.3.1/thumb/v7-m/nofp/crti.o
                0x00000000080022c8                _fini
 .fini          0x00000000080022cc        0x8 c:/st/stm32cubeide_1.9.0/stm32cubeide/plugins/com.st.stm32cube.ide.mcu.externaltools.gnu-tools-for-stm32.10.3-2021.10.win32_1.0.0.202111181127/tools/bin/../lib/gcc/arm-none-eabi/10.3.1/thumb/v7-m/nofp/crtn.o
                0x00000000080022d4                . = ALIGN (0x4)
                0x00000000080022d4                _etext = .

.vfp11_veneer   0x00000000080022d4        0x0
 .vfp11_veneer  0x00000000080022d4        0x0 linker stubs

.v4_bx          0x00000000080022d4        0x0
 .v4_bx         0x00000000080022d4        0x0 linker stubs

.iplt           0x00000000080022d4        0x0
 .iplt          0x00000000080022d4        0x0 c:/st/stm32cubeide_1.9.0/stm32cubeide/plugins/com.st.stm32cube.ide.mcu.externaltools.gnu-tools-for-stm32.10.3-2021.10.win32_1.0.0.202111181127/tools/bin/../lib/gcc/arm-none-eabi/10.3.1/thumb/v7-m/nofp/crtbegin.o

.rodata         0x00000000080022d4      0x368
                0x00000000080022d4                . = ALIGN (0x4)
 *(.rodata)
 *(.rodata*)
 .rodata._ZTSN6CRSLib3Can8UnitBaseE
                0x00000000080022d4       0x17 ./Core/Inc/CRSLib/Can/Sample/src/sample.o
                0x00000000080022d4                typeinfo name for CRSLib::Can::UnitBase
 *fill*         0x00000000080022eb        0x1 
 .rodata._ZTIN6CRSLib3Can8UnitBaseE
                0x00000000080022ec        0x8 ./Core/Inc/CRSLib/Can/Sample/src/sample.o
                0x00000000080022ec                typeinfo for CRSLib::Can::UnitBase
 .rodata._ZTSN6CRSLib3Can9Implement10TxUnitBaseE
                0x00000000080022f4       0x24 ./Core/Inc/CRSLib/Can/Sample/src/sample.o
                0x00000000080022f4                typeinfo name for CRSLib::Can::Implement::TxUnitBase
 .rodata._ZTIN6CRSLib3Can9Implement10TxUnitBaseE
                0x0000000008002318       0x18 ./Core/Inc/CRSLib/Can/Sample/src/sample.o
                0x0000000008002318                typeinfo for CRSLib::Can::Implement::TxUnitBase
 .rodata._ZTSN6CRSLib23SafeCircularQueueEraseNINS_3Can6RM00087TxFrameEEE
                0x0000000008002330       0x3c ./Core/Inc/CRSLib/Can/Sample/src/sample.o
                0x0000000008002330                typeinfo name for CRSLib::SafeCircularQueueEraseN<CRSLib::Can::RM0008::TxFrame>
 .rodata._ZTIN6CRSLib23SafeCircularQueueEraseNINS_3Can6RM00087TxFrameEEE
                0x000000000800236c        0x8 ./Core/Inc/CRSLib/Can/Sample/src/sample.o
                0x000000000800236c                typeinfo for CRSLib::SafeCircularQueueEraseN<CRSLib::Can::RM0008::TxFrame>
 .rodata._ZTSN6CRSLib17SafeCircularQueueINS_3Can6RM00087TxFrameELj10EEE
                0x0000000008002374       0x3b ./Core/Inc/CRSLib/Can/Sample/src/sample.o
                0x0000000008002374                typeinfo name for CRSLib::SafeCircularQueue<CRSLib::Can::RM0008::TxFrame, 10u>
 *fill*         0x00000000080023af        0x1 
 .rodata._ZTIN6CRSLib17SafeCircularQueueINS_3Can6RM00087TxFrameELj10EEE
                0x00000000080023b0       0x18 ./Core/Inc/CRSLib/Can/Sample/src/sample.o
                0x00000000080023b0                typeinfo for CRSLib::SafeCircularQueue<CRSLib::Can::RM0008::TxFrame, 10u>
 .rodata._ZTSN6CRSLib3Can9Implement6TxUnitIN13Chibarobo20228SampleTxEEE
                0x00000000080023c8       0x3b ./Core/Inc/CRSLib/Can/Sample/src/sample.o
                0x00000000080023c8                typeinfo name for CRSLib::Can::Implement::TxUnit<Chibarobo2022::SampleTx>
 *fill*         0x0000000008002403        0x1 
 .rodata._ZTIN6CRSLib3Can9Implement6TxUnitIN13Chibarobo20228SampleTxEEE
                0x0000000008002404        0xc ./Core/Inc/CRSLib/Can/Sample/src/sample.o
                0x0000000008002404                typeinfo for CRSLib::Can::Implement::TxUnit<Chibarobo2022::SampleTx>
 .rodata._ZTSN6CRSLib23SafeCircularQueueEraseNINS_3Can6RM00087RxFrameEEE
                0x0000000008002410       0x3c ./Core/Inc/CRSLib/Can/Sample/src/sample.o
                0x0000000008002410                typeinfo name for CRSLib::SafeCircularQueueEraseN<CRSLib::Can::RM0008::RxFrame>
 .rodata._ZTIN6CRSLib23SafeCircularQueueEraseNINS_3Can6RM00087RxFrameEEE
                0x000000000800244c        0x8 ./Core/Inc/CRSLib/Can/Sample/src/sample.o
                0x000000000800244c                typeinfo for CRSLib::SafeCircularQueueEraseN<CRSLib::Can::RM0008::RxFrame>
 .rodata._ZTSN6CRSLib17SafeCircularQueueINS_3Can6RM00087RxFrameELj20EEE
                0x0000000008002454       0x3b ./Core/Inc/CRSLib/Can/Sample/src/sample.o
                0x0000000008002454                typeinfo name for CRSLib::SafeCircularQueue<CRSLib::Can::RM0008::RxFrame, 20u>
 *fill*         0x000000000800248f        0x1 
 .rodata._ZTIN6CRSLib17SafeCircularQueueINS_3Can6RM00087RxFrameELj20EEE
                0x0000000008002490       0x18 ./Core/Inc/CRSLib/Can/Sample/src/sample.o
                0x0000000008002490                typeinfo for CRSLib::SafeCircularQueue<CRSLib::Can::RM0008::RxFrame, 20u>
 .rodata._ZTVN6CRSLib17SafeCircularQueueINS_3Can6RM00087TxFrameELj10EEE
                0x00000000080024a8       0x18 ./Core/Inc/CRSLib/Can/Sample/src/sample.o
                0x00000000080024a8                vtable for CRSLib::SafeCircularQueue<CRSLib::Can::RM0008::TxFrame, 10u>
 .rodata._ZTVN6CRSLib3Can9Implement6TxUnitIN13Chibarobo20228SampleTxEEE
                0x00000000080024c0        0xc ./Core/Inc/CRSLib/Can/Sample/src/sample.o
                0x00000000080024c0                vtable for CRSLib::Can::Implement::TxUnit<Chibarobo2022::SampleTx>
 .rodata._ZTVN6CRSLib17SafeCircularQueueINS_3Can6RM00087RxFrameELj20EEE
                0x00000000080024cc       0x18 ./Core/Inc/CRSLib/Can/Sample/src/sample.o
                0x00000000080024cc                vtable for CRSLib::SafeCircularQueue<CRSLib::Can::RM0008::RxFrame, 20u>
 .rodata.AHBPrescTable
                0x00000000080024e4       0x10 ./Core/Src/system_stm32f1xx.o
                0x00000000080024e4                AHBPrescTable
 .rodata.HAL_RCC_GetSysClockFreq.str1.1
                0x00000000080024f4       0x11 ./Drivers/STM32F1xx_HAL_Driver/Src/stm32f1xx_hal_rcc.o
 *fill*         0x0000000008002505        0x3 
 .rodata._ZTIN10__cxxabiv117__class_type_infoE
                0x0000000008002508        0xc c:/st/stm32cubeide_1.9.0/stm32cubeide/plugins/com.st.stm32cube.ide.mcu.externaltools.gnu-tools-for-stm32.10.3-2021.10.win32_1.0.0.202111181127/tools/bin/../lib/gcc/arm-none-eabi/10.3.1/../../../../arm-none-eabi/lib/thumb/v7-m/nofp\libstdc++_nano.a(class_type_info.o)
                0x0000000008002508                typeinfo for __cxxabiv1::__class_type_info
 .rodata._ZTSN10__cxxabiv117__class_type_infoE
                0x0000000008002514       0x22 c:/st/stm32cubeide_1.9.0/stm32cubeide/plugins/com.st.stm32cube.ide.mcu.externaltools.gnu-tools-for-stm32.10.3-2021.10.win32_1.0.0.202111181127/tools/bin/../lib/gcc/arm-none-eabi/10.3.1/../../../../arm-none-eabi/lib/thumb/v7-m/nofp\libstdc++_nano.a(class_type_info.o)
                0x0000000008002514                typeinfo name for __cxxabiv1::__class_type_info
 *fill*         0x0000000008002536        0x2 
 .rodata._ZTVN10__cxxabiv117__class_type_infoE
                0x0000000008002538       0x2c c:/st/stm32cubeide_1.9.0/stm32cubeide/plugins/com.st.stm32cube.ide.mcu.externaltools.gnu-tools-for-stm32.10.3-2021.10.win32_1.0.0.202111181127/tools/bin/../lib/gcc/arm-none-eabi/10.3.1/../../../../arm-none-eabi/lib/thumb/v7-m/nofp\libstdc++_nano.a(class_type_info.o)
                0x0000000008002538                vtable for __cxxabiv1::__class_type_info
 .rodata._ZTIN10__cxxabiv120__si_class_type_infoE
                0x0000000008002564        0xc c:/st/stm32cubeide_1.9.0/stm32cubeide/plugins/com.st.stm32cube.ide.mcu.externaltools.gnu-tools-for-stm32.10.3-2021.10.win32_1.0.0.202111181127/tools/bin/../lib/gcc/arm-none-eabi/10.3.1/../../../../arm-none-eabi/lib/thumb/v7-m/nofp\libstdc++_nano.a(si_class_type_info.o)
                0x0000000008002564                typeinfo for __cxxabiv1::__si_class_type_info
 .rodata._ZTSN10__cxxabiv120__si_class_type_infoE
                0x0000000008002570       0x25 c:/st/stm32cubeide_1.9.0/stm32cubeide/plugins/com.st.stm32cube.ide.mcu.externaltools.gnu-tools-for-stm32.10.3-2021.10.win32_1.0.0.202111181127/tools/bin/../lib/gcc/arm-none-eabi/10.3.1/../../../../arm-none-eabi/lib/thumb/v7-m/nofp\libstdc++_nano.a(si_class_type_info.o)
                0x0000000008002570                typeinfo name for __cxxabiv1::__si_class_type_info
 *fill*         0x0000000008002595        0x3 
 .rodata._ZTVN10__cxxabiv120__si_class_type_infoE
                0x0000000008002598       0x2c c:/st/stm32cubeide_1.9.0/stm32cubeide/plugins/com.st.stm32cube.ide.mcu.externaltools.gnu-tools-for-stm32.10.3-2021.10.win32_1.0.0.202111181127/tools/bin/../lib/gcc/arm-none-eabi/10.3.1/../../../../arm-none-eabi/lib/thumb/v7-m/nofp\libstdc++_nano.a(si_class_type_info.o)
                0x0000000008002598                vtable for __cxxabiv1::__si_class_type_info
 .rodata._ZTISt9type_info
                0x00000000080025c4        0x8 c:/st/stm32cubeide_1.9.0/stm32cubeide/plugins/com.st.stm32cube.ide.mcu.externaltools.gnu-tools-for-stm32.10.3-2021.10.win32_1.0.0.202111181127/tools/bin/../lib/gcc/arm-none-eabi/10.3.1/../../../../arm-none-eabi/lib/thumb/v7-m/nofp\libstdc++_nano.a(tinfo.o)
                0x00000000080025c4                typeinfo for std::type_info
 .rodata._ZTSSt9type_info
                0x00000000080025cc        0xd c:/st/stm32cubeide_1.9.0/stm32cubeide/plugins/com.st.stm32cube.ide.mcu.externaltools.gnu-tools-for-stm32.10.3-2021.10.win32_1.0.0.202111181127/tools/bin/../lib/gcc/arm-none-eabi/10.3.1/../../../../arm-none-eabi/lib/thumb/v7-m/nofp\libstdc++_nano.a(tinfo.o)
                0x00000000080025cc                typeinfo name for std::type_info
 *fill*         0x00000000080025d9        0x3 
 .rodata._ZTIN10__cxxabiv121__vmi_class_type_infoE
                0x00000000080025dc        0xc c:/st/stm32cubeide_1.9.0/stm32cubeide/plugins/com.st.stm32cube.ide.mcu.externaltools.gnu-tools-for-stm32.10.3-2021.10.win32_1.0.0.202111181127/tools/bin/../lib/gcc/arm-none-eabi/10.3.1/../../../../arm-none-eabi/lib/thumb/v7-m/nofp\libstdc++_nano.a(vmi_class_type_info.o)
                0x00000000080025dc                typeinfo for __cxxabiv1::__vmi_class_type_info
 .rodata._ZTSN10__cxxabiv121__vmi_class_type_infoE
                0x00000000080025e8       0x26 c:/st/stm32cubeide_1.9.0/stm32cubeide/plugins/com.st.stm32cube.ide.mcu.externaltools.gnu-tools-for-stm32.10.3-2021.10.win32_1.0.0.202111181127/tools/bin/../lib/gcc/arm-none-eabi/10.3.1/../../../../arm-none-eabi/lib/thumb/v7-m/nofp\libstdc++_nano.a(vmi_class_type_info.o)
                0x00000000080025e8                typeinfo name for __cxxabiv1::__vmi_class_type_info
 *fill*         0x000000000800260e        0x2 
 .rodata._ZTVN10__cxxabiv121__vmi_class_type_infoE
                0x0000000008002610       0x2c c:/st/stm32cubeide_1.9.0/stm32cubeide/plugins/com.st.stm32cube.ide.mcu.externaltools.gnu-tools-for-stm32.10.3-2021.10.win32_1.0.0.202111181127/tools/bin/../lib/gcc/arm-none-eabi/10.3.1/../../../../arm-none-eabi/lib/thumb/v7-m/nofp\libstdc++_nano.a(vmi_class_type_info.o)
                0x0000000008002610                vtable for __cxxabiv1::__vmi_class_type_info
                0x000000000800263c                . = ALIGN (0x4)

.rel.dyn        0x000000000800263c        0x0
 .rel.iplt      0x000000000800263c        0x0 c:/st/stm32cubeide_1.9.0/stm32cubeide/plugins/com.st.stm32cube.ide.mcu.externaltools.gnu-tools-for-stm32.10.3-2021.10.win32_1.0.0.202111181127/tools/bin/../lib/gcc/arm-none-eabi/10.3.1/thumb/v7-m/nofp/crtbegin.o

.ARM.extab      0x000000000800263c        0x0
                0x000000000800263c                . = ALIGN (0x4)
 *(.ARM.extab* .gnu.linkonce.armextab.*)
                0x000000000800263c                . = ALIGN (0x4)

.ARM            0x000000000800263c        0x0
                0x000000000800263c                . = ALIGN (0x4)
                0x000000000800263c                __exidx_start = .
 *(.ARM.exidx*)
                0x000000000800263c                __exidx_end = .
                0x000000000800263c                . = ALIGN (0x4)

.preinit_array  0x000000000800263c        0x0
                0x000000000800263c                . = ALIGN (0x4)
                0x000000000800263c                PROVIDE (__preinit_array_start = .)
 *(.preinit_array*)
                0x000000000800263c                PROVIDE (__preinit_array_end = .)
                0x000000000800263c                . = ALIGN (0x4)

.init_array     0x000000000800263c        0x8
                0x000000000800263c                . = ALIGN (0x4)
                0x000000000800263c                PROVIDE (__init_array_start = .)
 *(SORT_BY_NAME(.init_array.*))
 *(.init_array*)
 .init_array    0x000000000800263c        0x4 c:/st/stm32cubeide_1.9.0/stm32cubeide/plugins/com.st.stm32cube.ide.mcu.externaltools.gnu-tools-for-stm32.10.3-2021.10.win32_1.0.0.202111181127/tools/bin/../lib/gcc/arm-none-eabi/10.3.1/thumb/v7-m/nofp/crtbegin.o
 .init_array    0x0000000008002640        0x4 ./Core/Inc/CRSLib/Can/Sample/src/sample.o
                0x0000000008002644                PROVIDE (__init_array_end = .)
                0x0000000008002644                . = ALIGN (0x4)

.fini_array     0x0000000008002644        0x4
                0x0000000008002644                . = ALIGN (0x4)
                [!provide]                        PROVIDE (__fini_array_start = .)
 *(SORT_BY_NAME(.fini_array.*))
 *(.fini_array*)
 .fini_array    0x0000000008002644        0x4 c:/st/stm32cubeide_1.9.0/stm32cubeide/plugins/com.st.stm32cube.ide.mcu.externaltools.gnu-tools-for-stm32.10.3-2021.10.win32_1.0.0.202111181127/tools/bin/../lib/gcc/arm-none-eabi/10.3.1/thumb/v7-m/nofp/crtbegin.o
                [!provide]                        PROVIDE (__fini_array_end = .)
                0x0000000008002648                . = ALIGN (0x4)
                0x0000000008002648                _sidata = LOADADDR (.data)

.data           0x0000000020000000       0x70 load address 0x0000000008002648
                0x0000000020000000                . = ALIGN (0x4)
                0x0000000020000000                _sdata = .
 *(.data)
 *(.data*)
 .data.SystemCoreClock
                0x0000000020000000        0x4 ./Core/Src/system_stm32f1xx.o
                0x0000000020000000                SystemCoreClock
 .data.uwTickFreq
                0x0000000020000004        0x1 ./Drivers/STM32F1xx_HAL_Driver/Src/stm32f1xx_hal.o
                0x0000000020000004                uwTickFreq
 *fill*         0x0000000020000005        0x3 
 .data.uwTickPrio
                0x0000000020000008        0x4 ./Drivers/STM32F1xx_HAL_Driver/Src/stm32f1xx_hal.o
                0x0000000020000008                uwTickPrio
 .data._impure_ptr
                0x000000002000000c        0x4 c:/st/stm32cubeide_1.9.0/stm32cubeide/plugins/com.st.stm32cube.ide.mcu.externaltools.gnu-tools-for-stm32.10.3-2021.10.win32_1.0.0.202111181127/tools/bin/../lib/gcc/arm-none-eabi/10.3.1/../../../../arm-none-eabi/lib/thumb/v7-m/nofp\libc_nano.a(lib_a-impure.o)
                0x000000002000000c                _impure_ptr
 .data.impure_data
                0x0000000020000010       0x60 c:/st/stm32cubeide_1.9.0/stm32cubeide/plugins/com.st.stm32cube.ide.mcu.externaltools.gnu-tools-for-stm32.10.3-2021.10.win32_1.0.0.202111181127/tools/bin/../lib/gcc/arm-none-eabi/10.3.1/../../../../arm-none-eabi/lib/thumb/v7-m/nofp\libc_nano.a(lib_a-impure.o)
 *(.RamFunc)
 *(.RamFunc*)
                0x0000000020000070                . = ALIGN (0x4)
                0x0000000020000070                _edata = .

.igot.plt       0x0000000020000070        0x0 load address 0x00000000080026b8
 .igot.plt      0x0000000020000070        0x0 c:/st/stm32cubeide_1.9.0/stm32cubeide/plugins/com.st.stm32cube.ide.mcu.externaltools.gnu-tools-for-stm32.10.3-2021.10.win32_1.0.0.202111181127/tools/bin/../lib/gcc/arm-none-eabi/10.3.1/thumb/v7-m/nofp/crtbegin.o
                0x0000000020000070                . = ALIGN (0x4)

.bss            0x0000000020000070      0x3b4 load address 0x00000000080026b8
                0x0000000020000070                _sbss = .
                0x0000000020000070                __bss_start__ = _sbss
 *(.bss)
 .bss           0x0000000020000070       0x1c c:/st/stm32cubeide_1.9.0/stm32cubeide/plugins/com.st.stm32cube.ide.mcu.externaltools.gnu-tools-for-stm32.10.3-2021.10.win32_1.0.0.202111181127/tools/bin/../lib/gcc/arm-none-eabi/10.3.1/thumb/v7-m/nofp/crtbegin.o
 *(.bss*)
 .bss._ZGVN13Chibarobo20228receiverE
                0x000000002000008c        0x4 ./Core/Inc/CRSLib/Can/Sample/src/sample.o
                0x000000002000008c                guard variable for Chibarobo2022::receiver
 .bss._ZGVN13Chibarobo202211transmitterE
                0x0000000020000090        0x4 ./Core/Inc/CRSLib/Can/Sample/src/sample.o
                0x0000000020000090                guard variable for Chibarobo2022::transmitter
 .bss._ZN13Chibarobo20228receiverE
                0x0000000020000094      0x1f4 ./Core/Inc/CRSLib/Can/Sample/src/sample.o
                0x0000000020000094                Chibarobo2022::receiver
 .bss._ZN13Chibarobo202211transmitterE
                0x0000000020000288       0x90 ./Core/Inc/CRSLib/Can/Sample/src/sample.o
                0x0000000020000288                Chibarobo2022::transmitter
 .bss.hcan      0x0000000020000318       0x28 ./Core/Src/main.o
                0x0000000020000318                hcan
 .bss.htim1     0x0000000020000340       0x48 ./Core/Src/main.o
                0x0000000020000340                htim1
 .bss.htim2     0x0000000020000388       0x48 ./Core/Src/main.o
                0x0000000020000388                htim2
 .bss.htim3     0x00000000200003d0       0x48 ./Core/Src/main.o
                0x00000000200003d0                htim3
 .bss.uwTick    0x0000000020000418        0x4 ./Drivers/STM32F1xx_HAL_Driver/Src/stm32f1xx_hal.o
                0x0000000020000418                uwTick
 .bss.__malloc_free_list
                0x000000002000041c        0x4 c:/st/stm32cubeide_1.9.0/stm32cubeide/plugins/com.st.stm32cube.ide.mcu.externaltools.gnu-tools-for-stm32.10.3-2021.10.win32_1.0.0.202111181127/tools/bin/../lib/gcc/arm-none-eabi/10.3.1/../../../../arm-none-eabi/lib/thumb/v7-m/nofp\libc_nano.a(lib_a-nano-mallocr.o)
                0x000000002000041c                __malloc_free_list
 .bss.__lock___malloc_recursive_mutex
                0x0000000020000420        0x1 c:/st/stm32cubeide_1.9.0/stm32cubeide/plugins/com.st.stm32cube.ide.mcu.externaltools.gnu-tools-for-stm32.10.3-2021.10.win32_1.0.0.202111181127/tools/bin/../lib/gcc/arm-none-eabi/10.3.1/../../../../arm-none-eabi/lib/thumb/v7-m/nofp\libc_nano.a(lib_a-lock.o)
                0x0000000020000420                __lock___malloc_recursive_mutex
 *(COMMON)
                0x0000000020000424                . = ALIGN (0x4)
 *fill*         0x0000000020000421        0x3 
                0x0000000020000424                _ebss = .
                0x0000000020000424                __bss_end__ = _ebss

._user_heap_stack
                0x0000000020000424      0x604 load address 0x00000000080026b8
                0x0000000020000428                . = ALIGN (0x8)
 *fill*         0x0000000020000424        0x4 
                [!provide]                        PROVIDE (end = .)
                0x0000000020000428                PROVIDE (_end = .)
                0x0000000020000628                . = (. + _Min_Heap_Size)
 *fill*         0x0000000020000428      0x200 
                0x0000000020000a28                . = (. + _Min_Stack_Size)
 *fill*         0x0000000020000628      0x400 
                0x0000000020000a28                . = ALIGN (0x8)

/DISCARD/
 libc.a(*)
 libm.a(*)
 libgcc.a(*)

.ARM.attributes
                0x0000000000000000       0x29
 *(.ARM.attributes)
 .ARM.attributes
                0x0000000000000000       0x1d c:/st/stm32cubeide_1.9.0/stm32cubeide/plugins/com.st.stm32cube.ide.mcu.externaltools.gnu-tools-for-stm32.10.3-2021.10.win32_1.0.0.202111181127/tools/bin/../lib/gcc/arm-none-eabi/10.3.1/thumb/v7-m/nofp/crti.o
 .ARM.attributes
                0x000000000000001d       0x2d c:/st/stm32cubeide_1.9.0/stm32cubeide/plugins/com.st.stm32cube.ide.mcu.externaltools.gnu-tools-for-stm32.10.3-2021.10.win32_1.0.0.202111181127/tools/bin/../lib/gcc/arm-none-eabi/10.3.1/thumb/v7-m/nofp/crtbegin.o
 .ARM.attributes
                0x000000000000004a       0x2d ./Core/Inc/CRSLib/Can/Sample/src/sample.o
 .ARM.attributes
                0x0000000000000077       0x2d ./Core/Src/main.o
 .ARM.attributes
                0x00000000000000a4       0x2d ./Core/Src/stm32f1xx_hal_msp.o
 .ARM.attributes
                0x00000000000000d1       0x2d ./Core/Src/stm32f1xx_it.o
 .ARM.attributes
                0x00000000000000fe       0x2d ./Core/Src/system_stm32f1xx.o
 .ARM.attributes
                0x000000000000012b       0x2d ./Core/Src/wrapper.o
 .ARM.attributes
                0x0000000000000158       0x21 ./Core/Startup/startup_stm32f103c6tx.o
 .ARM.attributes
                0x0000000000000179       0x2d ./Drivers/STM32F1xx_HAL_Driver/Src/stm32f1xx_hal.o
 .ARM.attributes
                0x00000000000001a6       0x2d ./Drivers/STM32F1xx_HAL_Driver/Src/stm32f1xx_hal_can.o
 .ARM.attributes
                0x00000000000001d3       0x2d ./Drivers/STM32F1xx_HAL_Driver/Src/stm32f1xx_hal_cortex.o
 .ARM.attributes
                0x0000000000000200       0x2d ./Drivers/STM32F1xx_HAL_Driver/Src/stm32f1xx_hal_gpio.o
 .ARM.attributes
                0x000000000000022d       0x2d ./Drivers/STM32F1xx_HAL_Driver/Src/stm32f1xx_hal_rcc.o
 .ARM.attributes
                0x000000000000025a       0x2d ./Drivers/STM32F1xx_HAL_Driver/Src/stm32f1xx_hal_tim.o
 .ARM.attributes
                0x0000000000000287       0x2d ./Drivers/STM32F1xx_HAL_Driver/Src/stm32f1xx_hal_tim_ex.o
 .ARM.attributes
                0x00000000000002b4       0x2d c:/st/stm32cubeide_1.9.0/stm32cubeide/plugins/com.st.stm32cube.ide.mcu.externaltools.gnu-tools-for-stm32.10.3-2021.10.win32_1.0.0.202111181127/tools/bin/../lib/gcc/arm-none-eabi/10.3.1/../../../../arm-none-eabi/lib/thumb/v7-m/nofp\libstdc++_nano.a(class_type_info.o)
 .ARM.attributes
                0x00000000000002e1       0x2d c:/st/stm32cubeide_1.9.0/stm32cubeide/plugins/com.st.stm32cube.ide.mcu.externaltools.gnu-tools-for-stm32.10.3-2021.10.win32_1.0.0.202111181127/tools/bin/../lib/gcc/arm-none-eabi/10.3.1/../../../../arm-none-eabi/lib/thumb/v7-m/nofp\libstdc++_nano.a(del_ops.o)
 .ARM.attributes
                0x000000000000030e       0x2d c:/st/stm32cubeide_1.9.0/stm32cubeide/plugins/com.st.stm32cube.ide.mcu.externaltools.gnu-tools-for-stm32.10.3-2021.10.win32_1.0.0.202111181127/tools/bin/../lib/gcc/arm-none-eabi/10.3.1/../../../../arm-none-eabi/lib/thumb/v7-m/nofp\libstdc++_nano.a(si_class_type_info.o)
 .ARM.attributes
                0x000000000000033b       0x2d c:/st/stm32cubeide_1.9.0/stm32cubeide/plugins/com.st.stm32cube.ide.mcu.externaltools.gnu-tools-for-stm32.10.3-2021.10.win32_1.0.0.202111181127/tools/bin/../lib/gcc/arm-none-eabi/10.3.1/../../../../arm-none-eabi/lib/thumb/v7-m/nofp\libstdc++_nano.a(tinfo.o)
 .ARM.attributes
                0x0000000000000368       0x2d c:/st/stm32cubeide_1.9.0/stm32cubeide/plugins/com.st.stm32cube.ide.mcu.externaltools.gnu-tools-for-stm32.10.3-2021.10.win32_1.0.0.202111181127/tools/bin/../lib/gcc/arm-none-eabi/10.3.1/../../../../arm-none-eabi/lib/thumb/v7-m/nofp\libstdc++_nano.a(vmi_class_type_info.o)
 .ARM.attributes
                0x0000000000000395       0x2d c:/st/stm32cubeide_1.9.0/stm32cubeide/plugins/com.st.stm32cube.ide.mcu.externaltools.gnu-tools-for-stm32.10.3-2021.10.win32_1.0.0.202111181127/tools/bin/../lib/gcc/arm-none-eabi/10.3.1/../../../../arm-none-eabi/lib/thumb/v7-m/nofp\libstdc++_nano.a(del_op.o)
 .ARM.attributes
                0x00000000000003c2       0x2d c:/st/stm32cubeide_1.9.0/stm32cubeide/plugins/com.st.stm32cube.ide.mcu.externaltools.gnu-tools-for-stm32.10.3-2021.10.win32_1.0.0.202111181127/tools/bin/../lib/gcc/arm-none-eabi/10.3.1/../../../../arm-none-eabi/lib/thumb/v7-m/nofp\libc_nano.a(lib_a-impure.o)
 .ARM.attributes
                0x00000000000003ef       0x2d c:/st/stm32cubeide_1.9.0/stm32cubeide/plugins/com.st.stm32cube.ide.mcu.externaltools.gnu-tools-for-stm32.10.3-2021.10.win32_1.0.0.202111181127/tools/bin/../lib/gcc/arm-none-eabi/10.3.1/../../../../arm-none-eabi/lib/thumb/v7-m/nofp\libc_nano.a(lib_a-init.o)
 .ARM.attributes
                0x000000000000041c       0x2d c:/st/stm32cubeide_1.9.0/stm32cubeide/plugins/com.st.stm32cube.ide.mcu.externaltools.gnu-tools-for-stm32.10.3-2021.10.win32_1.0.0.202111181127/tools/bin/../lib/gcc/arm-none-eabi/10.3.1/../../../../arm-none-eabi/lib/thumb/v7-m/nofp\libc_nano.a(lib_a-malloc.o)
 .ARM.attributes
                0x0000000000000449       0x2d c:/st/stm32cubeide_1.9.0/stm32cubeide/plugins/com.st.stm32cube.ide.mcu.externaltools.gnu-tools-for-stm32.10.3-2021.10.win32_1.0.0.202111181127/tools/bin/../lib/gcc/arm-none-eabi/10.3.1/../../../../arm-none-eabi/lib/thumb/v7-m/nofp\libc_nano.a(lib_a-memmove.o)
 .ARM.attributes
                0x0000000000000476       0x2d c:/st/stm32cubeide_1.9.0/stm32cubeide/plugins/com.st.stm32cube.ide.mcu.externaltools.gnu-tools-for-stm32.10.3-2021.10.win32_1.0.0.202111181127/tools/bin/../lib/gcc/arm-none-eabi/10.3.1/../../../../arm-none-eabi/lib/thumb/v7-m/nofp\libc_nano.a(lib_a-memset.o)
 .ARM.attributes
                0x00000000000004a3       0x2d c:/st/stm32cubeide_1.9.0/stm32cubeide/plugins/com.st.stm32cube.ide.mcu.externaltools.gnu-tools-for-stm32.10.3-2021.10.win32_1.0.0.202111181127/tools/bin/../lib/gcc/arm-none-eabi/10.3.1/../../../../arm-none-eabi/lib/thumb/v7-m/nofp\libc_nano.a(lib_a-nano-freer.o)
 .ARM.attributes
                0x00000000000004d0       0x2d c:/st/stm32cubeide_1.9.0/stm32cubeide/plugins/com.st.stm32cube.ide.mcu.externaltools.gnu-tools-for-stm32.10.3-2021.10.win32_1.0.0.202111181127/tools/bin/../lib/gcc/arm-none-eabi/10.3.1/../../../../arm-none-eabi/lib/thumb/v7-m/nofp\libc_nano.a(lib_a-nano-mallocr.o)
 .ARM.attributes
                0x00000000000004fd       0x1b c:/st/stm32cubeide_1.9.0/stm32cubeide/plugins/com.st.stm32cube.ide.mcu.externaltools.gnu-tools-for-stm32.10.3-2021.10.win32_1.0.0.202111181127/tools/bin/../lib/gcc/arm-none-eabi/10.3.1/../../../../arm-none-eabi/lib/thumb/v7-m/nofp\libc_nano.a(lib_a-strcmp.o)
 .ARM.attributes
                0x0000000000000518       0x2d c:/st/stm32cubeide_1.9.0/stm32cubeide/plugins/com.st.stm32cube.ide.mcu.externaltools.gnu-tools-for-stm32.10.3-2021.10.win32_1.0.0.202111181127/tools/bin/../lib/gcc/arm-none-eabi/10.3.1/../../../../arm-none-eabi/lib/thumb/v7-m/nofp\libc_nano.a(lib_a-mlock.o)
 .ARM.attributes
                0x0000000000000545       0x2d c:/st/stm32cubeide_1.9.0/stm32cubeide/plugins/com.st.stm32cube.ide.mcu.externaltools.gnu-tools-for-stm32.10.3-2021.10.win32_1.0.0.202111181127/tools/bin/../lib/gcc/arm-none-eabi/10.3.1/../../../../arm-none-eabi/lib/thumb/v7-m/nofp\libc_nano.a(lib_a-lock.o)
 .ARM.attributes
                0x0000000000000572       0x1d c:/st/stm32cubeide_1.9.0/stm32cubeide/plugins/com.st.stm32cube.ide.mcu.externaltools.gnu-tools-for-stm32.10.3-2021.10.win32_1.0.0.202111181127/tools/bin/../lib/gcc/arm-none-eabi/10.3.1/thumb/v7-m/nofp/crtn.o
OUTPUT(SteppingMD_on_BaseBoard.elf elf32-littlearm)
LOAD linker stubs
LOAD c:/st/stm32cubeide_1.9.0/stm32cubeide/plugins/com.st.stm32cube.ide.mcu.externaltools.gnu-tools-for-stm32.10.3-2021.10.win32_1.0.0.202111181127/tools/bin/../lib/gcc/arm-none-eabi/10.3.1/../../../../arm-none-eabi/lib/thumb/v7-m/nofp\libc.a
LOAD c:/st/stm32cubeide_1.9.0/stm32cubeide/plugins/com.st.stm32cube.ide.mcu.externaltools.gnu-tools-for-stm32.10.3-2021.10.win32_1.0.0.202111181127/tools/bin/../lib/gcc/arm-none-eabi/10.3.1/../../../../arm-none-eabi/lib/thumb/v7-m/nofp\libm.a
LOAD c:/st/stm32cubeide_1.9.0/stm32cubeide/plugins/com.st.stm32cube.ide.mcu.externaltools.gnu-tools-for-stm32.10.3-2021.10.win32_1.0.0.202111181127/tools/bin/../lib/gcc/arm-none-eabi/10.3.1/thumb/v7-m/nofp\libgcc.a

.debug_info     0x0000000000000000    0x288a9
 .debug_info    0x0000000000000000    0x1c944 ./Core/Inc/CRSLib/Can/Sample/src/sample.o
 .debug_info    0x000000000001c944     0x1a3e ./Core/Src/main.o
 .debug_info    0x000000000001e382      0xf3f ./Core/Src/stm32f1xx_hal_msp.o
 .debug_info    0x000000000001f2c1      0x122 ./Core/Src/stm32f1xx_it.o
 .debug_info    0x000000000001f3e3      0x24c ./Core/Src/system_stm32f1xx.o
 .debug_info    0x000000000001f62f       0x8e ./Core/Src/wrapper.o
 .debug_info    0x000000000001f6bd       0x22 ./Core/Startup/startup_stm32f103c6tx.o
 .debug_info    0x000000000001f6df      0x7ea ./Drivers/STM32F1xx_HAL_Driver/Src/stm32f1xx_hal.o
 .debug_info    0x000000000001fec9     0x11fd ./Drivers/STM32F1xx_HAL_Driver/Src/stm32f1xx_hal_can.o
 .debug_info    0x00000000000210c6      0xd4c ./Drivers/STM32F1xx_HAL_Driver/Src/stm32f1xx_hal_cortex.o
 .debug_info    0x0000000000021e12      0x66f ./Drivers/STM32F1xx_HAL_Driver/Src/stm32f1xx_hal_gpio.o
 .debug_info    0x0000000000022481      0xa89 ./Drivers/STM32F1xx_HAL_Driver/Src/stm32f1xx_hal_rcc.o
 .debug_info    0x0000000000022f0a     0x40a9 ./Drivers/STM32F1xx_HAL_Driver/Src/stm32f1xx_hal_tim.o
 .debug_info    0x0000000000026fb3     0x18f6 ./Drivers/STM32F1xx_HAL_Driver/Src/stm32f1xx_hal_tim_ex.o

.debug_abbrev   0x0000000000000000     0x2ce6
 .debug_abbrev  0x0000000000000000     0x1114 ./Core/Inc/CRSLib/Can/Sample/src/sample.o
 .debug_abbrev  0x0000000000001114      0x343 ./Core/Src/main.o
 .debug_abbrev  0x0000000000001457      0x266 ./Core/Src/stm32f1xx_hal_msp.o
 .debug_abbrev  0x00000000000016bd       0xb8 ./Core/Src/stm32f1xx_it.o
 .debug_abbrev  0x0000000000001775      0x141 ./Core/Src/system_stm32f1xx.o
 .debug_abbrev  0x00000000000018b6       0x4c ./Core/Src/wrapper.o
 .debug_abbrev  0x0000000000001902       0x12 ./Core/Startup/startup_stm32f103c6tx.o
 .debug_abbrev  0x0000000000001914      0x277 ./Drivers/STM32F1xx_HAL_Driver/Src/stm32f1xx_hal.o
 .debug_abbrev  0x0000000000001b8b      0x2e7 ./Drivers/STM32F1xx_HAL_Driver/Src/stm32f1xx_hal_can.o
 .debug_abbrev  0x0000000000001e72      0x352 ./Drivers/STM32F1xx_HAL_Driver/Src/stm32f1xx_hal_cortex.o
 .debug_abbrev  0x00000000000021c4      0x1e7 ./Drivers/STM32F1xx_HAL_Driver/Src/stm32f1xx_hal_gpio.o
 .debug_abbrev  0x00000000000023ab      0x2f5 ./Drivers/STM32F1xx_HAL_Driver/Src/stm32f1xx_hal_rcc.o
 .debug_abbrev  0x00000000000026a0      0x375 ./Drivers/STM32F1xx_HAL_Driver/Src/stm32f1xx_hal_tim.o
 .debug_abbrev  0x0000000000002a15      0x2d1 ./Drivers/STM32F1xx_HAL_Driver/Src/stm32f1xx_hal_tim_ex.o

.debug_loc      0x0000000000000000    0x10463
 .debug_loc     0x0000000000000000     0x932e ./Core/Inc/CRSLib/Can/Sample/src/sample.o
 .debug_loc     0x000000000000932e      0x105 ./Core/Src/stm32f1xx_hal_msp.o
 .debug_loc     0x0000000000009433       0xe7 ./Core/Src/system_stm32f1xx.o
 .debug_loc     0x000000000000951a      0x139 ./Drivers/STM32F1xx_HAL_Driver/Src/stm32f1xx_hal.o
 .debug_loc     0x0000000000009653      0xbb6 ./Drivers/STM32F1xx_HAL_Driver/Src/stm32f1xx_hal_can.o
 .debug_loc     0x000000000000a209      0x4c5 ./Drivers/STM32F1xx_HAL_Driver/Src/stm32f1xx_hal_cortex.o
 .debug_loc     0x000000000000a6ce      0x3fd ./Drivers/STM32F1xx_HAL_Driver/Src/stm32f1xx_hal_gpio.o
 .debug_loc     0x000000000000aacb      0x5f1 ./Drivers/STM32F1xx_HAL_Driver/Src/stm32f1xx_hal_rcc.o
 .debug_loc     0x000000000000b0bc     0x420f ./Drivers/STM32F1xx_HAL_Driver/Src/stm32f1xx_hal_tim.o
 .debug_loc     0x000000000000f2cb     0x1198 ./Drivers/STM32F1xx_HAL_Driver/Src/stm32f1xx_hal_tim_ex.o

.debug_aranges  0x0000000000000000      0x928
 .debug_aranges
                0x0000000000000000      0x130 ./Core/Inc/CRSLib/Can/Sample/src/sample.o
 .debug_aranges
                0x0000000000000130       0x30 ./Core/Src/main.o
 .debug_aranges
                0x0000000000000160       0x48 ./Core/Src/stm32f1xx_hal_msp.o
 .debug_aranges
                0x00000000000001a8       0x50 ./Core/Src/stm32f1xx_it.o
 .debug_aranges
                0x00000000000001f8       0x28 ./Core/Src/system_stm32f1xx.o
 .debug_aranges
                0x0000000000000220       0x20 ./Core/Src/wrapper.o
 .debug_aranges
                0x0000000000000240       0x28 ./Core/Startup/startup_stm32f103c6tx.o
 .debug_aranges
                0x0000000000000268       0xd8 ./Drivers/STM32F1xx_HAL_Driver/Src/stm32f1xx_hal.o
 .debug_aranges
                0x0000000000000340       0xc8 ./Drivers/STM32F1xx_HAL_Driver/Src/stm32f1xx_hal_can.o
 .debug_aranges
                0x0000000000000408       0x90 ./Drivers/STM32F1xx_HAL_Driver/Src/stm32f1xx_hal_cortex.o
 .debug_aranges
                0x0000000000000498       0x58 ./Drivers/STM32F1xx_HAL_Driver/Src/stm32f1xx_hal_gpio.o
 .debug_aranges
                0x00000000000004f0       0x88 ./Drivers/STM32F1xx_HAL_Driver/Src/stm32f1xx_hal_rcc.o
 .debug_aranges
                0x0000000000000578      0x298 ./Drivers/STM32F1xx_HAL_Driver/Src/stm32f1xx_hal_tim.o
 .debug_aranges
                0x0000000000000810      0x118 ./Drivers/STM32F1xx_HAL_Driver/Src/stm32f1xx_hal_tim_ex.o

.debug_ranges   0x0000000000000000     0x24b8
 .debug_ranges  0x0000000000000000     0x1730 ./Core/Inc/CRSLib/Can/Sample/src/sample.o
 .debug_ranges  0x0000000000001730      0x3a8 ./Core/Src/main.o
 .debug_ranges  0x0000000000001ad8       0xf8 ./Core/Src/stm32f1xx_hal_msp.o
 .debug_ranges  0x0000000000001bd0       0x40 ./Core/Src/stm32f1xx_it.o
 .debug_ranges  0x0000000000001c10       0x18 ./Core/Src/system_stm32f1xx.o
 .debug_ranges  0x0000000000001c28       0x10 ./Core/Src/wrapper.o
 .debug_ranges  0x0000000000001c38       0x20 ./Core/Startup/startup_stm32f103c6tx.o
 .debug_ranges  0x0000000000001c58       0xc8 ./Drivers/STM32F1xx_HAL_Driver/Src/stm32f1xx_hal.o
 .debug_ranges  0x0000000000001d20       0xd0 ./Drivers/STM32F1xx_HAL_Driver/Src/stm32f1xx_hal_can.o
 .debug_ranges  0x0000000000001df0      0x148 ./Drivers/STM32F1xx_HAL_Driver/Src/stm32f1xx_hal_cortex.o
 .debug_ranges  0x0000000000001f38       0x68 ./Drivers/STM32F1xx_HAL_Driver/Src/stm32f1xx_hal_gpio.o
 .debug_ranges  0x0000000000001fa0       0xc0 ./Drivers/STM32F1xx_HAL_Driver/Src/stm32f1xx_hal_rcc.o
 .debug_ranges  0x0000000000002060      0x350 ./Drivers/STM32F1xx_HAL_Driver/Src/stm32f1xx_hal_tim.o
 .debug_ranges  0x00000000000023b0      0x108 ./Drivers/STM32F1xx_HAL_Driver/Src/stm32f1xx_hal_tim_ex.o

.debug_macro    0x0000000000000000     0x20ac
 .debug_macro   0x0000000000000000      0xa2b ./Core/Inc/CRSLib/Can/Sample/src/sample.o
 .debug_macro   0x0000000000000a2b       0x4c ./Core/Inc/CRSLib/Can/Sample/src/sample.o
 .debug_macro   0x0000000000000a77       0x94 ./Core/Inc/CRSLib/Can/Sample/src/sample.o
 .debug_macro   0x0000000000000b0b       0x57 ./Core/Inc/CRSLib/Can/Sample/src/sample.o
 .debug_macro   0x0000000000000b62       0x1f ./Core/Inc/CRSLib/Can/Sample/src/sample.o
 .debug_macro   0x0000000000000b81       0x2b ./Core/Inc/CRSLib/Can/Sample/src/sample.o
 .debug_macro   0x0000000000000bac       0x56 ./Core/Inc/CRSLib/Can/Sample/src/sample.o
 .debug_macro   0x0000000000000c02       0x1d ./Core/Inc/CRSLib/Can/Sample/src/sample.o
 .debug_macro   0x0000000000000c1f      0x1b1 ./Core/Src/main.o
 .debug_macro   0x0000000000000dd0      0x1b1 ./Core/Src/stm32f1xx_hal_msp.o
 .debug_macro   0x0000000000000f81      0x1bb ./Core/Src/stm32f1xx_it.o
 .debug_macro   0x000000000000113c      0x1a2 ./Core/Src/system_stm32f1xx.o
 .debug_macro   0x00000000000012de      0x1b6 ./Core/Src/wrapper.o
 .debug_macro   0x0000000000001494      0x1c6 ./Drivers/STM32F1xx_HAL_Driver/Src/stm32f1xx_hal.o
 .debug_macro   0x000000000000165a      0x1aa ./Drivers/STM32F1xx_HAL_Driver/Src/stm32f1xx_hal_can.o
 .debug_macro   0x0000000000001804      0x1a2 ./Drivers/STM32F1xx_HAL_Driver/Src/stm32f1xx_hal_cortex.o
 .debug_macro   0x00000000000019a6      0x20d ./Drivers/STM32F1xx_HAL_Driver/Src/stm32f1xx_hal_gpio.o
 .debug_macro   0x0000000000001bb3      0x1b4 ./Drivers/STM32F1xx_HAL_Driver/Src/stm32f1xx_hal_rcc.o
 .debug_macro   0x0000000000001d67      0x1a3 ./Drivers/STM32F1xx_HAL_Driver/Src/stm32f1xx_hal_tim.o
 .debug_macro   0x0000000000001f0a      0x1a2 ./Drivers/STM32F1xx_HAL_Driver/Src/stm32f1xx_hal_tim_ex.o

.debug_line     0x0000000000000000    0x10f96
 .debug_line    0x0000000000000000     0x43ec ./Core/Inc/CRSLib/Can/Sample/src/sample.o
 .debug_line    0x00000000000043ec      0xd61 ./Core/Src/main.o
 .debug_line    0x000000000000514d      0x89a ./Core/Src/stm32f1xx_hal_msp.o
 .debug_line    0x00000000000059e7      0x742 ./Core/Src/stm32f1xx_it.o
 .debug_line    0x0000000000006129      0x6fc ./Core/Src/system_stm32f1xx.o
 .debug_line    0x0000000000006825      0x65f ./Core/Src/wrapper.o
 .debug_line    0x0000000000006e84       0x87 ./Core/Startup/startup_stm32f103c6tx.o
 .debug_line    0x0000000000006f0b      0x995 ./Drivers/STM32F1xx_HAL_Driver/Src/stm32f1xx_hal.o
 .debug_line    0x00000000000078a0     0x13a4 ./Drivers/STM32F1xx_HAL_Driver/Src/stm32f1xx_hal_can.o
 .debug_line    0x0000000000008c44      0xb36 ./Drivers/STM32F1xx_HAL_Driver/Src/stm32f1xx_hal_cortex.o
 .debug_line    0x000000000000977a      0xa34 ./Drivers/STM32F1xx_HAL_Driver/Src/stm32f1xx_hal_gpio.o
 .debug_line    0x000000000000a1ae     0x1073 ./Drivers/STM32F1xx_HAL_Driver/Src/stm32f1xx_hal_rcc.o
 .debug_line    0x000000000000b221     0x4464 ./Drivers/STM32F1xx_HAL_Driver/Src/stm32f1xx_hal_tim.o
 .debug_line    0x000000000000f685     0x1911 ./Drivers/STM32F1xx_HAL_Driver/Src/stm32f1xx_hal_tim_ex.o

.debug_str      0x0000000000000000    0xbde88
 .debug_str     0x0000000000000000    0xbacf1 ./Core/Inc/CRSLib/Can/Sample/src/sample.o
                                      0xbb832 (size before relaxing)
 .debug_str     0x00000000000bacf1      0xbe2 ./Core/Src/main.o
                                      0x821e1 (size before relaxing)
 .debug_str     0x00000000000bb8d3       0xbd ./Core/Src/stm32f1xx_hal_msp.o
                                      0x81df3 (size before relaxing)
 .debug_str     0x00000000000bb990       0xc9 ./Core/Src/stm32f1xx_it.o
                                      0x815ee (size before relaxing)
 .debug_str     0x00000000000bba59       0x7e ./Core/Src/system_stm32f1xx.o
                                      0x81508 (size before relaxing)
 .debug_str     0x00000000000bbad7       0x18 ./Core/Src/wrapper.o
                                      0x81e26 (size before relaxing)
 .debug_str     0x00000000000bbaef       0x36 ./Core/Startup/startup_stm32f103c6tx.o
                                         0x67 (size before relaxing)
 .debug_str     0x00000000000bbb25      0x5d7 ./Drivers/STM32F1xx_HAL_Driver/Src/stm32f1xx_hal.o
                                      0x81c01 (size before relaxing)
 .debug_str     0x00000000000bc0fc      0x48b ./Drivers/STM32F1xx_HAL_Driver/Src/stm32f1xx_hal_can.o
                                      0x81d08 (size before relaxing)
 .debug_str     0x00000000000bc587      0x280 ./Drivers/STM32F1xx_HAL_Driver/Src/stm32f1xx_hal_cortex.o
                                      0x81b4d (size before relaxing)
 .debug_str     0x00000000000bc807      0x2e6 ./Drivers/STM32F1xx_HAL_Driver/Src/stm32f1xx_hal_gpio.o
                                      0x8188e (size before relaxing)
 .debug_str     0x00000000000bcaed      0x229 ./Drivers/STM32F1xx_HAL_Driver/Src/stm32f1xx_hal_rcc.o
                                      0x81937 (size before relaxing)
 .debug_str     0x00000000000bcd16      0xd91 ./Drivers/STM32F1xx_HAL_Driver/Src/stm32f1xx_hal_tim.o
                                      0x82922 (size before relaxing)
 .debug_str     0x00000000000bdaa7      0x3e1 ./Drivers/STM32F1xx_HAL_Driver/Src/stm32f1xx_hal_tim_ex.o
                                      0x8213e (size before relaxing)

.comment        0x0000000000000000       0x50
 .comment       0x0000000000000000       0x50 ./Core/Inc/CRSLib/Can/Sample/src/sample.o
                                         0x51 (size before relaxing)
 .comment       0x0000000000000050       0x51 ./Core/Src/main.o
 .comment       0x0000000000000050       0x51 ./Core/Src/stm32f1xx_hal_msp.o
 .comment       0x0000000000000050       0x51 ./Core/Src/stm32f1xx_it.o
 .comment       0x0000000000000050       0x51 ./Core/Src/system_stm32f1xx.o
 .comment       0x0000000000000050       0x51 ./Core/Src/wrapper.o
 .comment       0x0000000000000050       0x51 ./Drivers/STM32F1xx_HAL_Driver/Src/stm32f1xx_hal.o
 .comment       0x0000000000000050       0x51 ./Drivers/STM32F1xx_HAL_Driver/Src/stm32f1xx_hal_can.o
 .comment       0x0000000000000050       0x51 ./Drivers/STM32F1xx_HAL_Driver/Src/stm32f1xx_hal_cortex.o
 .comment       0x0000000000000050       0x51 ./Drivers/STM32F1xx_HAL_Driver/Src/stm32f1xx_hal_gpio.o
 .comment       0x0000000000000050       0x51 ./Drivers/STM32F1xx_HAL_Driver/Src/stm32f1xx_hal_rcc.o
 .comment       0x0000000000000050       0x51 ./Drivers/STM32F1xx_HAL_Driver/Src/stm32f1xx_hal_tim.o
 .comment       0x0000000000000050       0x51 ./Drivers/STM32F1xx_HAL_Driver/Src/stm32f1xx_hal_tim_ex.o

.debug_frame    0x0000000000000000     0x21e0
 .debug_frame   0x0000000000000000      0x4b4 ./Core/Inc/CRSLib/Can/Sample/src/sample.o
 .debug_frame   0x00000000000004b4       0x5c ./Core/Src/main.o
 .debug_frame   0x0000000000000510       0xa8 ./Core/Src/stm32f1xx_hal_msp.o
 .debug_frame   0x00000000000005b8       0xa0 ./Core/Src/stm32f1xx_it.o
 .debug_frame   0x0000000000000658       0x30 ./Core/Src/system_stm32f1xx.o
 .debug_frame   0x0000000000000688       0x20 ./Core/Src/wrapper.o
 .debug_frame   0x00000000000006a8      0x1d4 ./Drivers/STM32F1xx_HAL_Driver/Src/stm32f1xx_hal.o
 .debug_frame   0x000000000000087c      0x2d0 ./Drivers/STM32F1xx_HAL_Driver/Src/stm32f1xx_hal_can.o
 .debug_frame   0x0000000000000b4c      0x120 ./Drivers/STM32F1xx_HAL_Driver/Src/stm32f1xx_hal_cortex.o
 .debug_frame   0x0000000000000c6c       0xd8 ./Drivers/STM32F1xx_HAL_Driver/Src/stm32f1xx_hal_gpio.o
 .debug_frame   0x0000000000000d44      0x150 ./Drivers/STM32F1xx_HAL_Driver/Src/stm32f1xx_hal_rcc.o
 .debug_frame   0x0000000000000e94      0x9e8 ./Drivers/STM32F1xx_HAL_Driver/Src/stm32f1xx_hal_tim.o
 .debug_frame   0x000000000000187c      0x3d4 ./Drivers/STM32F1xx_HAL_Driver/Src/stm32f1xx_hal_tim_ex.o
 .debug_frame   0x0000000000001c50       0xd8 c:/st/stm32cubeide_1.9.0/stm32cubeide/plugins/com.st.stm32cube.ide.mcu.externaltools.gnu-tools-for-stm32.10.3-2021.10.win32_1.0.0.202111181127/tools/bin/../lib/gcc/arm-none-eabi/10.3.1/../../../../arm-none-eabi/lib/thumb/v7-m/nofp\libstdc++_nano.a(class_type_info.o)
 .debug_frame   0x0000000000001d28       0x20 c:/st/stm32cubeide_1.9.0/stm32cubeide/plugins/com.st.stm32cube.ide.mcu.externaltools.gnu-tools-for-stm32.10.3-2021.10.win32_1.0.0.202111181127/tools/bin/../lib/gcc/arm-none-eabi/10.3.1/../../../../arm-none-eabi/lib/thumb/v7-m/nofp\libstdc++_nano.a(del_ops.o)
 .debug_frame   0x0000000000001d48       0xd4 c:/st/stm32cubeide_1.9.0/stm32cubeide/plugins/com.st.stm32cube.ide.mcu.externaltools.gnu-tools-for-stm32.10.3-2021.10.win32_1.0.0.202111181127/tools/bin/../lib/gcc/arm-none-eabi/10.3.1/../../../../arm-none-eabi/lib/thumb/v7-m/nofp\libstdc++_nano.a(si_class_type_info.o)
 .debug_frame   0x0000000000001e1c       0x80 c:/st/stm32cubeide_1.9.0/stm32cubeide/plugins/com.st.stm32cube.ide.mcu.externaltools.gnu-tools-for-stm32.10.3-2021.10.win32_1.0.0.202111181127/tools/bin/../lib/gcc/arm-none-eabi/10.3.1/../../../../arm-none-eabi/lib/thumb/v7-m/nofp\libstdc++_nano.a(tinfo.o)
 .debug_frame   0x0000000000001e9c       0xfc c:/st/stm32cubeide_1.9.0/stm32cubeide/plugins/com.st.stm32cube.ide.mcu.externaltools.gnu-tools-for-stm32.10.3-2021.10.win32_1.0.0.202111181127/tools/bin/../lib/gcc/arm-none-eabi/10.3.1/../../../../arm-none-eabi/lib/thumb/v7-m/nofp\libstdc++_nano.a(vmi_class_type_info.o)
 .debug_frame   0x0000000000001f98       0x20 c:/st/stm32cubeide_1.9.0/stm32cubeide/plugins/com.st.stm32cube.ide.mcu.externaltools.gnu-tools-for-stm32.10.3-2021.10.win32_1.0.0.202111181127/tools/bin/../lib/gcc/arm-none-eabi/10.3.1/../../../../arm-none-eabi/lib/thumb/v7-m/nofp\libstdc++_nano.a(del_op.o)
 .debug_frame   0x0000000000001fb8       0x2c c:/st/stm32cubeide_1.9.0/stm32cubeide/plugins/com.st.stm32cube.ide.mcu.externaltools.gnu-tools-for-stm32.10.3-2021.10.win32_1.0.0.202111181127/tools/bin/../lib/gcc/arm-none-eabi/10.3.1/../../../../arm-none-eabi/lib/thumb/v7-m/nofp\libc_nano.a(lib_a-init.o)
 .debug_frame   0x0000000000001fe4       0x30 c:/st/stm32cubeide_1.9.0/stm32cubeide/plugins/com.st.stm32cube.ide.mcu.externaltools.gnu-tools-for-stm32.10.3-2021.10.win32_1.0.0.202111181127/tools/bin/../lib/gcc/arm-none-eabi/10.3.1/../../../../arm-none-eabi/lib/thumb/v7-m/nofp\libc_nano.a(lib_a-malloc.o)
 .debug_frame   0x0000000000002014       0x28 c:/st/stm32cubeide_1.9.0/stm32cubeide/plugins/com.st.stm32cube.ide.mcu.externaltools.gnu-tools-for-stm32.10.3-2021.10.win32_1.0.0.202111181127/tools/bin/../lib/gcc/arm-none-eabi/10.3.1/../../../../arm-none-eabi/lib/thumb/v7-m/nofp\libc_nano.a(lib_a-memmove.o)
 .debug_frame   0x000000000000203c       0x20 c:/st/stm32cubeide_1.9.0/stm32cubeide/plugins/com.st.stm32cube.ide.mcu.externaltools.gnu-tools-for-stm32.10.3-2021.10.win32_1.0.0.202111181127/tools/bin/../lib/gcc/arm-none-eabi/10.3.1/../../../../arm-none-eabi/lib/thumb/v7-m/nofp\libc_nano.a(lib_a-memset.o)
 .debug_frame   0x000000000000205c       0x38 c:/st/stm32cubeide_1.9.0/stm32cubeide/plugins/com.st.stm32cube.ide.mcu.externaltools.gnu-tools-for-stm32.10.3-2021.10.win32_1.0.0.202111181127/tools/bin/../lib/gcc/arm-none-eabi/10.3.1/../../../../arm-none-eabi/lib/thumb/v7-m/nofp\libc_nano.a(lib_a-nano-freer.o)
 .debug_frame   0x0000000000002094       0x4c c:/st/stm32cubeide_1.9.0/stm32cubeide/plugins/com.st.stm32cube.ide.mcu.externaltools.gnu-tools-for-stm32.10.3-2021.10.win32_1.0.0.202111181127/tools/bin/../lib/gcc/arm-none-eabi/10.3.1/../../../../arm-none-eabi/lib/thumb/v7-m/nofp\libc_nano.a(lib_a-nano-mallocr.o)
 .debug_frame   0x00000000000020e0       0x20 c:/st/stm32cubeide_1.9.0/stm32cubeide/plugins/com.st.stm32cube.ide.mcu.externaltools.gnu-tools-for-stm32.10.3-2021.10.win32_1.0.0.202111181127/tools/bin/../lib/gcc/arm-none-eabi/10.3.1/../../../../arm-none-eabi/lib/thumb/v7-m/nofp\libc_nano.a(lib_a-strcmp.o)
 .debug_frame   0x0000000000002100       0x30 c:/st/stm32cubeide_1.9.0/stm32cubeide/plugins/com.st.stm32cube.ide.mcu.externaltools.gnu-tools-for-stm32.10.3-2021.10.win32_1.0.0.202111181127/tools/bin/../lib/gcc/arm-none-eabi/10.3.1/../../../../arm-none-eabi/lib/thumb/v7-m/nofp\libc_nano.a(lib_a-mlock.o)
 .debug_frame   0x0000000000002130       0xb0 c:/st/stm32cubeide_1.9.0/stm32cubeide/plugins/com.st.stm32cube.ide.mcu.externaltools.gnu-tools-for-stm32.10.3-2021.10.win32_1.0.0.202111181127/tools/bin/../lib/gcc/arm-none-eabi/10.3.1/../../../../arm-none-eabi/lib/thumb/v7-m/nofp\libc_nano.a(lib_a-lock.o)
