../Core/Inc/CRSLib/Can/RM0008/include/pillarbox.hpp:35:8:void CRSLib::Can::RM0008::Pillarbox::post(CRSLib::IntegerTypes::u32, CRSLib::Can::RM0008::TxFrame&)	40	static
c:\st\stm32cubeide_1.9.0\stm32cubeide\plugins\com.st.stm32cube.ide.mcu.externaltools.gnu-tools-for-stm32.10.3-2021.10.win32_1.0.0.202111181127\tools\arm-none-eabi\include\c++\10.3.1\bits\std_function.h:242:5:std::_Function_base::~_Function_base()	8	static
../Core/Inc/CRSLib/Can/RM0008/include/letterbox.hpp:47:8:void CRSLib::Can::RM0008::Letterbox::receive(CRSLib::Can::RM0008::RxFrame&)	48	static
../Core/Src/CanController.cpp:26:2:stepping_md::CanController<T>::CanController(CRSLib::Can::RM0008::CanManager&, stepping_md::Parameters&, uint32_t) [with T = float]	16	static
../Core/Src/CanController.cpp:36:7:void stepping_md::CanController<T>::set_register(stepping_md::Parameters&) [with T = float]	8	static
../Core/Src/CanController.cpp:41:7:void stepping_md::CanController<T>::send(T) [with T = float]	40	static
../Core/Src/CanController.cpp:26:2:stepping_md::CanController<T>::CanController(CRSLib::Can::RM0008::CanManager&, stepping_md::Parameters&, uint32_t) [with T = unsigned char]	16	static
../Core/Src/CanController.cpp:36:7:void stepping_md::CanController<T>::set_register(stepping_md::Parameters&) [with T = unsigned char]	8	static
../Core/Src/CanController.cpp:41:7:void stepping_md::CanController<T>::send(T) [with T = unsigned char]	32	static
c:\st\stm32cubeide_1.9.0\stm32cubeide\plugins\com.st.stm32cube.ide.mcu.externaltools.gnu-tools-for-stm32.10.3-2021.10.win32_1.0.0.202111181127\tools\arm-none-eabi\include\c++\10.3.1\bits\stl_vector.h:333:7:std::_Vector_base<_Tp, _Alloc>::~_Vector_base() [with _Tp = CRSLib::Can::RM0008::RxFrame; _Alloc = std::allocator<CRSLib::Can::RM0008::RxFrame>]	8	static
c:\st\stm32cubeide_1.9.0\stm32cubeide\plugins\com.st.stm32cube.ide.mcu.externaltools.gnu-tools-for-stm32.10.3-2021.10.win32_1.0.0.202111181127\tools\arm-none-eabi\include\c++\10.3.1\bits\vector.tcc:426:7:) [with _Args = {const CRSLib::Can::RM0008::RxFrame&}; _Tp = CRSLib::Can::RM0008::RxFrame; _Alloc = std::allocator<CRSLib::Can::RM0008::RxFrame>]	48	static
c:\st\stm32cubeide_1.9.0\stm32cubeide\plugins\com.st.stm32cube.ide.mcu.externaltools.gnu-tools-for-stm32.10.3-2021.10.win32_1.0.0.202111181127\tools\arm-none-eabi\include\c++\10.3.1\bits\stl_vector.h:1187:7:void std::vector<_Tp, _Alloc>::push_back(const value_type&) [with _Tp = CRSLib::Can::RM0008::RxFrame; _Alloc = std::allocator<CRSLib::Can::RM0008::RxFrame>]	24	static
c:\st\stm32cubeide_1.9.0\stm32cubeide\plugins\com.st.stm32cube.ide.mcu.externaltools.gnu-tools-for-stm32.10.3-2021.10.win32_1.0.0.202111181127\tools\arm-none-eabi\include\c++\10.3.1\bits\vector.tcc:171:5:std::vector<_Tp, _Alloc>::iterator std::vector<_Tp, _Alloc>::_M_erase(std::vector<_Tp, _Alloc>::iterator) [with _Tp = CRSLib::Can::RM0008::RxFrame; _Alloc = std::allocator<CRSLib::Can::RM0008::RxFrame>]	8	static
../Core/Src/CanController.cpp:81:7:void stepping_md::CanController<T>::update() [with T = float]	56	static
../Core/Src/CanController.cpp:130:7:static void stepping_md::CanController<T>::trigger_update() [with T = float]	16	static
../Core/Src/CanController.cpp:81:7:void stepping_md::CanController<T>::update() [with T = unsigned char]	56	static
../Core/Src/CanController.cpp:130:7:static void stepping_md::CanController<T>::trigger_update() [with T = unsigned char]	16	static
c:\st\stm32cubeide_1.9.0\stm32cubeide\plugins\com.st.stm32cube.ide.mcu.externaltools.gnu-tools-for-stm32.10.3-2021.10.win32_1.0.0.202111181127\tools\arm-none-eabi\include\c++\10.3.1\bits\move.h:189:5:constexpr std::_Require<std::__not_<std::__is_tuple_like<_Tp> >, std::is_move_constructible<_Tp>, std::is_move_assignable<_Tp> > std::swap(_Tp&, _Tp&) [with _Tp = std::_Any_data]	16	static
../Core/Src/CanController.cpp:31:7:void stepping_md::CanController<T>::set_callback(std::function<int(T, long unsigned int)>) [with T = float]	32	static
../Core/Src/CanController.cpp:31:7:void stepping_md::CanController<T>::set_callback(std::function<int(T, long unsigned int)>) [with T = unsigned char]	32	static
../Core/Src/CanController.cpp:135:1:cpp)	0	static
../Core/Src/CanController.cpp:135:1:cpp)	16	static
