c:\st\stm32cubeide_1.9.0\stm32cubeide\plugins\com.st.stm32cube.ide.mcu.externaltools.gnu-tools-for-stm32.10.3-2021.10.win32_1.0.0.202111181127\tools\arm-none-eabi\include\c++\10.3.1\bits\std_function.h:289:7:) [with _Res = int; _Functor = stepping_md::CanController::<lambda(uint8_t*, uint32_t)>; _ArgTypes = {unsigned char*, long unsigned int}]	0	static
c:\st\stm32cubeide_1.9.0\stm32cubeide\plugins\com.st.stm32cube.ide.mcu.externaltools.gnu-tools-for-stm32.10.3-2021.10.win32_1.0.0.202111181127\tools\arm-none-eabi\include\c++\10.3.1\bits\std_function.h:268:7:), _Functor>::_M_manager(std::_Any_data&, const std::_Any_data&, std::_Manager_operation) [with _Res = int; _Functor = stepping_md::CanController::<lambda(uint8_t*, uint32_t)>; _ArgTypes = {unsigned char*, long unsigned int}]	0	static
../Core/Src/CanController.cpp:14:2:stepping_md::CanController::CanController(CRSLib::Can::RM0008::CanManager&, stepping_md::Parameters&, uint32_t)	16	static
../Core/Src/CanController.cpp:18:7:void stepping_md::CanController::set_register(stepping_md::Parameters&)	8	static
c:\st\stm32cubeide_1.9.0\stm32cubeide\plugins\com.st.stm32cube.ide.mcu.externaltools.gnu-tools-for-stm32.10.3-2021.10.win32_1.0.0.202111181127\tools\arm-none-eabi\include\c++\10.3.1\bits\vector.tcc:426:7:) [with _Args = {const CRSLib::Can::RM0008::RxFrame&}; _Tp = CRSLib::Can::RM0008::RxFrame; _Alloc = std::allocator<CRSLib::Can::RM0008::RxFrame>]	48	static
../Core/Src/CanController.cpp:64:7:void stepping_md::CanController::update()	88	static
../Core/Src/CanController.cpp:116:7:static void stepping_md::CanController::trigger_update()	16	static
../Core/Src/CanController.cpp:121:1:cpp)	0	static
../Core/Src/CanController.cpp:121:1:cpp)	16	static
