../Core/Inc/MotorController.hpp:63:11:void stepping_md::MotorController::DisableModeContext::onInit()	8	static
../Core/Src/MotorController.cpp:12:5:stepping_md::MotorController::MotorController(GPIO_PIN, GPIO_Port, GPIO_PIN, GPIO_Port, float, TIM_HandleTypeDef*, stepping_md::Parameters&, long unsigned int)	40	static
../Core/Src/MotorController.cpp:57:10:void stepping_md::MotorController::update()	32	static
../Core/Src/MotorController.cpp:99:14:GPIO_PIN stepping_md::MotorController::get_ena_pin() const	0	static
../Core/Src/MotorController.cpp:100:15:GPIO_TypeDef* stepping_md::MotorController::get_ena_port() const	0	static
../Core/Src/MotorController.cpp:101:14:GPIO_PIN stepping_md::MotorController::get_dir_pin() const	0	static
../Core/Src/MotorController.cpp:102:15:GPIO_TypeDef* stepping_md::MotorController::get_dir_port() const	0	static
../Core/Src/MotorController.cpp:103:24:TIM_HandleTypeDef* stepping_md::MotorController::get_pwm_tim()	0	static
../Core/Src/MotorController.cpp:104:17:stepping_md::Parameters& stepping_md::MotorController::get_params()	0	static
../Core/Src/MotorController.cpp:105:19:long unsigned int stepping_md::MotorController::get_source_clock() const	0	static
../Core/Src/MotorController.cpp:107:10:static void stepping_md::MotorController::trigger_update()	16	static
../Core/Src/MotorController.cpp:112:1:cpp)	0	static
../Core/Src/MotorController.cpp:112:1:cpp)	16	static
