../Core/Src/PositionModeContext.cpp:102:10:virtual stepping_md::MD_MODE stepping_md::MotorController::PositionModeContext::description()	0	static
../Core/Src/PositionModeContext.cpp:9:7:void stepping_md::MotorController::PositionModeContext::update_position()	16	static
../Core/Src/PositionModeContext.cpp:18:7:void stepping_md::MotorController::PositionModeContext::set_direction(float)	24	static
../Core/Src/PositionModeContext.cpp:51:7:void stepping_md::MotorController::PositionModeContext::start()	24	static
../Core/Src/PositionModeContext.cpp:56:7:void stepping_md::MotorController::PositionModeContext::stop()	8	static
../Core/Src/PositionModeContext.cpp:35:7:void stepping_md::MotorController::PositionModeContext::enable()	16	static
../Core/Src/PositionModeContext.cpp:91:7:virtual void stepping_md::MotorController::PositionModeContext::onInit()	8	static
../Core/Src/PositionModeContext.cpp:5:2:stepping_md::MotorController::PositionModeContext::PositionModeContext(stepping_md::MotorController&, float)	8	static
../Core/Src/PositionModeContext.cpp:43:7:void stepping_md::MotorController::PositionModeContext::disable()	16	static
../Core/Src/PositionModeContext.cpp:98:7:virtual void stepping_md::MotorController::PositionModeContext::onExit()	8	static
../Core/Src/PositionModeContext.cpp:61:7:void stepping_md::MotorController::PositionModeContext::move_to_target()	40	static
../Core/Src/PositionModeContext.cpp:75:7:virtual void stepping_md::MotorController::PositionModeContext::update()	24	static
