../Core/Src/PositionModeContext.cpp:93:10:virtual stepping_md::MD_MODE stepping_md::MotorController::PositionModeContext::description()	0	static
../Core/Src/PositionModeContext.cpp:9:7:void stepping_md::MotorController::PositionModeContext::update_position()	16	static
../Core/Src/PositionModeContext.cpp:19:7:void stepping_md::MotorController::PositionModeContext::set_direction(float)	24	static
../Core/Src/PositionModeContext.cpp:52:7:void stepping_md::MotorController::PositionModeContext::start()	24	static
../Core/Src/PositionModeContext.cpp:57:7:void stepping_md::MotorController::PositionModeContext::stop()	8	static
../Core/Src/PositionModeContext.cpp:36:7:void stepping_md::MotorController::PositionModeContext::enable()	16	static
../Core/Src/PositionModeContext.cpp:82:7:virtual void stepping_md::MotorController::PositionModeContext::onInit()	8	static
../Core/Src/PositionModeContext.cpp:5:2:stepping_md::MotorController::PositionModeContext::PositionModeContext(stepping_md::MotorController&, float)	8	static
../Core/Src/PositionModeContext.cpp:44:7:void stepping_md::MotorController::PositionModeContext::disable()	16	static
../Core/Src/PositionModeContext.cpp:89:7:virtual void stepping_md::MotorController::PositionModeContext::onExit()	8	static
../Core/Src/PositionModeContext.cpp:62:7:void stepping_md::MotorController::PositionModeContext::move_to_target()	24	static
../Core/Src/PositionModeContext.cpp:67:7:virtual void stepping_md::MotorController::PositionModeContext::update()	24	static
