../Core/Src/PositionModeContext.cpp:11:7:void stepping_md::MotorController::PositionModeContext::update_position()	16	static
../Core/Src/PositionModeContext.cpp:20:7:void stepping_md::MotorController::PositionModeContext::set_direction(float)	24	static
../Core/Src/PositionModeContext.cpp:53:7:void stepping_md::MotorController::PositionModeContext::start()	24	static
../Core/Src/PositionModeContext.cpp:58:7:void stepping_md::MotorController::PositionModeContext::stop()	8	static
../Core/Src/PositionModeContext.cpp:37:7:void stepping_md::MotorController::PositionModeContext::enable()	16	static
../Core/Src/PositionModeContext.cpp:45:7:void stepping_md::MotorController::PositionModeContext::disable()	16	static
../Core/Src/PositionModeContext.cpp:63:7:void stepping_md::MotorController::PositionModeContext::move_to_target()	40	static
../Core/Src/PositionModeContext.cpp:79:7:void stepping_md::MotorController::PositionModeContext::update()	24	static
../Core/Src/PositionModeContext.cpp:97:7:void stepping_md::MotorController::PositionModeContext::onInit()	8	static
../Core/Src/PositionModeContext.cpp:7:2:stepping_md::MotorController::PositionModeContext::PositionModeContext(stepping_md::MotorController&, float)	8	static
../Core/Src/PositionModeContext.cpp:104:7:void stepping_md::MotorController::PositionModeContext::onExit()	8	static
../Core/Src/PositionModeContext.cpp:108:10:stepping_md::MD_MODE stepping_md::MotorController::PositionModeContext::description()	0	static
