../Core/Src/wrapper.cpp:237:6:void common_target_callback(float, stepping_md::Parameters&)	32	static
c:\st\stm32cubeide_1.9.0\stm32cubeide\plugins\com.st.stm32cube.ide.mcu.externaltools.gnu-tools-for-stm32.10.3-2021.10.win32_1.0.0.202111181127\tools\arm-none-eabi\include\c++\10.3.1\bits\std_function.h:289:7:) [with _Res = int; _Functor = wrapper_cpp()::<lambda(float, uint32_t)>; _ArgTypes = {float, long unsigned int}]	8	static
c:\st\stm32cubeide_1.9.0\stm32cubeide\plugins\com.st.stm32cube.ide.mcu.externaltools.gnu-tools-for-stm32.10.3-2021.10.win32_1.0.0.202111181127\tools\arm-none-eabi\include\c++\10.3.1\bits\std_function.h:289:7:) [with _Res = int; _Functor = wrapper_cpp()::<lambda(float, uint32_t)>; _ArgTypes = {float, long unsigned int}]	8	static
../Core/Src/wrapper.cpp:221:6:void common_cmd_callback(uint8_t, stepping_md::Parameters&, stepping_md::MotorController&)	32	static
c:\st\stm32cubeide_1.9.0\stm32cubeide\plugins\com.st.stm32cube.ide.mcu.externaltools.gnu-tools-for-stm32.10.3-2021.10.win32_1.0.0.202111181127\tools\arm-none-eabi\include\c++\10.3.1\bits\std_function.h:289:7:) [with _Res = int; _Functor = wrapper_cpp()::<lambda(uint8_t, uint32_t)>; _ArgTypes = {unsigned char, long unsigned int}]	8	static
c:\st\stm32cubeide_1.9.0\stm32cubeide\plugins\com.st.stm32cube.ide.mcu.externaltools.gnu-tools-for-stm32.10.3-2021.10.win32_1.0.0.202111181127\tools\arm-none-eabi\include\c++\10.3.1\bits\std_function.h:289:7:) [with _Res = int; _Functor = wrapper_cpp()::<lambda(uint8_t, uint32_t)>; _ArgTypes = {unsigned char, long unsigned int}]	8	static
c:\st\stm32cubeide_1.9.0\stm32cubeide\plugins\com.st.stm32cube.ide.mcu.externaltools.gnu-tools-for-stm32.10.3-2021.10.win32_1.0.0.202111181127\tools\arm-none-eabi\include\c++\10.3.1\bits\stl_algobase.h:833:5:constexpr _BI2 std::move_backward(_BI1, _BI1, _BI2) [with _BI1 = unsigned char*; _BI2 = unsigned char*]	0	static
c:\st\stm32cubeide_1.9.0\stm32cubeide\plugins\com.st.stm32cube.ide.mcu.externaltools.gnu-tools-for-stm32.10.3-2021.10.win32_1.0.0.202111181127\tools\arm-none-eabi\include\c++\10.3.1\bits\std_function.h:289:7:) [with _Res = int; _Functor = stepping_md::CanController::set_callback<float>::<lambda(unsigned char*, uint32_t)>; _ArgTypes = {unsigned char*, long unsigned int}]	16	static
c:\st\stm32cubeide_1.9.0\stm32cubeide\plugins\com.st.stm32cube.ide.mcu.externaltools.gnu-tools-for-stm32.10.3-2021.10.win32_1.0.0.202111181127\tools\arm-none-eabi\include\c++\10.3.1\bits\std_function.h:268:7:), _Functor>::_M_manager(std::_Any_data&, const std::_Any_data&, std::_Manager_operation) [with _Res = int; _Functor = wrapper_cpp()::<lambda(float, uint32_t)>; _ArgTypes = {float, long unsigned int}]	0	static
c:\st\stm32cubeide_1.9.0\stm32cubeide\plugins\com.st.stm32cube.ide.mcu.externaltools.gnu-tools-for-stm32.10.3-2021.10.win32_1.0.0.202111181127\tools\arm-none-eabi\include\c++\10.3.1\bits\std_function.h:268:7:), _Functor>::_M_manager(std::_Any_data&, const std::_Any_data&, std::_Manager_operation) [with _Res = int; _Functor = wrapper_cpp()::<lambda(float, uint32_t)>; _ArgTypes = {float, long unsigned int}]	0	static
c:\st\stm32cubeide_1.9.0\stm32cubeide\plugins\com.st.stm32cube.ide.mcu.externaltools.gnu-tools-for-stm32.10.3-2021.10.win32_1.0.0.202111181127\tools\arm-none-eabi\include\c++\10.3.1\bits\std_function.h:268:7:), _Functor>::_M_manager(std::_Any_data&, const std::_Any_data&, std::_Manager_operation) [with _Res = int; _Functor = wrapper_cpp()::<lambda(uint8_t, uint32_t)>; _ArgTypes = {unsigned char, long unsigned int}]	0	static
c:\st\stm32cubeide_1.9.0\stm32cubeide\plugins\com.st.stm32cube.ide.mcu.externaltools.gnu-tools-for-stm32.10.3-2021.10.win32_1.0.0.202111181127\tools\arm-none-eabi\include\c++\10.3.1\bits\std_function.h:268:7:), _Functor>::_M_manager(std::_Any_data&, const std::_Any_data&, std::_Manager_operation) [with _Res = int; _Functor = wrapper_cpp()::<lambda(uint8_t, uint32_t)>; _ArgTypes = {unsigned char, long unsigned int}]	0	static
../Core/Inc/CRSLib/Can/RM0008/include/filter_manager.hpp:39:16:constexpr CRSLib::IntegerTypes::u8 CRSLib::Can::RM0008::FilterManager::Implement::FilterManagerImp::convert_to_priority(CRSLib::IntegerTypes::u8, CRSLib::IntegerTypes::u8, const CRSLib::Can::RM0008::FilterManager::ConfigFilterArg<filter_width, filter_mode>&) [with CRSLib::Can::FilterWidth filter_width = CRSLib::Can::FilterWidth::bit32; CRSLib::Can::FilterMode filter_mode = CRSLib::Can::FilterMode::list]	0	static
c:\st\stm32cubeide_1.9.0\stm32cubeide\plugins\com.st.stm32cube.ide.mcu.externaltools.gnu-tools-for-stm32.10.3-2021.10.win32_1.0.0.202111181127\tools\arm-none-eabi\include\c++\10.3.1\bits\std_function.h:289:7:) [with _Res = int; _Functor = stepping_md::CanController::set_callback<unsigned char>::<lambda(unsigned char*, uint32_t)>; _ArgTypes = {unsigned char*, long unsigned int}]	16	static
c:\st\stm32cubeide_1.9.0\stm32cubeide\plugins\com.st.stm32cube.ide.mcu.externaltools.gnu-tools-for-stm32.10.3-2021.10.win32_1.0.0.202111181127\tools\arm-none-eabi\include\c++\10.3.1\bits\std_function.h:242:5:std::_Function_base::~_Function_base()	8	static
../Core/Src/wrapper.cpp:260:6:void HAL_GPIO_EXTI_Callback(uint16_t)	8	static
c:\st\stm32cubeide_1.9.0\stm32cubeide\plugins\com.st.stm32cube.ide.mcu.externaltools.gnu-tools-for-stm32.10.3-2021.10.win32_1.0.0.202111181127\tools\arm-none-eabi\include\c++\10.3.1\bits\std_function.h:587:5:)>&) [with _Res = int; _ArgTypes = {unsigned char, long unsigned int}]	16	static
c:\st\stm32cubeide_1.9.0\stm32cubeide\plugins\com.st.stm32cube.ide.mcu.externaltools.gnu-tools-for-stm32.10.3-2021.10.win32_1.0.0.202111181127\tools\arm-none-eabi\include\c++\10.3.1\bits\std_function.h:268:7:), _Functor>::_M_manager(std::_Any_data&, const std::_Any_data&, std::_Manager_operation) [with _Res = int; _Functor = stepping_md::CanController::set_callback<unsigned char>::<lambda(unsigned char*, uint32_t)>; _ArgTypes = {unsigned char*, long unsigned int}]	16	static
c:\st\stm32cubeide_1.9.0\stm32cubeide\plugins\com.st.stm32cube.ide.mcu.externaltools.gnu-tools-for-stm32.10.3-2021.10.win32_1.0.0.202111181127\tools\arm-none-eabi\include\c++\10.3.1\bits\std_function.h:587:5:)>&) [with _Res = int; _ArgTypes = {float, long unsigned int}]	16	static
c:\st\stm32cubeide_1.9.0\stm32cubeide\plugins\com.st.stm32cube.ide.mcu.externaltools.gnu-tools-for-stm32.10.3-2021.10.win32_1.0.0.202111181127\tools\arm-none-eabi\include\c++\10.3.1\bits\std_function.h:268:7:), _Functor>::_M_manager(std::_Any_data&, const std::_Any_data&, std::_Manager_operation) [with _Res = int; _Functor = stepping_md::CanController::set_callback<float>::<lambda(unsigned char*, uint32_t)>; _ArgTypes = {unsigned char*, long unsigned int}]	16	static
c:\st\stm32cubeide_1.9.0\stm32cubeide\plugins\com.st.stm32cube.ide.mcu.externaltools.gnu-tools-for-stm32.10.3-2021.10.win32_1.0.0.202111181127\tools\arm-none-eabi\include\c++\10.3.1\bits\move.h:189:5:constexpr std::_Require<std::__not_<std::__is_tuple_like<_Tp> >, std::is_move_constructible<_Tp>, std::is_move_assignable<_Tp> > std::swap(_Tp&, _Tp&) [with _Tp = std::_Any_data]	16	static
../Core/Inc/CanController.hpp:33:9:void stepping_md::CanController::set_callback(std::function<int(T, long unsigned int)>) [with T = unsigned char]	64	static
../Core/Inc/CanController.hpp:33:9:void stepping_md::CanController::set_callback(std::function<int(T, long unsigned int)>) [with T = float]	64	static
c:\st\stm32cubeide_1.9.0\stm32cubeide\plugins\com.st.stm32cube.ide.mcu.externaltools.gnu-tools-for-stm32.10.3-2021.10.win32_1.0.0.202111181127\tools\arm-none-eabi\include\c++\10.3.1\bits\stl_algo.h:1844:5:constexpr void std::__insertion_sort(_RandomAccessIterator, _RandomAccessIterator, _Compare) [with _RandomAccessIterator = unsigned char*; _Compare = __gnu_cxx::__ops::_Iter_comp_iter<std::ranges::__detail::__make_comp_proj<std::ranges::less, std::identity>::<lambda(auto:13&&, auto:14&&)> >]	32	static
c:\st\stm32cubeide_1.9.0\stm32cubeide\plugins\com.st.stm32cube.ide.mcu.externaltools.gnu-tools-for-stm32.10.3-2021.10.win32_1.0.0.202111181127\tools\arm-none-eabi\include\c++\10.3.1\bits\stl_algo.h:1844:5:constexpr void std::__insertion_sort(_RandomAccessIterator, _RandomAccessIterator, _Compare) [with _RandomAccessIterator = unsigned char*; _Compare = __gnu_cxx::__ops::_Iter_comp_iter<std::ranges::__detail::__make_comp_proj<std::ranges::less, CRSLib::Can::RM0008::FilterManager::Implement::FilterManagerImp::set_filter_match_index<{CRSLib::Can::FilterWidth::bit32, CRSLib::Can::FilterWidth::bit32, CRSLib::Can::FilterWidth::bit32, CRSLib::Can::FilterWidth::bit32, CRSLib::Can::FilterWidth::bit32, CRSLib::Can::FilterWidth::bit32, CRSLib::Can::FilterWidth::bit32, CRSLib::Can::FilterWidth::bit32, CRSLib::Can::FilterWidth::bit32, CRSLib::Can::FilterWidth::bit32, CRSLib::Can::FilterWidth::bit32, CRSLib::Can::FilterWidth::bit32, CRSLib::Can::FilterWidth::bit32, CRSLib::Can::FilterWidth::bit32}, {CRSLib::Can::FilterMode::list, CRSLib::Can::FilterMode::list, CRSLib::Can::FilterMode::list, CRSLib::Can::FilterMode::list, CRSLib::Can::FilterMode::list, CRSLib::Can::FilterMode::list, CRSLib::Can::FilterMode::list, CRSLib::Can::FilterMode::list, CRSLib::Can::FilterMode::list, CRSLib::Can::FilterMode::list, CRSLib::Can::FilterMode::list, CRSLib::Can::FilterMode::list, CRSLib::Can::FilterMode::list, CRSLib::Can::FilterMode::list}>::<lambda(auto:24)> >::<lambda(auto:13&&, auto:14&&)> >]	32	static
c:\st\stm32cubeide_1.9.0\stm32cubeide\plugins\com.st.stm32cube.ide.mcu.externaltools.gnu-tools-for-stm32.10.3-2021.10.win32_1.0.0.202111181127\tools\arm-none-eabi\include\c++\10.3.1\bits\stl_algo.h:1844:5:constexpr void std::__insertion_sort(_RandomAccessIterator, _RandomAccessIterator, _Compare) [with _RandomAccessIterator = unsigned char*; _Compare = __gnu_cxx::__ops::_Iter_comp_iter<std::ranges::__detail::__make_comp_proj<std::ranges::less, CRSLib::Can::RM0008::FilterManager::Implement::FilterManagerImp::set_filter_match_index<{CRSLib::Can::FilterWidth::bit32, CRSLib::Can::FilterWidth::bit32}, {CRSLib::Can::FilterMode::mask, CRSLib::Can::FilterMode::mask}>::<lambda(auto:24)> >::<lambda(auto:13&&, auto:14&&)> >]	32	static
c:\st\stm32cubeide_1.9.0\stm32cubeide\plugins\com.st.stm32cube.ide.mcu.externaltools.gnu-tools-for-stm32.10.3-2021.10.win32_1.0.0.202111181127\tools\arm-none-eabi\include\c++\10.3.1\bits\stl_heap.h:223:5:constexpr void std::__adjust_heap(_RandomAccessIterator, _Distance, _Distance, _Tp, _Compare) [with _RandomAccessIterator = unsigned char*; _Distance = int; _Tp = unsigned char; _Compare = __gnu_cxx::__ops::_Iter_comp_iter<std::ranges::__detail::__make_comp_proj<std::ranges::less, std::identity>::<lambda(auto:13&&, auto:14&&)> >]	20	static
c:\st\stm32cubeide_1.9.0\stm32cubeide\plugins\com.st.stm32cube.ide.mcu.externaltools.gnu-tools-for-stm32.10.3-2021.10.win32_1.0.0.202111181127\tools\arm-none-eabi\include\c++\10.3.1\bits\stl_algo.h:1950:5:constexpr void std::__introsort_loop(_RandomAccessIterator, _RandomAccessIterator, _Size, _Compare) [with _RandomAccessIterator = unsigned char*; _Size = int; _Compare = __gnu_cxx::__ops::_Iter_comp_iter<std::ranges::__detail::__make_comp_proj<std::ranges::less, std::identity>::<lambda(auto:13&&, auto:14&&)> >]	56	static
c:\st\stm32cubeide_1.9.0\stm32cubeide\plugins\com.st.stm32cube.ide.mcu.externaltools.gnu-tools-for-stm32.10.3-2021.10.win32_1.0.0.202111181127\tools\arm-none-eabi\include\c++\10.3.1\bits\stl_algo.h:1974:5:constexpr void std::__sort(_RandomAccessIterator, _RandomAccessIterator, _Compare) [with _RandomAccessIterator = unsigned char*; _Compare = __gnu_cxx::__ops::_Iter_comp_iter<std::ranges::__detail::__make_comp_proj<std::ranges::less, std::identity>::<lambda(auto:13&&, auto:14&&)> >]	48	static
c:\st\stm32cubeide_1.9.0\stm32cubeide\plugins\com.st.stm32cube.ide.mcu.externaltools.gnu-tools-for-stm32.10.3-2021.10.win32_1.0.0.202111181127\tools\arm-none-eabi\include\c++\10.3.1\bits\stl_heap.h:223:5:constexpr void std::__adjust_heap(_RandomAccessIterator, _Distance, _Distance, _Tp, _Compare) [with _RandomAccessIterator = unsigned char*; _Distance = int; _Tp = unsigned char; _Compare = __gnu_cxx::__ops::_Iter_comp_iter<std::ranges::__detail::__make_comp_proj<std::ranges::less, CRSLib::Can::RM0008::FilterManager::Implement::FilterManagerImp::set_filter_match_index<{CRSLib::Can::FilterWidth::bit32, CRSLib::Can::FilterWidth::bit32, CRSLib::Can::FilterWidth::bit32, CRSLib::Can::FilterWidth::bit32, CRSLib::Can::FilterWidth::bit32, CRSLib::Can::FilterWidth::bit32, CRSLib::Can::FilterWidth::bit32, CRSLib::Can::FilterWidth::bit32, CRSLib::Can::FilterWidth::bit32, CRSLib::Can::FilterWidth::bit32, CRSLib::Can::FilterWidth::bit32, CRSLib::Can::FilterWidth::bit32, CRSLib::Can::FilterWidth::bit32, CRSLib::Can::FilterWidth::bit32}, {CRSLib::Can::FilterMode::list, CRSLib::Can::FilterMode::list, CRSLib::Can::FilterMode::list, CRSLib::Can::FilterMode::list, CRSLib::Can::FilterMode::list, CRSLib::Can::FilterMode::list, CRSLib::Can::FilterMode::list, CRSLib::Can::FilterMode::list, CRSLib::Can::FilterMode::list, CRSLib::Can::FilterMode::list, CRSLib::Can::FilterMode::list, CRSLib::Can::FilterMode::list, CRSLib::Can::FilterMode::list, CRSLib::Can::FilterMode::list}>::<lambda(auto:24)> >::<lambda(auto:13&&, auto:14&&)> >]	20	static
c:\st\stm32cubeide_1.9.0\stm32cubeide\plugins\com.st.stm32cube.ide.mcu.externaltools.gnu-tools-for-stm32.10.3-2021.10.win32_1.0.0.202111181127\tools\arm-none-eabi\include\c++\10.3.1\bits\stl_algo.h:1950:5:constexpr void std::__introsort_loop(_RandomAccessIterator, _RandomAccessIterator, _Size, _Compare) [with _RandomAccessIterator = unsigned char*; _Size = int; _Compare = __gnu_cxx::__ops::_Iter_comp_iter<std::ranges::__detail::__make_comp_proj<std::ranges::less, CRSLib::Can::RM0008::FilterManager::Implement::FilterManagerImp::set_filter_match_index<{CRSLib::Can::FilterWidth::bit32, CRSLib::Can::FilterWidth::bit32, CRSLib::Can::FilterWidth::bit32, CRSLib::Can::FilterWidth::bit32, CRSLib::Can::FilterWidth::bit32, CRSLib::Can::FilterWidth::bit32, CRSLib::Can::FilterWidth::bit32, CRSLib::Can::FilterWidth::bit32, CRSLib::Can::FilterWidth::bit32, CRSLib::Can::FilterWidth::bit32, CRSLib::Can::FilterWidth::bit32, CRSLib::Can::FilterWidth::bit32, CRSLib::Can::FilterWidth::bit32, CRSLib::Can::FilterWidth::bit32}, {CRSLib::Can::FilterMode::list, CRSLib::Can::FilterMode::list, CRSLib::Can::FilterMode::list, CRSLib::Can::FilterMode::list, CRSLib::Can::FilterMode::list, CRSLib::Can::FilterMode::list, CRSLib::Can::FilterMode::list, CRSLib::Can::FilterMode::list, CRSLib::Can::FilterMode::list, CRSLib::Can::FilterMode::list, CRSLib::Can::FilterMode::list, CRSLib::Can::FilterMode::list, CRSLib::Can::FilterMode::list, CRSLib::Can::FilterMode::list}>::<lambda(auto:24)> >::<lambda(auto:13&&, auto:14&&)> >]	56	static
../Core/Inc/CRSLib/Can/RM0008/include/filter_manager.hpp:45:8:filter_modes = {CRSLib::Can::FilterMode::list, CRSLib::Can::FilterMode::list, CRSLib::Can::FilterMode::list, CRSLib::Can::FilterMode::list, CRSLib::Can::FilterMode::list, CRSLib::Can::FilterMode::list, CRSLib::Can::FilterMode::list, CRSLib::Can::FilterMode::list, CRSLib::Can::FilterMode::list, CRSLib::Can::FilterMode::list, CRSLib::Can::FilterMode::list, CRSLib::Can::FilterMode::list, CRSLib::Can::FilterMode::list, CRSLib::Can::FilterMode::list}]	136	static
../Core/Inc/CRSLib/Can/RM0008/include/filter_manager.hpp:132:7:filter_modes = {CRSLib::Can::FilterMode::list, CRSLib::Can::FilterMode::list, CRSLib::Can::FilterMode::list, CRSLib::Can::FilterMode::list, CRSLib::Can::FilterMode::list, CRSLib::Can::FilterMode::list, CRSLib::Can::FilterMode::list, CRSLib::Can::FilterMode::list, CRSLib::Can::FilterMode::list, CRSLib::Can::FilterMode::list, CRSLib::Can::FilterMode::list, CRSLib::Can::FilterMode::list, CRSLib::Can::FilterMode::list, CRSLib::Can::FilterMode::list}]	104	static
c:\st\stm32cubeide_1.9.0\stm32cubeide\plugins\com.st.stm32cube.ide.mcu.externaltools.gnu-tools-for-stm32.10.3-2021.10.win32_1.0.0.202111181127\tools\arm-none-eabi\include\c++\10.3.1\bits\stl_heap.h:223:5:constexpr void std::__adjust_heap(_RandomAccessIterator, _Distance, _Distance, _Tp, _Compare) [with _RandomAccessIterator = unsigned char*; _Distance = int; _Tp = unsigned char; _Compare = __gnu_cxx::__ops::_Iter_comp_iter<std::ranges::__detail::__make_comp_proj<std::ranges::less, CRSLib::Can::RM0008::FilterManager::Implement::FilterManagerImp::set_filter_match_index<{CRSLib::Can::FilterWidth::bit32, CRSLib::Can::FilterWidth::bit32}, {CRSLib::Can::FilterMode::mask, CRSLib::Can::FilterMode::mask}>::<lambda(auto:24)> >::<lambda(auto:13&&, auto:14&&)> >]	20	static
c:\st\stm32cubeide_1.9.0\stm32cubeide\plugins\com.st.stm32cube.ide.mcu.externaltools.gnu-tools-for-stm32.10.3-2021.10.win32_1.0.0.202111181127\tools\arm-none-eabi\include\c++\10.3.1\bits\stl_algo.h:1950:5:constexpr void std::__introsort_loop(_RandomAccessIterator, _RandomAccessIterator, _Size, _Compare) [with _RandomAccessIterator = unsigned char*; _Size = int; _Compare = __gnu_cxx::__ops::_Iter_comp_iter<std::ranges::__detail::__make_comp_proj<std::ranges::less, CRSLib::Can::RM0008::FilterManager::Implement::FilterManagerImp::set_filter_match_index<{CRSLib::Can::FilterWidth::bit32, CRSLib::Can::FilterWidth::bit32}, {CRSLib::Can::FilterMode::mask, CRSLib::Can::FilterMode::mask}>::<lambda(auto:24)> >::<lambda(auto:13&&, auto:14&&)> >]	56	static
../Core/Inc/CRSLib/Can/RM0008/include/filter_manager.hpp:45:8:filter_modes = {CRSLib::Can::FilterMode::mask, CRSLib::Can::FilterMode::mask}]	72	static
../Core/Inc/CRSLib/Can/RM0008/include/filter_manager.hpp:132:7:filter_modes = {CRSLib::Can::FilterMode::mask, CRSLib::Can::FilterMode::mask}]	24	static
../Core/Src/wrapper.cpp:53:6:void wrapper_cpp()	432	static
