../Core/Inc/CRSLib/include/circular_queue.hpp:49:18:constexpr void CRSLib::SafeCircularQueue<Elem, n>::push(const Elem&) [with Elem = CRSLib::Can::RM0008::TxFrame; unsigned int n = 10]	12	static
../Core/Inc/CRSLib/include/circular_queue.hpp:49:18:constexpr void CRSLib::SafeCircularQueue<Elem, n>::push(const Elem&) [with Elem = CRSLib::Can::RM0008::RxFrame; unsigned int n = 20]	20	static
../Core/Inc/CRSLib/include/circular_queue.hpp:39:20:constexpr CRSLib::IntegerTypes::size_t CRSLib::SafeCircularQueue<Elem, n>::size() const [with Elem = CRSLib::Can::RM0008::RxFrame; unsigned int n = 20]	0	static
../Core/Inc/CRSLib/include/circular_queue.hpp:85:18:constexpr void CRSLib::SafeCircularQueue<Elem, n>::clear() [with Elem = CRSLib::Can::RM0008::RxFrame; unsigned int n = 20]	0	static
../Core/Inc/CRSLib/include/circular_queue.hpp:39:20:constexpr CRSLib::IntegerTypes::size_t CRSLib::SafeCircularQueue<Elem, n>::size() const [with Elem = CRSLib::Can::RM0008::TxFrame; unsigned int n = 10]	0	static
../Core/Inc/CRSLib/include/circular_queue.hpp:85:18:constexpr void CRSLib::SafeCircularQueue<Elem, n>::clear() [with Elem = CRSLib::Can::RM0008::TxFrame; unsigned int n = 10]	0	static
../Core/Inc/CRSLib/include/circular_queue.hpp:65:33:constexpr std::optional<_Tp> CRSLib::SafeCircularQueue<Elem, n>::pop() [with Elem = CRSLib::Can::RM0008::RxFrame; unsigned int n = 20]	48	static
../Core/Inc/CRSLib/include/circular_queue.hpp:65:33:constexpr std::optional<_Tp> CRSLib::SafeCircularQueue<Elem, n>::pop() [with Elem = CRSLib::Can::RM0008::TxFrame; unsigned int n = 10]	40	static
../Core/Inc/CRSLib/include/interrupt_safe_circular_queue.hpp:71:8:void CRSLib::InterruptSafeCircularQueue<Elem, n>::clear() [with Elem = CRSLib::Executable<void() noexcept>*; unsigned int n = 100]	8	static
../Core/Inc/CRSLib/include/interrupt_safe_circular_queue.hpp:30:8:void CRSLib::InterruptSafeCircularQueue<Elem, n>::push(const Elem&) [with Elem = CRSLib::Executable<void() noexcept>*; unsigned int n = 100]	16	static
../Core/Inc/CRSLib/include/interrupt_safe_circular_queue.hpp:48:23:std::optional<_Tp> CRSLib::InterruptSafeCircularQueue<Elem, n>::pop() [with Elem = CRSLib::Executable<void() noexcept>*; unsigned int n = 100]	16	static
c:\st\stm32cubeide_1.9.0\stm32cubeide\plugins\com.st.stm32cube.ide.mcu.externaltools.gnu-tools-for-stm32.10.3-2021.10.win32_1.0.0.202111181127\tools\arm-none-eabi\include\c++\10.3.1\bits\stl_algobase.h:833:5:constexpr _BI2 std::move_backward(_BI1, _BI1, _BI2) [with _BI1 = unsigned char*; _BI2 = unsigned char*]	0	static
../Core/Inc/CRSLib/Can/RM0008/include/filter_manager.hpp:39:16:constexpr CRSLib::IntegerTypes::u8 CRSLib::Can::RM0008::FilterManager::Implement::FilterManagerImp::convert_to_priority(CRSLib::IntegerTypes::u8, CRSLib::IntegerTypes::u8, const CRSLib::Can::RM0008::FilterManager::ConfigFilterArg<filter_width, filter_mode>&) [with CRSLib::Can::FilterWidth filter_width = CRSLib::Can::FilterWidth::bit32; CRSLib::Can::FilterMode filter_mode = CRSLib::Can::FilterMode::list]	0	static
../Core/Inc/CRSLib/Can/CommonAmongMpu/include/tx_unit.hpp:40:8:void CRSLib::Can::Implement::TxUnit<OffsetIdsEnum_>::transmit(CRSLib::Can::RM0008::Pillarbox&) [with OffsetIdsEnum_ = Chibarobo2022::SampleTx]	64	static
../Core/Inc/CRSLib/Can/CommonAmongMpu/include/receiver.hpp:34:8:void CRSLib::Can::Receiver<OffsetIdsEnums>::receive(CRSLib::Can::RM0008::Letterbox&, CRSLib::Executor<void() noexcept, queue_size>&) [with unsigned int queue_size = 100; OffsetIdsEnums = {Chibarobo2022::SampleRx}]	72	static
c:\st\stm32cubeide_1.9.0\stm32cubeide\plugins\com.st.stm32cube.ide.mcu.externaltools.gnu-tools-for-stm32.10.3-2021.10.win32_1.0.0.202111181127\tools\arm-none-eabi\include\c++\10.3.1\bits\stl_algo.h:1844:5:constexpr void std::__insertion_sort(_RandomAccessIterator, _RandomAccessIterator, _Compare) [with _RandomAccessIterator = unsigned char*; _Compare = __gnu_cxx::__ops::_Iter_comp_iter<std::ranges::__detail::__make_comp_proj<std::ranges::less, std::identity>::<lambda(auto:13&&, auto:14&&)> >]	32	static
c:\st\stm32cubeide_1.9.0\stm32cubeide\plugins\com.st.stm32cube.ide.mcu.externaltools.gnu-tools-for-stm32.10.3-2021.10.win32_1.0.0.202111181127\tools\arm-none-eabi\include\c++\10.3.1\bits\stl_algo.h:1844:5:constexpr void std::__insertion_sort(_RandomAccessIterator, _RandomAccessIterator, _Compare) [with _RandomAccessIterator = unsigned char*; _Compare = __gnu_cxx::__ops::_Iter_comp_iter<std::ranges::__detail::__make_comp_proj<std::ranges::less, CRSLib::Can::RM0008::FilterManager::Implement::FilterManagerImp::set_filter_match_index<{CRSLib::Can::FilterWidth::bit32, CRSLib::Can::FilterWidth::bit32, CRSLib::Can::FilterWidth::bit32, CRSLib::Can::FilterWidth::bit32, CRSLib::Can::FilterWidth::bit32, CRSLib::Can::FilterWidth::bit32, CRSLib::Can::FilterWidth::bit32, CRSLib::Can::FilterWidth::bit32, CRSLib::Can::FilterWidth::bit32, CRSLib::Can::FilterWidth::bit32, CRSLib::Can::FilterWidth::bit32, CRSLib::Can::FilterWidth::bit32, CRSLib::Can::FilterWidth::bit32, CRSLib::Can::FilterWidth::bit32}, {CRSLib::Can::FilterMode::list, CRSLib::Can::FilterMode::list, CRSLib::Can::FilterMode::list, CRSLib::Can::FilterMode::list, CRSLib::Can::FilterMode::list, CRSLib::Can::FilterMode::list, CRSLib::Can::FilterMode::list, CRSLib::Can::FilterMode::list, CRSLib::Can::FilterMode::list, CRSLib::Can::FilterMode::list, CRSLib::Can::FilterMode::list, CRSLib::Can::FilterMode::list, CRSLib::Can::FilterMode::list, CRSLib::Can::FilterMode::list}>::<lambda(auto:24)> >::<lambda(auto:13&&, auto:14&&)> >]	32	static
c:\st\stm32cubeide_1.9.0\stm32cubeide\plugins\com.st.stm32cube.ide.mcu.externaltools.gnu-tools-for-stm32.10.3-2021.10.win32_1.0.0.202111181127\tools\arm-none-eabi\include\c++\10.3.1\bits\stl_algo.h:1844:5:constexpr void std::__insertion_sort(_RandomAccessIterator, _RandomAccessIterator, _Compare) [with _RandomAccessIterator = CRSLib::Can::Implement::TxUnitBase**; _Compare = __gnu_cxx::__ops::_Iter_comp_iter<std::ranges::__detail::__make_comp_proj<std::ranges::less, CRSLib::Can::Transmitter<OffsetIdsEnums>::sort_tx_unit<{Chibarobo2022::SampleTx}>::<lambda(const CRSLib::Can::Implement::TxUnitBase*)> >::<lambda(auto:13&&, auto:14&&)> >]	32	static
c:\st\stm32cubeide_1.9.0\stm32cubeide\plugins\com.st.stm32cube.ide.mcu.externaltools.gnu-tools-for-stm32.10.3-2021.10.win32_1.0.0.202111181127\tools\arm-none-eabi\include\c++\10.3.1\bits\stl_algo.h:1844:5:constexpr void std::__insertion_sort(_RandomAccessIterator, _RandomAccessIterator, _Compare) [with _RandomAccessIterator = unsigned char*; _Compare = __gnu_cxx::__ops::_Iter_comp_iter<std::ranges::__detail::__make_comp_proj<std::ranges::less, CRSLib::Can::RM0008::FilterManager::Implement::FilterManagerImp::set_filter_match_index<{CRSLib::Can::FilterWidth::bit32}, {CRSLib::Can::FilterMode::mask}>::<lambda(auto:24)> >::<lambda(auto:13&&, auto:14&&)> >]	32	static
c:\st\stm32cubeide_1.9.0\stm32cubeide\plugins\com.st.stm32cube.ide.mcu.externaltools.gnu-tools-for-stm32.10.3-2021.10.win32_1.0.0.202111181127\tools\arm-none-eabi\include\c++\10.3.1\bits\stl_heap.h:223:5:constexpr void std::__adjust_heap(_RandomAccessIterator, _Distance, _Distance, _Tp, _Compare) [with _RandomAccessIterator = unsigned char*; _Distance = int; _Tp = unsigned char; _Compare = __gnu_cxx::__ops::_Iter_comp_iter<std::ranges::__detail::__make_comp_proj<std::ranges::less, std::identity>::<lambda(auto:13&&, auto:14&&)> >]	20	static
c:\st\stm32cubeide_1.9.0\stm32cubeide\plugins\com.st.stm32cube.ide.mcu.externaltools.gnu-tools-for-stm32.10.3-2021.10.win32_1.0.0.202111181127\tools\arm-none-eabi\include\c++\10.3.1\bits\stl_algo.h:1950:5:constexpr void std::__introsort_loop(_RandomAccessIterator, _RandomAccessIterator, _Size, _Compare) [with _RandomAccessIterator = unsigned char*; _Size = int; _Compare = __gnu_cxx::__ops::_Iter_comp_iter<std::ranges::__detail::__make_comp_proj<std::ranges::less, std::identity>::<lambda(auto:13&&, auto:14&&)> >]	56	static
c:\st\stm32cubeide_1.9.0\stm32cubeide\plugins\com.st.stm32cube.ide.mcu.externaltools.gnu-tools-for-stm32.10.3-2021.10.win32_1.0.0.202111181127\tools\arm-none-eabi\include\c++\10.3.1\bits\stl_algo.h:1974:5:constexpr void std::__sort(_RandomAccessIterator, _RandomAccessIterator, _Compare) [with _RandomAccessIterator = unsigned char*; _Compare = __gnu_cxx::__ops::_Iter_comp_iter<std::ranges::__detail::__make_comp_proj<std::ranges::less, std::identity>::<lambda(auto:13&&, auto:14&&)> >]	48	static
c:\st\stm32cubeide_1.9.0\stm32cubeide\plugins\com.st.stm32cube.ide.mcu.externaltools.gnu-tools-for-stm32.10.3-2021.10.win32_1.0.0.202111181127\tools\arm-none-eabi\include\c++\10.3.1\bits\stl_heap.h:223:5:constexpr void std::__adjust_heap(_RandomAccessIterator, _Distance, _Distance, _Tp, _Compare) [with _RandomAccessIterator = unsigned char*; _Distance = int; _Tp = unsigned char; _Compare = __gnu_cxx::__ops::_Iter_comp_iter<std::ranges::__detail::__make_comp_proj<std::ranges::less, CRSLib::Can::RM0008::FilterManager::Implement::FilterManagerImp::set_filter_match_index<{CRSLib::Can::FilterWidth::bit32, CRSLib::Can::FilterWidth::bit32, CRSLib::Can::FilterWidth::bit32, CRSLib::Can::FilterWidth::bit32, CRSLib::Can::FilterWidth::bit32, CRSLib::Can::FilterWidth::bit32, CRSLib::Can::FilterWidth::bit32, CRSLib::Can::FilterWidth::bit32, CRSLib::Can::FilterWidth::bit32, CRSLib::Can::FilterWidth::bit32, CRSLib::Can::FilterWidth::bit32, CRSLib::Can::FilterWidth::bit32, CRSLib::Can::FilterWidth::bit32, CRSLib::Can::FilterWidth::bit32}, {CRSLib::Can::FilterMode::list, CRSLib::Can::FilterMode::list, CRSLib::Can::FilterMode::list, CRSLib::Can::FilterMode::list, CRSLib::Can::FilterMode::list, CRSLib::Can::FilterMode::list, CRSLib::Can::FilterMode::list, CRSLib::Can::FilterMode::list, CRSLib::Can::FilterMode::list, CRSLib::Can::FilterMode::list, CRSLib::Can::FilterMode::list, CRSLib::Can::FilterMode::list, CRSLib::Can::FilterMode::list, CRSLib::Can::FilterMode::list}>::<lambda(auto:24)> >::<lambda(auto:13&&, auto:14&&)> >]	20	static
c:\st\stm32cubeide_1.9.0\stm32cubeide\plugins\com.st.stm32cube.ide.mcu.externaltools.gnu-tools-for-stm32.10.3-2021.10.win32_1.0.0.202111181127\tools\arm-none-eabi\include\c++\10.3.1\bits\stl_algo.h:1950:5:constexpr void std::__introsort_loop(_RandomAccessIterator, _RandomAccessIterator, _Size, _Compare) [with _RandomAccessIterator = unsigned char*; _Size = int; _Compare = __gnu_cxx::__ops::_Iter_comp_iter<std::ranges::__detail::__make_comp_proj<std::ranges::less, CRSLib::Can::RM0008::FilterManager::Implement::FilterManagerImp::set_filter_match_index<{CRSLib::Can::FilterWidth::bit32, CRSLib::Can::FilterWidth::bit32, CRSLib::Can::FilterWidth::bit32, CRSLib::Can::FilterWidth::bit32, CRSLib::Can::FilterWidth::bit32, CRSLib::Can::FilterWidth::bit32, CRSLib::Can::FilterWidth::bit32, CRSLib::Can::FilterWidth::bit32, CRSLib::Can::FilterWidth::bit32, CRSLib::Can::FilterWidth::bit32, CRSLib::Can::FilterWidth::bit32, CRSLib::Can::FilterWidth::bit32, CRSLib::Can::FilterWidth::bit32, CRSLib::Can::FilterWidth::bit32}, {CRSLib::Can::FilterMode::list, CRSLib::Can::FilterMode::list, CRSLib::Can::FilterMode::list, CRSLib::Can::FilterMode::list, CRSLib::Can::FilterMode::list, CRSLib::Can::FilterMode::list, CRSLib::Can::FilterMode::list, CRSLib::Can::FilterMode::list, CRSLib::Can::FilterMode::list, CRSLib::Can::FilterMode::list, CRSLib::Can::FilterMode::list, CRSLib::Can::FilterMode::list, CRSLib::Can::FilterMode::list, CRSLib::Can::FilterMode::list}>::<lambda(auto:24)> >::<lambda(auto:13&&, auto:14&&)> >]	56	static
../Core/Inc/CRSLib/Can/RM0008/include/filter_manager.hpp:45:8:filter_modes = {CRSLib::Can::FilterMode::list, CRSLib::Can::FilterMode::list, CRSLib::Can::FilterMode::list, CRSLib::Can::FilterMode::list, CRSLib::Can::FilterMode::list, CRSLib::Can::FilterMode::list, CRSLib::Can::FilterMode::list, CRSLib::Can::FilterMode::list, CRSLib::Can::FilterMode::list, CRSLib::Can::FilterMode::list, CRSLib::Can::FilterMode::list, CRSLib::Can::FilterMode::list, CRSLib::Can::FilterMode::list, CRSLib::Can::FilterMode::list}]	136	static
../Core/Inc/CRSLib/Can/RM0008/include/filter_manager.hpp:132:7:filter_modes = {CRSLib::Can::FilterMode::list, CRSLib::Can::FilterMode::list, CRSLib::Can::FilterMode::list, CRSLib::Can::FilterMode::list, CRSLib::Can::FilterMode::list, CRSLib::Can::FilterMode::list, CRSLib::Can::FilterMode::list, CRSLib::Can::FilterMode::list, CRSLib::Can::FilterMode::list, CRSLib::Can::FilterMode::list, CRSLib::Can::FilterMode::list, CRSLib::Can::FilterMode::list, CRSLib::Can::FilterMode::list, CRSLib::Can::FilterMode::list}]	104	static
c:\st\stm32cubeide_1.9.0\stm32cubeide\plugins\com.st.stm32cube.ide.mcu.externaltools.gnu-tools-for-stm32.10.3-2021.10.win32_1.0.0.202111181127\tools\arm-none-eabi\include\c++\10.3.1\bits\stl_heap.h:223:5:constexpr void std::__adjust_heap(_RandomAccessIterator, _Distance, _Distance, _Tp, _Compare) [with _RandomAccessIterator = CRSLib::Can::Implement::TxUnitBase**; _Distance = int; _Tp = CRSLib::Can::Implement::TxUnitBase*; _Compare = __gnu_cxx::__ops::_Iter_comp_iter<std::ranges::__detail::__make_comp_proj<std::ranges::less, CRSLib::Can::Transmitter<OffsetIdsEnums>::sort_tx_unit<{Chibarobo2022::SampleTx}>::<lambda(const CRSLib::Can::Implement::TxUnitBase*)> >::<lambda(auto:13&&, auto:14&&)> >]	20	static
c:\st\stm32cubeide_1.9.0\stm32cubeide\plugins\com.st.stm32cube.ide.mcu.externaltools.gnu-tools-for-stm32.10.3-2021.10.win32_1.0.0.202111181127\tools\arm-none-eabi\include\c++\10.3.1\bits\stl_algo.h:1950:5:constexpr void std::__introsort_loop(_RandomAccessIterator, _RandomAccessIterator, _Size, _Compare) [with _RandomAccessIterator = CRSLib::Can::Implement::TxUnitBase**; _Size = int; _Compare = __gnu_cxx::__ops::_Iter_comp_iter<std::ranges::__detail::__make_comp_proj<std::ranges::less, CRSLib::Can::Transmitter<OffsetIdsEnums>::sort_tx_unit<{Chibarobo2022::SampleTx}>::<lambda(const CRSLib::Can::Implement::TxUnitBase*)> >::<lambda(auto:13&&, auto:14&&)> >]	56	static
../Core/Inc/CRSLib/Can/CommonAmongMpu/include/transmitter.hpp:36:3:) [with auto:26 = {long unsigned int}; OffsetIdsEnums = {Chibarobo2022::SampleTx}]	64	static
c:\st\stm32cubeide_1.9.0\stm32cubeide\plugins\com.st.stm32cube.ide.mcu.externaltools.gnu-tools-for-stm32.10.3-2021.10.win32_1.0.0.202111181127\tools\arm-none-eabi\include\c++\10.3.1\bits\stl_heap.h:223:5:constexpr void std::__adjust_heap(_RandomAccessIterator, _Distance, _Distance, _Tp, _Compare) [with _RandomAccessIterator = unsigned char*; _Distance = int; _Tp = unsigned char; _Compare = __gnu_cxx::__ops::_Iter_comp_iter<std::ranges::__detail::__make_comp_proj<std::ranges::less, CRSLib::Can::RM0008::FilterManager::Implement::FilterManagerImp::set_filter_match_index<{CRSLib::Can::FilterWidth::bit32}, {CRSLib::Can::FilterMode::mask}>::<lambda(auto:24)> >::<lambda(auto:13&&, auto:14&&)> >]	20	static
c:\st\stm32cubeide_1.9.0\stm32cubeide\plugins\com.st.stm32cube.ide.mcu.externaltools.gnu-tools-for-stm32.10.3-2021.10.win32_1.0.0.202111181127\tools\arm-none-eabi\include\c++\10.3.1\bits\stl_algo.h:1950:5:constexpr void std::__introsort_loop(_RandomAccessIterator, _RandomAccessIterator, _Size, _Compare) [with _RandomAccessIterator = unsigned char*; _Size = int; _Compare = __gnu_cxx::__ops::_Iter_comp_iter<std::ranges::__detail::__make_comp_proj<std::ranges::less, CRSLib::Can::RM0008::FilterManager::Implement::FilterManagerImp::set_filter_match_index<{CRSLib::Can::FilterWidth::bit32}, {CRSLib::Can::FilterMode::mask}>::<lambda(auto:24)> >::<lambda(auto:13&&, auto:14&&)> >]	56	static
../Core/Inc/CRSLib/Can/RM0008/include/filter_manager.hpp:45:8:filter_modes = {CRSLib::Can::FilterMode::mask}]	72	static
../Core/Inc/CRSLib/Can/RM0008/include/filter_manager.hpp:132:7:filter_modes = {CRSLib::Can::FilterMode::mask}]	24	static
../Core/Inc/CRSLib/Can/Sample/src/sample.cpp:22:7:void sample_run(CAN_HandleTypeDef*)	104	static
../Core/Inc/CRSLib/Can/Sample/src/sample.cpp:55:1:cpp)	8	static
